<html>
<body>
<pre>
<h1>�Vision Build Log</h1>
<h2>Tool Versions:</h2>
IDE-Version: ��Vision V5.35.0.0
Copyright (C) 2021 ARM Ltd and ARM Germany GmbH. All rights reserved.
License Information: yk w, wyk, LIC=BUURY-I92PI-63DMB-2814R-VTY5V-6P31N
 
Tool Versions:
Toolchain:       MDK-ARM Plus  Version: 5.35.0.2
Toolchain Path:  D:\keil_v5\ARM\ARMCLANG\Bin
C Compiler:      ArmClang.exe V6.16
Assembler:       Armasm.exe V6.16
Linker/Locator:  ArmLink.exe V6.16
Library Manager: ArmAr.exe V6.16
Hex Converter:   FromElf.exe V6.16
CPU DLL:         
Dialog DLL:      
Target DLL:      UL2V8M.DLL V1.7.0.0
Dialog DLL:      TCM.DLL V1.53.0.0
 
<h2>Project:</h2>
C:\Users\Administrator\Desktop\33\code\pro\code.uvprojx
Project File Date:  07/03/2025

<h2>Output:</h2>
*** Using Compiler 'V6.16', folder: 'D:\keil_v5\ARM\ARMCLANG\Bin'
Rebuild target 'Target 1'
assembling startup_gd32e23x.s...
compiling app_mainctl.c...
compiling key_touch_process.c...
compiling app.c...
../app/gd32e23x_it.c(60): warning: function 'HardFault_Handler' could be declared with attribute 'noreturn' [-Wmissing-noreturn]
{
^
1 warning generated.
compiling gd32e23x_it.c...
../app/app_meter.c(10): warning: unused variable 'recv_buf_temp' [-Wunused-variable]
static INT8U recv_buf_temp[OLED_RX_MAX_LEN] = {0,};
             ^
1 warning generated.
compiling app_meter.c...
../app/user_cfg.c(1): warning: In file included from...
../app/user_cfg.h(5): warning: In file included from...
../lib/CMSIS/GD/GD32E23x/Include\gd32e23x.h(210): warning: In file included from...
../pro\gd32e23x_libopt.h(52): warning: In file included from...
../lib/GD32E23x_standard_peripheral/Include\gd32e23x_timer.h(252): warning: padding size of 'timer_parameter_struct' with 3 bytes to alignment boundary [-Wpadded]
typedef struct
        ^
1 warning generated.
compiling user_cfg.c...
compiling main.c...
../app/app_common.c(29): warning: implicit conversion loses integer precision: 'unsigned int' to 'INT16U' (aka 'unsigned short') [-Wimplicit-int-conversion]
                return Result/2;
                ~~~~~~ ~~~~~~^~
1 warning generated.
compiling app_common.c...
../app/app_realcheck.c(229): warning: cast from function call of type 'INT8U' (aka 'unsigned char') to non-matching type 'FP32' (aka 'float') [-Wbad-function-cast]
        if(FLOAT_GREATER((FP32)get_oled_keypad_curr_flashdata(), 20.0f))        //桩最大电流大于20A
                               ^~~~~~~~~~~~~~~~~~~~~~~~~~~~~~~~
../app\Includes.h(31): note: expanded from macro 'FLOAT_GREATER'
#define FLOAT_GREATER(a, b) (((a) - (b)) > EPSILON)
                               ^
../app/app_realcheck.c(238): warning: cast from function call of type 'INT8U' (aka 'unsigned char') to non-matching type 'FP32' (aka 'float') [-Wbad-function-cast]
                if(FLOAT_GREATER(ptr_ac_charge_info->curr, ((FP32)get_oled_keypad_curr_flashdata())*((FP32)1.1)))
                                                                  ^~~~~~~~~~~~~~~~~~~~~~~~~~~~~~~~
../app\Includes.h(31): note: expanded from macro 'FLOAT_GREATER'
#define FLOAT_GREATER(a, b) (((a) - (b)) > EPSILON)
                                     ^
../app/app_realcheck.c(272): warning: cast from function call of type 'INT8U' (aka 'unsigned char') to non-matching type 'FP32' (aka 'float') [-Wbad-function-cast]
                if(FLOAT_GREATER(ptr_ac_charge_info->curr, ((FP32)get_oled_keypad_curr_flashdata()+2.0f)))
                                                                  ^~~~~~~~~~~~~~~~~~~~~~~~~~~~~~~~
../app\Includes.h(31): note: expanded from macro 'FLOAT_GREATER'
#define FLOAT_GREATER(a, b) (((a) - (b)) > EPSILON)
                                     ^
../app/app_realcheck.c(365): warning: implicit declaration of function 'get_flashdata_earthing' is invalid in C99 [-Wimplicit-function-declaration]
            earthing = get_flashdata_earthing();
                       ^
../app/app_realcheck.c(365): warning: implicit conversion changes signedness: 'int' to 'INT32U' (aka 'unsigned int') [-Wsign-conversion]
            earthing = get_flashdata_earthing();
                     ~ ^~~~~~~~~~~~~~~~~~~~~~~~
../app/app_realcheck.c(404): warning: implicit conversion increases floating-point precision: 'float' to 'double' [-Wdouble-promotion]
        if(FLOAT_GREATER_EQUAL(app_get_input_io_simulation_value(INPUT_IO_SIM_TEMP), (FP32)ptr_ac_charge_system_para->env_temper_over))
           ^~~~~~~~~~~~~~~~~~~~~~~~~~~~~~~~~~~~~~~~~~~~~~~~~~~~~~~~~~~~~~~~~~~~~~~~~~~~~~~~~~~~~~~~~~~~~~~~~~~~~~~~~~~~~~~~~~~~~~~~~~~
../app\Includes.h(33): note: expanded from macro 'FLOAT_GREATER_EQUAL'
#define FLOAT_GREATER_EQUAL(a, b) (FLOAT_GREATER(a, b) || FLOAT_EQUAL(a, b))
                                                          ^~~~~~~~~~~~~~~~~
../app\Includes.h(30): note: expanded from macro 'FLOAT_EQUAL'
#define FLOAT_EQUAL(a, b) (fabs((a) - (b)) < EPSILON)
                           ~~~~ ~~~~^~~~~
../app/app_realcheck.c(404): warning: implicit conversion increases floating-point precision: 'float' to 'double' [-Wdouble-promotion]
        if(FLOAT_GREATER_EQUAL(app_get_input_io_simulation_value(INPUT_IO_SIM_TEMP), (FP32)ptr_ac_charge_system_para->env_temper_over))
           ^~~~~~~~~~~~~~~~~~~~~~~~~~~~~~~~~~~~~~~~~~~~~~~~~~~~~~~~~~~~~~~~~~~~~~~~~~~~~~~~~~~~~~~~~~~~~~~~~~~~~~~~~~~~~~~~~~~~~~~~~~~
../app\Includes.h(33): note: expanded from macro 'FLOAT_GREATER_EQUAL'
#define FLOAT_GREATER_EQUAL(a, b) (FLOAT_GREATER(a, b) || FLOAT_EQUAL(a, b))
                                                          ^~~~~~~~~~~~~~~~~
../app\Includes.h(30): note: expanded from macro 'FLOAT_EQUAL'
#define FLOAT_EQUAL(a, b) (fabs((a) - (b)) < EPSILON)
                                           ~ ^~~~~~~
../app\Includes.h(29): note: expanded from macro 'EPSILON'
#define EPSILON         0.000001f
                        ^~~~~~~~~
../app/app_realcheck.c(408): warning: implicit conversion increases floating-point precision: 'float' to 'double' [-Wdouble-promotion]
        else if(FLOAT_LESS_EQUAL(app_get_input_io_simulation_value(INPUT_IO_SIM_TEMP), (FP32)(ptr_ac_charge_system_para->env_temper_over-10)))          //锟斤拷锟斤拷锟借定值10锟饺恢革拷
                ^~~~~~~~~~~~~~~~~~~~~~~~~~~~~~~~~~~~~~~~~~~~~~~~~~~~~~~~~~~~~~~~~~~~~~~~~~~~~~~~~~~~~~~~~~~~~~~~~~~~~~~~~~~~~~~~~~~~~~~~~~~~~
../app\Includes.h(34): note: expanded from macro 'FLOAT_LESS_EQUAL'
#define FLOAT_LESS_EQUAL(a, b) (FLOAT_LESS(a, b) || FLOAT_EQUAL(a, b))
                                                    ^~~~~~~~~~~~~~~~~
../app\Includes.h(30): note: expanded from macro 'FLOAT_EQUAL'
#define FLOAT_EQUAL(a, b) (fabs((a) - (b)) < EPSILON)
                           ~~~~ ~~~~^~~~~
../app/app_realcheck.c(408): warning: implicit conversion increases floating-point precision: 'float' to 'double' [-Wdouble-promotion]
        else if(FLOAT_LESS_EQUAL(app_get_input_io_simulation_value(INPUT_IO_SIM_TEMP), (FP32)(ptr_ac_charge_system_para->env_temper_over-10)))          //锟斤拷锟斤拷锟借定值10锟饺恢革拷
                ^~~~~~~~~~~~~~~~~~~~~~~~~~~~~~~~~~~~~~~~~~~~~~~~~~~~~~~~~~~~~~~~~~~~~~~~~~~~~~~~~~~~~~~~~~~~~~~~~~~~~~~~~~~~~~~~~~~~~~~~~~~~~
../app\Includes.h(34): note: expanded from macro 'FLOAT_LESS_EQUAL'
#define FLOAT_LESS_EQUAL(a, b) (FLOAT_LESS(a, b) || FLOAT_EQUAL(a, b))
                                                    ^~~~~~~~~~~~~~~~~
../app\Includes.h(30): note: expanded from macro 'FLOAT_EQUAL'
#define FLOAT_EQUAL(a, b) (fabs((a) - (b)) < EPSILON)
                                           ~ ^~~~~~~
../app\Includes.h(29): note: expanded from macro 'EPSILON'
#define EPSILON         0.000001f
                        ^~~~~~~~~
../app/app_realcheck.c(435): warning: implicit conversion increases floating-point precision: 'float' to 'double' [-Wdouble-promotion]
                if(FLOAT_LESS_EQUAL(ptr_ac_charge_info->curr, CHARGING_MIN_CURR_FAULT))         //鍏呯數涓?灏戜??.8A
                   ^~~~~~~~~~~~~~~~~~~~~~~~~~~~~~~~~~~~~~~~~~~~~~~~~~~~~~~~~~~~~~~~~~~
../app\Includes.h(34): note: expanded from macro 'FLOAT_LESS_EQUAL'
#define FLOAT_LESS_EQUAL(a, b) (FLOAT_LESS(a, b) || FLOAT_EQUAL(a, b))
                                                    ^~~~~~~~~~~~~~~~~
../app\Includes.h(30): note: expanded from macro 'FLOAT_EQUAL'
#define FLOAT_EQUAL(a, b) (fabs((a) - (b)) < EPSILON)
                           ~~~~ ~~~~^~~~~
../app/app_realcheck.c(435): warning: implicit conversion increases floating-point precision: 'float' to 'double' [-Wdouble-promotion]
                if(FLOAT_LESS_EQUAL(ptr_ac_charge_info->curr, CHARGING_MIN_CURR_FAULT))         //鍏呯數涓?灏戜??.8A
                   ^~~~~~~~~~~~~~~~~~~~~~~~~~~~~~~~~~~~~~~~~~~~~~~~~~~~~~~~~~~~~~~~~~~
../app\Includes.h(34): note: expanded from macro 'FLOAT_LESS_EQUAL'
#define FLOAT_LESS_EQUAL(a, b) (FLOAT_LESS(a, b) || FLOAT_EQUAL(a, b))
                                                    ^~~~~~~~~~~~~~~~~
../app\Includes.h(30): note: expanded from macro 'FLOAT_EQUAL'
#define FLOAT_EQUAL(a, b) (fabs((a) - (b)) < EPSILON)
                                           ~ ^~~~~~~
../app\Includes.h(29): note: expanded from macro 'EPSILON'
#define EPSILON         0.000001f
                        ^~~~~~~~~
../app/app_realcheck.c(537): warning: implicit declaration of function 'app_v9260s_get_meter_info' is invalid in C99 [-Wimplicit-function-declaration]
    ptr_meter_info = app_v9260s_get_meter_info();
                     ^
../app/app_realcheck.c(537): warning: incompatible integer to pointer conversion assigning to '_t_v9260s_info *' from 'int' [-Wint-conversion]
    ptr_meter_info = app_v9260s_get_meter_info();
                   ^ ~~~~~~~~~~~~~~~~~~~~~~~~~~~
../app/app_realcheck.c(8): warning: In file included from...
../bsp/customer\bsp_meter_v9260.h(49): warning: padding struct '_t_v9260s_info' with 3 bytes to align 'voltage' [-Wpadded]
        FP32 voltage;           //电压值
             ^
14 warnings generated.
compiling app_realcheck.c...
../app/app_chargectl.c(388): warning: implicit conversion increases floating-point precision: 'float' to 'double' [-Wdouble-promotion]
        if(FLOAT_GREATER_EQUAL(cp_vol, AC_CP_CNOK_VOL-AC_CP_VOL_DIFF)&&FLOAT_LESS_EQUAL(cp_vol, AC_CP_CNOK_VOL+AC_CP_VOL_DIFF)) //5.2V-6.8V
                                                                       ^~~~~~~~~~~~~~~~~~~~~~~~~~~~~~~~~~~~~~~~~~~~~~~~~~~~~~~
../app\Includes.h(34): note: expanded from macro 'FLOAT_LESS_EQUAL'
#define FLOAT_LESS_EQUAL(a, b) (FLOAT_LESS(a, b) || FLOAT_EQUAL(a, b))
                                                    ^~~~~~~~~~~~~~~~~
../app\Includes.h(30): note: expanded from macro 'FLOAT_EQUAL'
#define FLOAT_EQUAL(a, b) (fabs((a) - (b)) < EPSILON)
                           ~~~~ ~~~~^~~~~
../app/app_chargectl.c(388): warning: implicit conversion increases floating-point precision: 'float' to 'double' [-Wdouble-promotion]
        if(FLOAT_GREATER_EQUAL(cp_vol, AC_CP_CNOK_VOL-AC_CP_VOL_DIFF)&&FLOAT_LESS_EQUAL(cp_vol, AC_CP_CNOK_VOL+AC_CP_VOL_DIFF)) //5.2V-6.8V
                                                                       ^~~~~~~~~~~~~~~~~~~~~~~~~~~~~~~~~~~~~~~~~~~~~~~~~~~~~~~
../app\Includes.h(34): note: expanded from macro 'FLOAT_LESS_EQUAL'
#define FLOAT_LESS_EQUAL(a, b) (FLOAT_LESS(a, b) || FLOAT_EQUAL(a, b))
                                                    ^~~~~~~~~~~~~~~~~
../app\Includes.h(30): note: expanded from macro 'FLOAT_EQUAL'
#define FLOAT_EQUAL(a, b) (fabs((a) - (b)) < EPSILON)
                                           ~ ^~~~~~~
../app\Includes.h(29): note: expanded from macro 'EPSILON'
#define EPSILON         0.000001f
                        ^~~~~~~~~
../app/app_chargectl.c(388): warning: implicit conversion increases floating-point precision: 'float' to 'double' [-Wdouble-promotion]
        if(FLOAT_GREATER_EQUAL(cp_vol, AC_CP_CNOK_VOL-AC_CP_VOL_DIFF)&&FLOAT_LESS_EQUAL(cp_vol, AC_CP_CNOK_VOL+AC_CP_VOL_DIFF)) //5.2V-6.8V
           ^~~~~~~~~~~~~~~~~~~~~~~~~~~~~~~~~~~~~~~~~~~~~~~~~~~~~~~~~~
../app\Includes.h(33): note: expanded from macro 'FLOAT_GREATER_EQUAL'
#define FLOAT_GREATER_EQUAL(a, b) (FLOAT_GREATER(a, b) || FLOAT_EQUAL(a, b))
                                                          ^~~~~~~~~~~~~~~~~
../app\Includes.h(30): note: expanded from macro 'FLOAT_EQUAL'
#define FLOAT_EQUAL(a, b) (fabs((a) - (b)) < EPSILON)
                           ~~~~ ~~~~^~~~~
../app/app_chargectl.c(388): warning: implicit conversion increases floating-point precision: 'float' to 'double' [-Wdouble-promotion]
        if(FLOAT_GREATER_EQUAL(cp_vol, AC_CP_CNOK_VOL-AC_CP_VOL_DIFF)&&FLOAT_LESS_EQUAL(cp_vol, AC_CP_CNOK_VOL+AC_CP_VOL_DIFF)) //5.2V-6.8V
           ^~~~~~~~~~~~~~~~~~~~~~~~~~~~~~~~~~~~~~~~~~~~~~~~~~~~~~~~~~
../app\Includes.h(33): note: expanded from macro 'FLOAT_GREATER_EQUAL'
#define FLOAT_GREATER_EQUAL(a, b) (FLOAT_GREATER(a, b) || FLOAT_EQUAL(a, b))
                                                          ^~~~~~~~~~~~~~~~~
../app\Includes.h(30): note: expanded from macro 'FLOAT_EQUAL'
#define FLOAT_EQUAL(a, b) (fabs((a) - (b)) < EPSILON)
                                           ~ ^~~~~~~
../app\Includes.h(29): note: expanded from macro 'EPSILON'
#define EPSILON         0.000001f
                        ^~~~~~~~~
../app/app_chargectl.c(393): warning: implicit conversion increases floating-point precision: 'float' to 'double' [-Wdouble-promotion]
        else if(FLOAT_GREATER_EQUAL(cp_vol, AC_CP_SMCN_VOL-AC_CP_VOL_DIFF)&&FLOAT_LESS_EQUAL(cp_vol, AC_CP_SMCN_VOL+AC_CP_VOL_DIFF))    //8.2V-9.8V
                                                                            ^~~~~~~~~~~~~~~~~~~~~~~~~~~~~~~~~~~~~~~~~~~~~~~~~~~~~~~
../app\Includes.h(34): note: expanded from macro 'FLOAT_LESS_EQUAL'
#define FLOAT_LESS_EQUAL(a, b) (FLOAT_LESS(a, b) || FLOAT_EQUAL(a, b))
                                                    ^~~~~~~~~~~~~~~~~
../app\Includes.h(30): note: expanded from macro 'FLOAT_EQUAL'
#define FLOAT_EQUAL(a, b) (fabs((a) - (b)) < EPSILON)
                           ~~~~ ~~~~^~~~~
../app/app_chargectl.c(393): warning: implicit conversion increases floating-point precision: 'float' to 'double' [-Wdouble-promotion]
        else if(FLOAT_GREATER_EQUAL(cp_vol, AC_CP_SMCN_VOL-AC_CP_VOL_DIFF)&&FLOAT_LESS_EQUAL(cp_vol, AC_CP_SMCN_VOL+AC_CP_VOL_DIFF))    //8.2V-9.8V
                                                                            ^~~~~~~~~~~~~~~~~~~~~~~~~~~~~~~~~~~~~~~~~~~~~~~~~~~~~~~
../app\Includes.h(34): note: expanded from macro 'FLOAT_LESS_EQUAL'
#define FLOAT_LESS_EQUAL(a, b) (FLOAT_LESS(a, b) || FLOAT_EQUAL(a, b))
                                                    ^~~~~~~~~~~~~~~~~
../app\Includes.h(30): note: expanded from macro 'FLOAT_EQUAL'
#define FLOAT_EQUAL(a, b) (fabs((a) - (b)) < EPSILON)
                                           ~ ^~~~~~~
../app\Includes.h(29): note: expanded from macro 'EPSILON'
#define EPSILON         0.000001f
                        ^~~~~~~~~
../app/app_chargectl.c(393): warning: implicit conversion increases floating-point precision: 'float' to 'double' [-Wdouble-promotion]
        else if(FLOAT_GREATER_EQUAL(cp_vol, AC_CP_SMCN_VOL-AC_CP_VOL_DIFF)&&FLOAT_LESS_EQUAL(cp_vol, AC_CP_SMCN_VOL+AC_CP_VOL_DIFF))    //8.2V-9.8V
                ^~~~~~~~~~~~~~~~~~~~~~~~~~~~~~~~~~~~~~~~~~~~~~~~~~~~~~~~~~
../app\Includes.h(33): note: expanded from macro 'FLOAT_GREATER_EQUAL'
#define FLOAT_GREATER_EQUAL(a, b) (FLOAT_GREATER(a, b) || FLOAT_EQUAL(a, b))
                                                          ^~~~~~~~~~~~~~~~~
../app\Includes.h(30): note: expanded from macro 'FLOAT_EQUAL'
#define FLOAT_EQUAL(a, b) (fabs((a) - (b)) < EPSILON)
                           ~~~~ ~~~~^~~~~
../app/app_chargectl.c(393): warning: implicit conversion increases floating-point precision: 'float' to 'double' [-Wdouble-promotion]
        else if(FLOAT_GREATER_EQUAL(cp_vol, AC_CP_SMCN_VOL-AC_CP_VOL_DIFF)&&FLOAT_LESS_EQUAL(cp_vol, AC_CP_SMCN_VOL+AC_CP_VOL_DIFF))    //8.2V-9.8V
                ^~~~~~~~~~~~~~~~~~~~~~~~~~~~~~~~~~~~~~~~~~~~~~~~~~~~~~~~~~
../app\Includes.h(33): note: expanded from macro 'FLOAT_GREATER_EQUAL'
#define FLOAT_GREATER_EQUAL(a, b) (FLOAT_GREATER(a, b) || FLOAT_EQUAL(a, b))
                                                          ^~~~~~~~~~~~~~~~~
../app\Includes.h(30): note: expanded from macro 'FLOAT_EQUAL'
#define FLOAT_EQUAL(a, b) (fabs((a) - (b)) < EPSILON)
                                           ~ ^~~~~~~
../app\Includes.h(29): note: expanded from macro 'EPSILON'
#define EPSILON         0.000001f
                        ^~~~~~~~~
../app/app_chargectl.c(398): warning: implicit conversion increases floating-point precision: 'float' to 'double' [-Wdouble-promotion]
        else if(FLOAT_GREATER_EQUAL(cp_vol, AC_CP_BK_VOL-AC_CP_VOL_DIFF)&&FLOAT_LESS_EQUAL(cp_vol, AC_CP_BK_VOL+AC_CP_VOL_DIFF))        //11.2V-12.8V
                                                                          ^~~~~~~~~~~~~~~~~~~~~~~~~~~~~~~~~~~~~~~~~~~~~~~~~~~~~
../app\Includes.h(34): note: expanded from macro 'FLOAT_LESS_EQUAL'
#define FLOAT_LESS_EQUAL(a, b) (FLOAT_LESS(a, b) || FLOAT_EQUAL(a, b))
                                                    ^~~~~~~~~~~~~~~~~
../app\Includes.h(30): note: expanded from macro 'FLOAT_EQUAL'
#define FLOAT_EQUAL(a, b) (fabs((a) - (b)) < EPSILON)
                           ~~~~ ~~~~^~~~~
../app/app_chargectl.c(398): warning: implicit conversion increases floating-point precision: 'float' to 'double' [-Wdouble-promotion]
        else if(FLOAT_GREATER_EQUAL(cp_vol, AC_CP_BK_VOL-AC_CP_VOL_DIFF)&&FLOAT_LESS_EQUAL(cp_vol, AC_CP_BK_VOL+AC_CP_VOL_DIFF))        //11.2V-12.8V
                                                                          ^~~~~~~~~~~~~~~~~~~~~~~~~~~~~~~~~~~~~~~~~~~~~~~~~~~~~
../app\Includes.h(34): note: expanded from macro 'FLOAT_LESS_EQUAL'
#define FLOAT_LESS_EQUAL(a, b) (FLOAT_LESS(a, b) || FLOAT_EQUAL(a, b))
                                                    ^~~~~~~~~~~~~~~~~
../app\Includes.h(30): note: expanded from macro 'FLOAT_EQUAL'
#define FLOAT_EQUAL(a, b) (fabs((a) - (b)) < EPSILON)
                                           ~ ^~~~~~~
../app\Includes.h(29): note: expanded from macro 'EPSILON'
#define EPSILON         0.000001f
                        ^~~~~~~~~
../app/app_chargectl.c(398): warning: implicit conversion increases floating-point precision: 'float' to 'double' [-Wdouble-promotion]
        else if(FLOAT_GREATER_EQUAL(cp_vol, AC_CP_BK_VOL-AC_CP_VOL_DIFF)&&FLOAT_LESS_EQUAL(cp_vol, AC_CP_BK_VOL+AC_CP_VOL_DIFF))        //11.2V-12.8V
                ^~~~~~~~~~~~~~~~~~~~~~~~~~~~~~~~~~~~~~~~~~~~~~~~~~~~~~~~
../app\Includes.h(33): note: expanded from macro 'FLOAT_GREATER_EQUAL'
#define FLOAT_GREATER_EQUAL(a, b) (FLOAT_GREATER(a, b) || FLOAT_EQUAL(a, b))
                                                          ^~~~~~~~~~~~~~~~~
../app\Includes.h(30): note: expanded from macro 'FLOAT_EQUAL'
#define FLOAT_EQUAL(a, b) (fabs((a) - (b)) < EPSILON)
                           ~~~~ ~~~~^~~~~
../app/app_chargectl.c(398): warning: implicit conversion increases floating-point precision: 'float' to 'double' [-Wdouble-promotion]
        else if(FLOAT_GREATER_EQUAL(cp_vol, AC_CP_BK_VOL-AC_CP_VOL_DIFF)&&FLOAT_LESS_EQUAL(cp_vol, AC_CP_BK_VOL+AC_CP_VOL_DIFF))        //11.2V-12.8V
                ^~~~~~~~~~~~~~~~~~~~~~~~~~~~~~~~~~~~~~~~~~~~~~~~~~~~~~~~
../app\Includes.h(33): note: expanded from macro 'FLOAT_GREATER_EQUAL'
#define FLOAT_GREATER_EQUAL(a, b) (FLOAT_GREATER(a, b) || FLOAT_EQUAL(a, b))
                                                          ^~~~~~~~~~~~~~~~~
../app\Includes.h(30): note: expanded from macro 'FLOAT_EQUAL'
#define FLOAT_EQUAL(a, b) (fabs((a) - (b)) < EPSILON)
                                           ~ ^~~~~~~
../app\Includes.h(29): note: expanded from macro 'EPSILON'
#define EPSILON         0.000001f
                        ^~~~~~~~~
../app/app_chargectl.c(404): warning: implicit conversion increases floating-point precision: 'float' to 'double' [-Wdouble-promotion]
        else if(FLOAT_GREATER_EQUAL(cp_vol, AC_CP_CNOK_NEED_VENT_VOL-AC_CP_VOL_DIFF)&&FLOAT_LESS_EQUAL(cp_vol, AC_CP_CNOK_NEED_VENT_VOL+AC_CP_VOL_DIFF))                        //3V
                                                                                      ^~~~~~~~~~~~~~~~~~~~~~~~~~~~~~~~~~~~~~~~~~~~~~~~~~~~~~~~~~~~~~~~~
../app\Includes.h(34): note: expanded from macro 'FLOAT_LESS_EQUAL'
#define FLOAT_LESS_EQUAL(a, b) (FLOAT_LESS(a, b) || FLOAT_EQUAL(a, b))
                                                    ^~~~~~~~~~~~~~~~~
../app\Includes.h(30): note: expanded from macro 'FLOAT_EQUAL'
#define FLOAT_EQUAL(a, b) (fabs((a) - (b)) < EPSILON)
                           ~~~~ ~~~~^~~~~
../app/app_chargectl.c(404): warning: implicit conversion increases floating-point precision: 'float' to 'double' [-Wdouble-promotion]
        else if(FLOAT_GREATER_EQUAL(cp_vol, AC_CP_CNOK_NEED_VENT_VOL-AC_CP_VOL_DIFF)&&FLOAT_LESS_EQUAL(cp_vol, AC_CP_CNOK_NEED_VENT_VOL+AC_CP_VOL_DIFF))                        //3V
                                                                                      ^~~~~~~~~~~~~~~~~~~~~~~~~~~~~~~~~~~~~~~~~~~~~~~~~~~~~~~~~~~~~~~~~
../app\Includes.h(34): note: expanded from macro 'FLOAT_LESS_EQUAL'
#define FLOAT_LESS_EQUAL(a, b) (FLOAT_LESS(a, b) || FLOAT_EQUAL(a, b))
                                                    ^~~~~~~~~~~~~~~~~
../app\Includes.h(30): note: expanded from macro 'FLOAT_EQUAL'
#define FLOAT_EQUAL(a, b) (fabs((a) - (b)) < EPSILON)
                                           ~ ^~~~~~~
../app\Includes.h(29): note: expanded from macro 'EPSILON'
#define EPSILON         0.000001f
                        ^~~~~~~~~
../app/app_chargectl.c(404): warning: implicit conversion increases floating-point precision: 'float' to 'double' [-Wdouble-promotion]
        else if(FLOAT_GREATER_EQUAL(cp_vol, AC_CP_CNOK_NEED_VENT_VOL-AC_CP_VOL_DIFF)&&FLOAT_LESS_EQUAL(cp_vol, AC_CP_CNOK_NEED_VENT_VOL+AC_CP_VOL_DIFF))                        //3V
                ^~~~~~~~~~~~~~~~~~~~~~~~~~~~~~~~~~~~~~~~~~~~~~~~~~~~~~~~~~~~~~~~~~~~
../app\Includes.h(33): note: expanded from macro 'FLOAT_GREATER_EQUAL'
#define FLOAT_GREATER_EQUAL(a, b) (FLOAT_GREATER(a, b) || FLOAT_EQUAL(a, b))
                                                          ^~~~~~~~~~~~~~~~~
../app\Includes.h(30): note: expanded from macro 'FLOAT_EQUAL'
#define FLOAT_EQUAL(a, b) (fabs((a) - (b)) < EPSILON)
                           ~~~~ ~~~~^~~~~
../app/app_chargectl.c(404): warning: implicit conversion increases floating-point precision: 'float' to 'double' [-Wdouble-promotion]
        else if(FLOAT_GREATER_EQUAL(cp_vol, AC_CP_CNOK_NEED_VENT_VOL-AC_CP_VOL_DIFF)&&FLOAT_LESS_EQUAL(cp_vol, AC_CP_CNOK_NEED_VENT_VOL+AC_CP_VOL_DIFF))                        //3V
                ^~~~~~~~~~~~~~~~~~~~~~~~~~~~~~~~~~~~~~~~~~~~~~~~~~~~~~~~~~~~~~~~~~~~
../app\Includes.h(33): note: expanded from macro 'FLOAT_GREATER_EQUAL'
#define FLOAT_GREATER_EQUAL(a, b) (FLOAT_GREATER(a, b) || FLOAT_EQUAL(a, b))
                                                          ^~~~~~~~~~~~~~~~~
../app\Includes.h(30): note: expanded from macro 'FLOAT_EQUAL'
#define FLOAT_EQUAL(a, b) (fabs((a) - (b)) < EPSILON)
                                           ~ ^~~~~~~
../app\Includes.h(29): note: expanded from macro 'EPSILON'
#define EPSILON         0.000001f
                        ^~~~~~~~~
../app/app_chargectl.c(491): warning: implicit conversion from enumeration type 'FlagStatus' to different enumeration type '_e_gpio_status' [-Wenum-conversion]
                                        drv_common_set_gpio_status(OUTPUT_IO_CP_HIGLT_OFF, SET);
                                        ~~~~~~~~~~~~~~~~~~~~~~~~~~                         ^~~
../app/app_chargectl.c(598): warning: implicit conversion from enumeration type 'FlagStatus' to different enumeration type '_e_gpio_status' [-Wenum-conversion]
                                                drv_common_set_gpio_status(OUTPUT_IO_CP_HIGLT_OFF, SET);
                                                ~~~~~~~~~~~~~~~~~~~~~~~~~~                         ^~~
../app/app_chargectl.c(648): warning: implicit conversion from enumeration type 'FlagStatus' to different enumeration type '_e_gpio_status' [-Wenum-conversion]
                                                                drv_common_set_gpio_status(OUTPUT_IO_CP_HIGLT_OFF, SET);
                                                                ~~~~~~~~~~~~~~~~~~~~~~~~~~                         ^~~
../app/app_chargectl.c(687): warning: implicit conversion from enumeration type 'FlagStatus' to different enumeration type '_e_gpio_status' [-Wenum-conversion]
                                                          drv_common_set_gpio_status(OUTPUT_IO_CP_HIGLT_OFF, SET);
                                                          ~~~~~~~~~~~~~~~~~~~~~~~~~~                         ^~~
../app/app_chargectl.c(714): warning: implicit conversion from enumeration type 'FlagStatus' to different enumeration type '_e_gpio_status' [-Wenum-conversion]
                                        drv_common_set_gpio_status(OUTPUT_IO_CP_HIGLT_OFF, SET);
                                        ~~~~~~~~~~~~~~~~~~~~~~~~~~                         ^~~
../app/app_chargectl.c(755): warning: implicit conversion from enumeration type 'FlagStatus' to different enumeration type '_e_gpio_status' [-Wenum-conversion]
                        drv_common_set_gpio_status(OUTPUT_IO_CP_HIGLT_OFF, SET);
                        ~~~~~~~~~~~~~~~~~~~~~~~~~~                         ^~~
../app/app_chargectl.c(78): warning: no previous extern declaration for non-static variable 's_oled_max_curr' [-Wmissing-variable-declarations]
_e_oled_max_curr_type s_oled_max_curr;
                      ^
../app/app_chargectl.c(78): note: declare 'static' if the variable is not intended to be used outside of this translation unit
_e_oled_max_curr_type s_oled_max_curr;
^
../app/app_chargectl.c(360): warning: unused function 'charge_ctl_refresh_charge_data' [-Wunused-function]
static void charge_ctl_refresh_charge_data(void)
            ^
24 warnings generated.
compiling app_chargectl.c...
compiling gd32e230c_eval.c...
../bsp/Timeout/TimeOut.c(4): warning: no previous extern declaration for non-static variable 'InsBaseNum' [-Wmissing-variable-declarations]
volatile clock_time_t InsBaseNum = 0;
                      ^
../bsp/Timeout/TimeOut.c(4): note: declare 'static' if the variable is not intended to be used outside of this translation unit
volatile clock_time_t InsBaseNum = 0;
         ^
1 warning generated.
compiling TimeOut.c...
compiling system_gd32e23x.c...
../bsp/systick/systick.c(39): warning: unused variable 'delay' [-Wunused-variable]
volatile static uint64_t delay;
                         ^
1 warning generated.
compiling systick.c...
../bsp/flash/bsp_flash.c(80): warning: no previous extern declaration for non-static variable 'write_data' [-Wmissing-variable-declarations]
uint32_t write_data[4] = {0x12345678, 0x23456789, 0xAABBCCDD, 0x11223344};  // 要写入的数据
         ^
../bsp/flash/bsp_flash.c(80): note: declare 'static' if the variable is not intended to be used outside of this translation unit
uint32_t write_data[4] = {0x12345678, 0x23456789, 0xAABBCCDD, 0x11223344};  // 要写入的数据
^
../bsp/flash/bsp_flash.c(81): warning: no previous extern declaration for non-static variable 'read_data' [-Wmissing-variable-declarations]
uint32_t read_data[4] = {0};  // 用于存储读取的数据
         ^
../bsp/flash/bsp_flash.c(81): note: declare 'static' if the variable is not intended to be used outside of this translation unit
uint32_t read_data[4] = {0};  // 用于存储读取的数据
^
../bsp/flash/bsp_flash.c(124): warning: implicitly declaring library function 'printf' with type 'int (const char *, ...)' [-Wimplicit-function-declaration]
            printf("ooooooo\r\n");
            ^
../bsp/flash/bsp_flash.c(124): note: include the header <stdio.h> or explicitly provide a declaration for 'printf'
3 warnings generated.
compiling bsp_flash.c...
../bsp/customer/hw_api_usart.c(9): warning: padding struct '_s_uart_rcv_buff' with 3 bytes to align 'rx_buff_ptr' [-Wpadded]
    INT8U *rx_buff_ptr;         //<CA><D5><CA><FD><BE>ݶ<D3><C1>д洢<C7><F8>ָ<D5><EB>
           ^
../bsp/customer/hw_api_usart.c(7): warning: padding size of '_s_uart_rcv_buff' with 2 bytes to alignment boundary [-Wpadded]
typedef struct {
        ^
../bsp/customer/hw_api_usart.c(20): warning: unused parameter 'f' [-Wunused-parameter]
int fputc(int ch, FILE *f)
                        ^
../bsp/customer/hw_api_usart.c(108): warning: enumeration value 'UART_SN_MAX' not explicitly handled in switch [-Wswitch-enum]
        switch(uart_sn)
               ^
../bsp/customer/hw_api_usart.c(127): warning: implicit conversion loses integer precision: 'int' to 'INT8U' (aka 'unsigned char') [-Wimplicit-int-conversion]
                return (s_uart_rcv_buff[uart_sn].rear+s_uart_rcv_buff[uart_sn].max_len-s_uart_rcv_buff[uart_sn].front);
                ~~~~~~  ~~~~~~~~~~~~~~~~~~~~~~~~~~~~~~~~~~~~~~~~~~~~~~~~~~~~~~~~~~~~~~^~~~~~~~~~~~~~~~~~~~~~~~~~~~~~~
../bsp/customer/hw_api_usart.c(131): warning: implicit conversion loses integer precision: 'int' to 'INT8U' (aka 'unsigned char') [-Wimplicit-int-conversion]
                return s_uart_rcv_buff[uart_sn].rear-s_uart_rcv_buff[uart_sn].front;
                ~~~~~~ ~~~~~~~~~~~~~~~~~~~~~~~~~~~~~^~~~~~~~~~~~~~~~~~~~~~~~~~~~~~~
../bsp/customer/hw_api_usart.c(144): warning: no previous prototype for function 'USART0_IRQHandler' [-Wmissing-prototypes]
void USART0_IRQHandler(void)
     ^
../bsp/customer/hw_api_usart.c(144): note: declare 'static' if the function is not intended to be used outside of this translation unit
void USART0_IRQHandler(void)
^
static 
../bsp/customer/hw_api_usart.c(136): warning: unused variable 'usart0_tx_buf' [-Wunused-variable]
static uint8_t usart0_tx_buf[USART0_TX_BUF_SIZE];
               ^
../bsp/customer/hw_api_usart.c(137): warning: unused variable 'usart0_tx_len' [-Wunused-variable]
static volatile uint16_t usart0_tx_len = 0;
                         ^
../bsp/customer/hw_api_usart.c(138): warning: unused variable 'usart0_tx_cnt' [-Wunused-variable]
static volatile uint16_t usart0_tx_cnt = 0;
                         ^
10 warnings generated.
compiling hw_api_usart.c...
../bsp/customer/drv_common.c(299): warning: implicit conversion increases floating-point precision: 'FP32' (aka 'float') to 'double' [-Wdouble-promotion]
        printf("diode_vol = %f\r\n", short_vol);
        ~~~~~~                       ^~~~~~~~~
../bsp/customer/drv_common.c(374): warning: 5 enumeration values not explicitly handled in switch: 'OUTPUT_IO_L_RELAY_OPEN', 'OUTPUT_IO_N_RELAY_OPEN', 'OUTPUT_IO_L_RELAY_COLSE'... [-Wswitch-enum]
        switch(output_gpio)
               ^
2 warnings generated.
compiling drv_common.c...
../bsp/customer/bsp_meter_v9260.c(12): warning: no previous extern declaration for non-static variable 'SysCtrl_Value' [-Wmissing-variable-declarations]
const uint32_t SysCtrl_Value = SysCtrl_ValueA;  //ϵͳ���ƼĴ���ֵ
               ^
../bsp/customer/bsp_meter_v9260.c(12): note: declare 'static' if the variable is not intended to be used outside of this translation unit
const uint32_t SysCtrl_Value = SysCtrl_ValueA;  //ϵͳ���ƼĴ���ֵ
      ^
../bsp/customer/bsp_meter_v9260.c(66): warning: no previous prototype for function 'app_v9260s_get_meter_info' [-Wmissing-prototypes]
_t_v9260s_info* app_v9260s_get_meter_info(void)
                ^
../bsp/customer/bsp_meter_v9260.c(66): note: declare 'static' if the function is not intended to be used outside of this translation unit
_t_v9260s_info* app_v9260s_get_meter_info(void)
^
static 
../bsp/customer/bsp_meter_v9260.c(1): warning: In file included from...
../bsp/customer/bsp_meter_v9260.h(49): warning: padding struct '_t_v9260s_info' with 3 bytes to align 'voltage' [-Wpadded]
        FP32 voltage;           //电压值
             ^
../bsp/customer/bsp_meter_v9260.c(171): warning: non-void function does not return a value [-Wreturn-type]
}
^
../bsp/customer/bsp_meter_v9260.c(187): warning: non-void function does not return a value [-Wreturn-type]
}
^
../bsp/customer/bsp_meter_v9260.c(327): warning: implicit conversion changes signedness: 'int32_t' (aka 'int') to 'uint32_t' (aka 'unsigned int') [-Wsign-conversion]
    gs_RacCtrl.uc_flapara = (int32_t)gs_RacCtrl.uc_flapara; 
                          ~ ^~~~~~~~~~~~~~~~~~~~~~~~~~~~~~
../bsp/customer/bsp_meter_v9260.c(329): warning: result of comparison of unsigned expression < 0 is always false [-Wtautological-unsigned-zero-compare]
    if(gs_RacCtrl.uc_flapara < 0){
       ~~~~~~~~~~~~~~~~~~~~~ ^ ~
../bsp/customer/bsp_meter_v9260.c(33): warning: no previous extern declaration for non-static variable 'gs_RacCtrl' [-Wmissing-variable-declarations]
 S_RacCtrl gs_RacCtrl;
           ^
../bsp/customer/bsp_meter_v9260.c(33): note: declare 'static' if the variable is not intended to be used outside of this translation unit
 S_RacCtrl gs_RacCtrl;
 ^
../bsp/customer/bsp_meter_v9260.c(60): warning: no previous extern declaration for non-static variable 'gs_JbPm' [-Wmissing-variable-declarations]
 S_JBPM gs_JbPm;                   //
        ^
../bsp/customer/bsp_meter_v9260.c(60): note: declare 'static' if the variable is not intended to be used outside of this translation unit
 S_JBPM gs_JbPm;                   //
 ^
9 warnings generated.
compiling bsp_meter_v9260.c...
../bsp/customer/bsp_oled.c(10): warning: no previous extern declaration for non-static variable 'asc2_1206' [-Wmissing-variable-declarations]
uint8_t asc2_1206[95][12]={
        ^
../bsp/customer/bsp_oled.c(10): note: declare 'static' if the variable is not intended to be used outside of this translation unit
uint8_t asc2_1206[95][12]={
^
../bsp/customer/bsp_oled.c(673): warning: implicit conversion loses integer precision: 'int' to 'INT8U' (aka 'unsigned char') [-Wimplicit-int-conversion]
        n=1<<m;
         ~~^~~
../bsp/customer/bsp_oled.c(686): warning: implicit conversion loses integer precision: 'int' to 'INT8U' (aka 'unsigned char') [-Wimplicit-int-conversion]
        n=1<<m;
         ~~^~~
../bsp/customer/bsp_oled.c(702): warning: unused variable 'font_ptr' [-Wunused-variable]
        const uint8_t *font_ptr = NULL;
                       ^
../bsp/customer/bsp_oled.c(8): warning: no previous extern declaration for non-static variable 'OLED_GRAM' [-Wmissing-variable-declarations]
uint8_t OLED_GRAM[144][8];
        ^
../bsp/customer/bsp_oled.c(8): note: declare 'static' if the variable is not intended to be used outside of this translation unit
uint8_t OLED_GRAM[144][8];
^
5 warnings generated.
compiling bsp_oled.c...
../bsp/customer/bsp_led.c(16): warning: no previous extern declaration for non-static variable 'RED' [-Wmissing-variable-declarations]
const RGB_Color_TypeDef RED      =  {255,0,0};    
                        ^
../bsp/customer/bsp_led.c(16): note: declare 'static' if the variable is not intended to be used outside of this translation unit
const RGB_Color_TypeDef RED      =  {255,0,0};    
      ^
../bsp/customer/bsp_led.c(17): warning: no previous extern declaration for non-static variable 'GREEN' [-Wmissing-variable-declarations]
const RGB_Color_TypeDef GREEN    =  {0, 255, 0};
                        ^
../bsp/customer/bsp_led.c(17): note: declare 'static' if the variable is not intended to be used outside of this translation unit
const RGB_Color_TypeDef GREEN    =  {0, 255, 0};
      ^
../bsp/customer/bsp_led.c(18): warning: no previous extern declaration for non-static variable 'BLUE' [-Wmissing-variable-declarations]
const RGB_Color_TypeDef BLUE     =  {0, 0, 255};
                        ^
../bsp/customer/bsp_led.c(18): note: declare 'static' if the variable is not intended to be used outside of this translation unit
const RGB_Color_TypeDef BLUE     =  {0, 0, 255};
      ^
../bsp/customer/bsp_led.c(19): warning: no previous extern declaration for non-static variable 'YELLOW' [-Wmissing-variable-declarations]
const RGB_Color_TypeDef YELLOW   =  {255, 255, 0};
                        ^
../bsp/customer/bsp_led.c(19): note: declare 'static' if the variable is not intended to be used outside of this translation unit
const RGB_Color_TypeDef YELLOW   =  {255, 255, 0};
      ^
../bsp/customer/bsp_led.c(20): warning: no previous extern declaration for non-static variable 'SKY' [-Wmissing-variable-declarations]
const RGB_Color_TypeDef SKY      =  {0, 255, 255};
                        ^
../bsp/customer/bsp_led.c(20): note: declare 'static' if the variable is not intended to be used outside of this translation unit
const RGB_Color_TypeDef SKY      =  {0, 255, 255};
      ^
../bsp/customer/bsp_led.c(21): warning: no previous extern declaration for non-static variable 'MAGENTA' [-Wmissing-variable-declarations]
const RGB_Color_TypeDef MAGENTA  =  {255, 0, 255};
                        ^
../bsp/customer/bsp_led.c(21): note: declare 'static' if the variable is not intended to be used outside of this translation unit
const RGB_Color_TypeDef MAGENTA  =  {255, 0, 255};
      ^
../bsp/customer/bsp_led.c(23): warning: no previous extern declaration for non-static variable 'WHITE' [-Wmissing-variable-declarations]
const RGB_Color_TypeDef WHITE    =  {255, 255, 255};
                        ^
../bsp/customer/bsp_led.c(23): note: declare 'static' if the variable is not intended to be used outside of this translation unit
const RGB_Color_TypeDef WHITE    =  {255, 255, 255};
      ^
../bsp/customer/bsp_led.c(24): warning: no previous extern declaration for non-static variable 'BLACK' [-Wmissing-variable-declarations]
const RGB_Color_TypeDef BLACK    =  {0, 0, 0};
                        ^
../bsp/customer/bsp_led.c(24): note: declare 'static' if the variable is not intended to be used outside of this translation unit
const RGB_Color_TypeDef BLACK    =  {0, 0, 0};
      ^
../bsp/customer/bsp_led.c(25): warning: no previous extern declaration for non-static variable 'OEANGE' [-Wmissing-variable-declarations]
const RGB_Color_TypeDef OEANGE   =  {152, 251, 152};
                        ^
../bsp/customer/bsp_led.c(25): note: declare 'static' if the variable is not intended to be used outside of this translation unit
const RGB_Color_TypeDef OEANGE   =  {152, 251, 152};
      ^
../bsp/customer/bsp_led.c(110): warning: implicit conversion loses integer precision: 'uint16_t' (aka 'unsigned short') to 'uint8_t' (aka 'unsigned char') [-Wimplicit-int-conversion]
        ws2812_rgb_set_color_buf(i,color);
        ~~~~~~~~~~~~~~~~~~~~~~~~ ^
../bsp/customer/bsp_led.c(146): warning: implicit conversion loses integer precision: 'uint16_t' (aka 'unsigned short') to 'uint8_t' (aka 'unsigned char') [-Wimplicit-int-conversion]
    RGB_Color_TypeDef color_type = ws2812_return_color_type(color);
                                   ~~~~~~~~~~~~~~~~~~~~~~~~ ^~~~~
../bsp/customer/bsp_led.c(149): warning: implicit conversion loses integer precision: 'uint16_t' (aka 'unsigned short') to 'uint8_t' (aka 'unsigned char') [-Wimplicit-int-conversion]
        ws2812_rgb_set_color_buf(i,color_type);
        ~~~~~~~~~~~~~~~~~~~~~~~~ ^
../bsp/customer/bsp_led.c(180): warning: possible misuse of comma operator here [-Wcomma]
        case 0:temp[1] = BLACK_COLOR,temp[2] = BLACK_COLOR,temp[3] = BLACK_COLOR,temp[4] = BLACK_COLOR;break;
                                    ^
../bsp/customer/bsp_led.c(180): note: cast expression to void to silence warning
        case 0:temp[1] = BLACK_COLOR,temp[2] = BLACK_COLOR,temp[3] = BLACK_COLOR,temp[4] = BLACK_COLOR;break;
               ^~~~~~~~~~~~~~~~~~~~~
               (void)(              )
../bsp/customer/bsp_led.c(180): warning: possible misuse of comma operator here [-Wcomma]
        case 0:temp[1] = BLACK_COLOR,temp[2] = BLACK_COLOR,temp[3] = BLACK_COLOR,temp[4] = BLACK_COLOR;break;
                                                          ^
../bsp/customer/bsp_led.c(180): note: cast expression to void to silence warning
        case 0:temp[1] = BLACK_COLOR,temp[2] = BLACK_COLOR,temp[3] = BLACK_COLOR,temp[4] = BLACK_COLOR;break;
                                     ^~~~~~~~~~~~~~~~~~~~~
                                     (void)(              )
../bsp/customer/bsp_led.c(180): warning: possible misuse of comma operator here [-Wcomma]
        case 0:temp[1] = BLACK_COLOR,temp[2] = BLACK_COLOR,temp[3] = BLACK_COLOR,temp[4] = BLACK_COLOR;break;
                                                                                ^
../bsp/customer/bsp_led.c(180): note: cast expression to void to silence warning
        case 0:temp[1] = BLACK_COLOR,temp[2] = BLACK_COLOR,temp[3] = BLACK_COLOR,temp[4] = BLACK_COLOR;break;
                                                           ^~~~~~~~~~~~~~~~~~~~~
                                                           (void)(              )
../bsp/customer/bsp_led.c(181): warning: possible misuse of comma operator here [-Wcomma]
        case 1:temp[1] = BLACK_COLOR,temp[2] = color,temp[3] = BLACK_COLOR,temp[4] = BLACK_COLOR;break;
                                    ^
../bsp/customer/bsp_led.c(181): note: cast expression to void to silence warning
        case 1:temp[1] = BLACK_COLOR,temp[2] = color,temp[3] = BLACK_COLOR,temp[4] = BLACK_COLOR;break;
               ^~~~~~~~~~~~~~~~~~~~~
               (void)(              )
../bsp/customer/bsp_led.c(181): warning: possible misuse of comma operator here [-Wcomma]
        case 1:temp[1] = BLACK_COLOR,temp[2] = color,temp[3] = BLACK_COLOR,temp[4] = BLACK_COLOR;break;
                                                    ^
../bsp/customer/bsp_led.c(181): note: cast expression to void to silence warning
        case 1:temp[1] = BLACK_COLOR,temp[2] = color,temp[3] = BLACK_COLOR,temp[4] = BLACK_COLOR;break;
                                     ^~~~~~~~~~~~~~~
                                     (void)(        )
../bsp/customer/bsp_led.c(181): warning: possible misuse of comma operator here [-Wcomma]
        case 1:temp[1] = BLACK_COLOR,temp[2] = color,temp[3] = BLACK_COLOR,temp[4] = BLACK_COLOR;break;
                                                                          ^
../bsp/customer/bsp_led.c(181): note: cast expression to void to silence warning
        case 1:temp[1] = BLACK_COLOR,temp[2] = color,temp[3] = BLACK_COLOR,temp[4] = BLACK_COLOR;break;
                                                     ^~~~~~~~~~~~~~~~~~~~~
                                                     (void)(              )
../bsp/customer/bsp_led.c(182): warning: possible misuse of comma operator here [-Wcomma]
        case 2:temp[1] = color,temp[2] = color,temp[3] = color,temp[4] = BLACK_COLOR;break;
                              ^
../bsp/customer/bsp_led.c(182): note: cast expression to void to silence warning
        case 2:temp[1] = color,temp[2] = color,temp[3] = color,temp[4] = BLACK_COLOR;break;
               ^~~~~~~~~~~~~~~
               (void)(        )
../bsp/customer/bsp_led.c(182): warning: possible misuse of comma operator here [-Wcomma]
        case 2:temp[1] = color,temp[2] = color,temp[3] = color,temp[4] = BLACK_COLOR;break;
                                              ^
../bsp/customer/bsp_led.c(182): note: cast expression to void to silence warning
        case 2:temp[1] = color,temp[2] = color,temp[3] = color,temp[4] = BLACK_COLOR;break;
                               ^~~~~~~~~~~~~~~
                               (void)(        )
../bsp/customer/bsp_led.c(182): warning: possible misuse of comma operator here [-Wcomma]
        case 2:temp[1] = color,temp[2] = color,temp[3] = color,temp[4] = BLACK_COLOR;break;
                                                              ^
../bsp/customer/bsp_led.c(182): note: cast expression to void to silence warning
        case 2:temp[1] = color,temp[2] = color,temp[3] = color,temp[4] = BLACK_COLOR;break;
                                               ^~~~~~~~~~~~~~~
                                               (void)(        )
../bsp/customer/bsp_led.c(183): warning: possible misuse of comma operator here [-Wcomma]
        case 3:temp[1] = color,temp[2] = color,temp[3] = color,temp[4] = color;break;
                              ^
../bsp/customer/bsp_led.c(183): note: cast expression to void to silence warning
        case 3:temp[1] = color,temp[2] = color,temp[3] = color,temp[4] = color;break;
               ^~~~~~~~~~~~~~~
               (void)(        )
../bsp/customer/bsp_led.c(183): warning: possible misuse of comma operator here [-Wcomma]
        case 3:temp[1] = color,temp[2] = color,temp[3] = color,temp[4] = color;break;
                                              ^
../bsp/customer/bsp_led.c(183): note: cast expression to void to silence warning
        case 3:temp[1] = color,temp[2] = color,temp[3] = color,temp[4] = color;break;
                               ^~~~~~~~~~~~~~~
                               (void)(        )
../bsp/customer/bsp_led.c(183): warning: possible misuse of comma operator here [-Wcomma]
        case 3:temp[1] = color,temp[2] = color,temp[3] = color,temp[4] = color;break;
                                                              ^
../bsp/customer/bsp_led.c(183): note: cast expression to void to silence warning
        case 3:temp[1] = color,temp[2] = color,temp[3] = color,temp[4] = color;break;
                                               ^~~~~~~~~~~~~~~
                                               (void)(        )
../bsp/customer/bsp_led.c(204): warning: possible misuse of comma operator here [-Wcomma]
        case 0:temp[0] = BLACK_COLOR,temp[1] = BLACK_COLOR,temp[2] = BLACK_COLOR,temp[3] = BLACK_COLOR,temp[4] = BLACK_COLOR;break;
                                    ^
../bsp/customer/bsp_led.c(204): note: cast expression to void to silence warning
        case 0:temp[0] = BLACK_COLOR,temp[1] = BLACK_COLOR,temp[2] = BLACK_COLOR,temp[3] = BLACK_COLOR,temp[4] = BLACK_COLOR;break;
               ^~~~~~~~~~~~~~~~~~~~~
               (void)(              )
../bsp/customer/bsp_led.c(204): warning: possible misuse of comma operator here [-Wcomma]
        case 0:temp[0] = BLACK_COLOR,temp[1] = BLACK_COLOR,temp[2] = BLACK_COLOR,temp[3] = BLACK_COLOR,temp[4] = BLACK_COLOR;break;
                                                          ^
../bsp/customer/bsp_led.c(204): note: cast expression to void to silence warning
        case 0:temp[0] = BLACK_COLOR,temp[1] = BLACK_COLOR,temp[2] = BLACK_COLOR,temp[3] = BLACK_COLOR,temp[4] = BLACK_COLOR;break;
                                     ^~~~~~~~~~~~~~~~~~~~~
                                     (void)(              )
../bsp/customer/bsp_led.c(204): warning: possible misuse of comma operator here [-Wcomma]
        case 0:temp[0] = BLACK_COLOR,temp[1] = BLACK_COLOR,temp[2] = BLACK_COLOR,temp[3] = BLACK_COLOR,temp[4] = BLACK_COLOR;break;
                                                                                ^
../bsp/customer/bsp_led.c(204): note: cast expression to void to silence warning
        case 0:temp[0] = BLACK_COLOR,temp[1] = BLACK_COLOR,temp[2] = BLACK_COLOR,temp[3] = BLACK_COLOR,temp[4] = BLACK_COLOR;break;
                                                           ^~~~~~~~~~~~~~~~~~~~~
                                                           (void)(              )
../bsp/customer/bsp_led.c(204): warning: possible misuse of comma operator here [-Wcomma]
        case 0:temp[0] = BLACK_COLOR,temp[1] = BLACK_COLOR,temp[2] = BLACK_COLOR,temp[3] = BLACK_COLOR,temp[4] = BLACK_COLOR;break;
                                                                                                      ^
../bsp/customer/bsp_led.c(204): note: cast expression to void to silence warning
        case 0:temp[0] = BLACK_COLOR,temp[1] = BLACK_COLOR,temp[2] = BLACK_COLOR,temp[3] = BLACK_COLOR,temp[4] = BLACK_COLOR;break;
                                                                                 ^~~~~~~~~~~~~~~~~~~~~
                                                                                 (void)(              )
../bsp/customer/bsp_led.c(205): warning: possible misuse of comma operator here [-Wcomma]
        case 1:temp[0] = color,temp[1] = BLACK_COLOR,temp[2] = BLACK_COLOR,temp[3] = BLACK_COLOR,temp[4] = color;break;
                              ^
../bsp/customer/bsp_led.c(205): note: cast expression to void to silence warning
        case 1:temp[0] = color,temp[1] = BLACK_COLOR,temp[2] = BLACK_COLOR,temp[3] = BLACK_COLOR,temp[4] = color;break;
               ^~~~~~~~~~~~~~~
               (void)(        )
../bsp/customer/bsp_led.c(205): warning: possible misuse of comma operator here [-Wcomma]
        case 1:temp[0] = color,temp[1] = BLACK_COLOR,temp[2] = BLACK_COLOR,temp[3] = BLACK_COLOR,temp[4] = color;break;
                                                    ^
../bsp/customer/bsp_led.c(205): note: cast expression to void to silence warning
        case 1:temp[0] = color,temp[1] = BLACK_COLOR,temp[2] = BLACK_COLOR,temp[3] = BLACK_COLOR,temp[4] = color;break;
                               ^~~~~~~~~~~~~~~~~~~~~
                               (void)(              )
../bsp/customer/bsp_led.c(205): warning: possible misuse of comma operator here [-Wcomma]
        case 1:temp[0] = color,temp[1] = BLACK_COLOR,temp[2] = BLACK_COLOR,temp[3] = BLACK_COLOR,temp[4] = color;break;
                                                                          ^
../bsp/customer/bsp_led.c(205): note: cast expression to void to silence warning
        case 1:temp[0] = color,temp[1] = BLACK_COLOR,temp[2] = BLACK_COLOR,temp[3] = BLACK_COLOR,temp[4] = color;break;
                                                     ^~~~~~~~~~~~~~~~~~~~~
                                                     (void)(              )
../bsp/customer/bsp_led.c(205): warning: possible misuse of comma operator here [-Wcomma]
        case 1:temp[0] = color,temp[1] = BLACK_COLOR,temp[2] = BLACK_COLOR,temp[3] = BLACK_COLOR,temp[4] = color;break;
                                                                                                ^
../bsp/customer/bsp_led.c(205): note: cast expression to void to silence warning
        case 1:temp[0] = color,temp[1] = BLACK_COLOR,temp[2] = BLACK_COLOR,temp[3] = BLACK_COLOR,temp[4] = color;break;
                                                                           ^~~~~~~~~~~~~~~~~~~~~
                                                                           (void)(              )
../bsp/customer/bsp_led.c(206): warning: possible misuse of comma operator here [-Wcomma]
        case 2:temp[0] = color,temp[1] = color,temp[2] = BLACK_COLOR,temp[3] = color,temp[4] = color;break;
                              ^
../bsp/customer/bsp_led.c(206): note: cast expression to void to silence warning
        case 2:temp[0] = color,temp[1] = color,temp[2] = BLACK_COLOR,temp[3] = color,temp[4] = color;break;
               ^~~~~~~~~~~~~~~
               (void)(        )
../bsp/customer/bsp_led.c(206): warning: possible misuse of comma operator here [-Wcomma]
        case 2:temp[0] = color,temp[1] = color,temp[2] = BLACK_COLOR,temp[3] = color,temp[4] = color;break;
                                              ^
../bsp/customer/bsp_led.c(206): note: cast expression to void to silence warning
        case 2:temp[0] = color,temp[1] = color,temp[2] = BLACK_COLOR,temp[3] = color,temp[4] = color;break;
                               ^~~~~~~~~~~~~~~
                               (void)(        )
../bsp/customer/bsp_led.c(206): warning: possible misuse of comma operator here [-Wcomma]
        case 2:temp[0] = color,temp[1] = color,temp[2] = BLACK_COLOR,temp[3] = color,temp[4] = color;break;
                                                                    ^
../bsp/customer/bsp_led.c(206): note: cast expression to void to silence warning
        case 2:temp[0] = color,temp[1] = color,temp[2] = BLACK_COLOR,temp[3] = color,temp[4] = color;break;
                                               ^~~~~~~~~~~~~~~~~~~~~
                                               (void)(              )
../bsp/customer/bsp_led.c(206): warning: possible misuse of comma operator here [-Wcomma]
        case 2:temp[0] = color,temp[1] = color,temp[2] = BLACK_COLOR,temp[3] = color,temp[4] = color;break;
                                                                                    ^
../bsp/customer/bsp_led.c(206): note: cast expression to void to silence warning
        case 2:temp[0] = color,temp[1] = color,temp[2] = BLACK_COLOR,temp[3] = color,temp[4] = color;break;
                                                                     ^~~~~~~~~~~~~~~
                                                                     (void)(        )
../bsp/customer/bsp_led.c(207): warning: possible misuse of comma operator here [-Wcomma]
        case 3:temp[0] = color,temp[1] = color,temp[2] = color,temp[3] = color,temp[4] = color;break;
                              ^
../bsp/customer/bsp_led.c(207): note: cast expression to void to silence warning
        case 3:temp[0] = color,temp[1] = color,temp[2] = color,temp[3] = color,temp[4] = color;break;
               ^~~~~~~~~~~~~~~
               (void)(        )
../bsp/customer/bsp_led.c(207): warning: possible misuse of comma operator here [-Wcomma]
        case 3:temp[0] = color,temp[1] = color,temp[2] = color,temp[3] = color,temp[4] = color;break;
                                              ^
../bsp/customer/bsp_led.c(207): note: cast expression to void to silence warning
        case 3:temp[0] = color,temp[1] = color,temp[2] = color,temp[3] = color,temp[4] = color;break;
                               ^~~~~~~~~~~~~~~
                               (void)(        )
../bsp/customer/bsp_led.c(207): warning: possible misuse of comma operator here [-Wcomma]
        case 3:temp[0] = color,temp[1] = color,temp[2] = color,temp[3] = color,temp[4] = color;break;
                                                              ^
../bsp/customer/bsp_led.c(207): note: cast expression to void to silence warning
        case 3:temp[0] = color,temp[1] = color,temp[2] = color,temp[3] = color,temp[4] = color;break;
                                               ^~~~~~~~~~~~~~~
                                               (void)(        )
../bsp/customer/bsp_led.c(207): warning: possible misuse of comma operator here [-Wcomma]
        case 3:temp[0] = color,temp[1] = color,temp[2] = color,temp[3] = color,temp[4] = color;break;
                                                                              ^
../bsp/customer/bsp_led.c(207): note: cast expression to void to silence warning
        case 3:temp[0] = color,temp[1] = color,temp[2] = color,temp[3] = color,temp[4] = color;break;
                                                               ^~~~~~~~~~~~~~~
                                                               (void)(        )
../bsp/customer/bsp_led.c(254): warning: possible misuse of comma operator here [-Wcomma]
        case 0:temp[1] = BLACK_COLOR,temp[2] = BLACK_COLOR,temp[3] = BLACK_COLOR,temp[4] = BLACK_COLOR;break;
                                    ^
../bsp/customer/bsp_led.c(254): note: cast expression to void to silence warning
        case 0:temp[1] = BLACK_COLOR,temp[2] = BLACK_COLOR,temp[3] = BLACK_COLOR,temp[4] = BLACK_COLOR;break;
               ^~~~~~~~~~~~~~~~~~~~~
               (void)(              )
../bsp/customer/bsp_led.c(254): warning: possible misuse of comma operator here [-Wcomma]
        case 0:temp[1] = BLACK_COLOR,temp[2] = BLACK_COLOR,temp[3] = BLACK_COLOR,temp[4] = BLACK_COLOR;break;
                                                          ^
../bsp/customer/bsp_led.c(254): note: cast expression to void to silence warning
        case 0:temp[1] = BLACK_COLOR,temp[2] = BLACK_COLOR,temp[3] = BLACK_COLOR,temp[4] = BLACK_COLOR;break;
                                     ^~~~~~~~~~~~~~~~~~~~~
                                     (void)(              )
../bsp/customer/bsp_led.c(254): warning: possible misuse of comma operator here [-Wcomma]
        case 0:temp[1] = BLACK_COLOR,temp[2] = BLACK_COLOR,temp[3] = BLACK_COLOR,temp[4] = BLACK_COLOR;break;
                                                                                ^
../bsp/customer/bsp_led.c(254): note: cast expression to void to silence warning
        case 0:temp[1] = BLACK_COLOR,temp[2] = BLACK_COLOR,temp[3] = BLACK_COLOR,temp[4] = BLACK_COLOR;break;
                                                           ^~~~~~~~~~~~~~~~~~~~~
                                                           (void)(              )
../bsp/customer/bsp_led.c(255): warning: possible misuse of comma operator here [-Wcomma]
        case 1:temp[1] = color,temp[2] = BLACK_COLOR,temp[3] = BLACK_COLOR,temp[4] = BLACK_COLOR;break;
                              ^
../bsp/customer/bsp_led.c(255): note: cast expression to void to silence warning
        case 1:temp[1] = color,temp[2] = BLACK_COLOR,temp[3] = BLACK_COLOR,temp[4] = BLACK_COLOR;break;
               ^~~~~~~~~~~~~~~
               (void)(        )
../bsp/customer/bsp_led.c(255): warning: possible misuse of comma operator here [-Wcomma]
        case 1:temp[1] = color,temp[2] = BLACK_COLOR,temp[3] = BLACK_COLOR,temp[4] = BLACK_COLOR;break;
                                                    ^
../bsp/customer/bsp_led.c(255): note: cast expression to void to silence warning
        case 1:temp[1] = color,temp[2] = BLACK_COLOR,temp[3] = BLACK_COLOR,temp[4] = BLACK_COLOR;break;
                               ^~~~~~~~~~~~~~~~~~~~~
                               (void)(              )
../bsp/customer/bsp_led.c(255): warning: possible misuse of comma operator here [-Wcomma]
        case 1:temp[1] = color,temp[2] = BLACK_COLOR,temp[3] = BLACK_COLOR,temp[4] = BLACK_COLOR;break;
                                                                          ^
../bsp/customer/bsp_led.c(255): note: cast expression to void to silence warning
        case 1:temp[1] = color,temp[2] = BLACK_COLOR,temp[3] = BLACK_COLOR,temp[4] = BLACK_COLOR;break;
                                                     ^~~~~~~~~~~~~~~~~~~~~
                                                     (void)(              )
../bsp/customer/bsp_led.c(256): warning: possible misuse of comma operator here [-Wcomma]
        case 2:temp[1] = color,temp[2] = color,temp[3] = BLACK_COLOR,temp[4] = BLACK_COLOR;break;
                              ^
../bsp/customer/bsp_led.c(256): note: cast expression to void to silence warning
        case 2:temp[1] = color,temp[2] = color,temp[3] = BLACK_COLOR,temp[4] = BLACK_COLOR;break;
               ^~~~~~~~~~~~~~~
               (void)(        )
../bsp/customer/bsp_led.c(256): warning: possible misuse of comma operator here [-Wcomma]
        case 2:temp[1] = color,temp[2] = color,temp[3] = BLACK_COLOR,temp[4] = BLACK_COLOR;break;
                                              ^
../bsp/customer/bsp_led.c(256): note: cast expression to void to silence warning
        case 2:temp[1] = color,temp[2] = color,temp[3] = BLACK_COLOR,temp[4] = BLACK_COLOR;break;
                               ^~~~~~~~~~~~~~~
                               (void)(        )
../bsp/customer/bsp_led.c(256): warning: possible misuse of comma operator here [-Wcomma]
        case 2:temp[1] = color,temp[2] = color,temp[3] = BLACK_COLOR,temp[4] = BLACK_COLOR;break;
                                                                    ^
../bsp/customer/bsp_led.c(256): note: cast expression to void to silence warning
        case 2:temp[1] = color,temp[2] = color,temp[3] = BLACK_COLOR,temp[4] = BLACK_COLOR;break;
                                               ^~~~~~~~~~~~~~~~~~~~~
                                               (void)(              )
../bsp/customer/bsp_led.c(257): warning: possible misuse of comma operator here [-Wcomma]
        case 3:temp[1] = color,temp[2] = color,temp[3] = color,temp[4] = BLACK_COLOR;break;
                              ^
../bsp/customer/bsp_led.c(257): note: cast expression to void to silence warning
        case 3:temp[1] = color,temp[2] = color,temp[3] = color,temp[4] = BLACK_COLOR;break;
               ^~~~~~~~~~~~~~~
               (void)(        )
../bsp/customer/bsp_led.c(257): warning: possible misuse of comma operator here [-Wcomma]
        case 3:temp[1] = color,temp[2] = color,temp[3] = color,temp[4] = BLACK_COLOR;break;
                                              ^
../bsp/customer/bsp_led.c(257): note: cast expression to void to silence warning
        case 3:temp[1] = color,temp[2] = color,temp[3] = color,temp[4] = BLACK_COLOR;break;
                               ^~~~~~~~~~~~~~~
                               (void)(        )
../bsp/customer/bsp_led.c(257): warning: possible misuse of comma operator here [-Wcomma]
        case 3:temp[1] = color,temp[2] = color,temp[3] = color,temp[4] = BLACK_COLOR;break;
                                                              ^
../bsp/customer/bsp_led.c(257): note: cast expression to void to silence warning
        case 3:temp[1] = color,temp[2] = color,temp[3] = color,temp[4] = BLACK_COLOR;break;
                                               ^~~~~~~~~~~~~~~
                                               (void)(        )
../bsp/customer/bsp_led.c(258): warning: possible misuse of comma operator here [-Wcomma]
        case 4:temp[1] = color,temp[2] = color,temp[3] = color,temp[4] = color;break;  
                              ^
../bsp/customer/bsp_led.c(258): note: cast expression to void to silence warning
        case 4:temp[1] = color,temp[2] = color,temp[3] = color,temp[4] = color;break;  
               ^~~~~~~~~~~~~~~
               (void)(        )
../bsp/customer/bsp_led.c(258): warning: possible misuse of comma operator here [-Wcomma]
        case 4:temp[1] = color,temp[2] = color,temp[3] = color,temp[4] = color;break;  
                                              ^
../bsp/customer/bsp_led.c(258): note: cast expression to void to silence warning
        case 4:temp[1] = color,temp[2] = color,temp[3] = color,temp[4] = color;break;  
                               ^~~~~~~~~~~~~~~
                               (void)(        )
../bsp/customer/bsp_led.c(258): warning: possible misuse of comma operator here [-Wcomma]
        case 4:temp[1] = color,temp[2] = color,temp[3] = color,temp[4] = color;break;  
                                                              ^
../bsp/customer/bsp_led.c(258): note: cast expression to void to silence warning
        case 4:temp[1] = color,temp[2] = color,temp[3] = color,temp[4] = color;break;  
                                               ^~~~~~~~~~~~~~~
                                               (void)(        )
../bsp/customer/bsp_led.c(299): warning: possible misuse of comma operator here [-Wcomma]
        case 0:temp[1] = BLACK_COLOR,temp[2] = BLACK_COLOR,temp[3] = BLACK_COLOR,temp[4] = BLACK_COLOR;break;
                                    ^
../bsp/customer/bsp_led.c(299): note: cast expression to void to silence warning
        case 0:temp[1] = BLACK_COLOR,temp[2] = BLACK_COLOR,temp[3] = BLACK_COLOR,temp[4] = BLACK_COLOR;break;
               ^~~~~~~~~~~~~~~~~~~~~
               (void)(              )
../bsp/customer/bsp_led.c(299): warning: possible misuse of comma operator here [-Wcomma]
        case 0:temp[1] = BLACK_COLOR,temp[2] = BLACK_COLOR,temp[3] = BLACK_COLOR,temp[4] = BLACK_COLOR;break;
                                                          ^
../bsp/customer/bsp_led.c(299): note: cast expression to void to silence warning
        case 0:temp[1] = BLACK_COLOR,temp[2] = BLACK_COLOR,temp[3] = BLACK_COLOR,temp[4] = BLACK_COLOR;break;
                                     ^~~~~~~~~~~~~~~~~~~~~
                                     (void)(              )
../bsp/customer/bsp_led.c(299): warning: possible misuse of comma operator here [-Wcomma]
        case 0:temp[1] = BLACK_COLOR,temp[2] = BLACK_COLOR,temp[3] = BLACK_COLOR,temp[4] = BLACK_COLOR;break;
                                                                                ^
../bsp/customer/bsp_led.c(299): note: cast expression to void to silence warning
        case 0:temp[1] = BLACK_COLOR,temp[2] = BLACK_COLOR,temp[3] = BLACK_COLOR,temp[4] = BLACK_COLOR;break;
                                                           ^~~~~~~~~~~~~~~~~~~~~
                                                           (void)(              )
../bsp/customer/bsp_led.c(300): warning: possible misuse of comma operator here [-Wcomma]
        case 1:temp[1] = BLACK_COLOR,temp[2] = BLACK_COLOR,temp[3] = BLACK_COLOR,temp[4] = color;break;
                                    ^
../bsp/customer/bsp_led.c(300): note: cast expression to void to silence warning
        case 1:temp[1] = BLACK_COLOR,temp[2] = BLACK_COLOR,temp[3] = BLACK_COLOR,temp[4] = color;break;
               ^~~~~~~~~~~~~~~~~~~~~
               (void)(              )
../bsp/customer/bsp_led.c(300): warning: possible misuse of comma operator here [-Wcomma]
        case 1:temp[1] = BLACK_COLOR,temp[2] = BLACK_COLOR,temp[3] = BLACK_COLOR,temp[4] = color;break;
                                                          ^
../bsp/customer/bsp_led.c(300): note: cast expression to void to silence warning
        case 1:temp[1] = BLACK_COLOR,temp[2] = BLACK_COLOR,temp[3] = BLACK_COLOR,temp[4] = color;break;
                                     ^~~~~~~~~~~~~~~~~~~~~
                                     (void)(              )
../bsp/customer/bsp_led.c(300): warning: possible misuse of comma operator here [-Wcomma]
        case 1:temp[1] = BLACK_COLOR,temp[2] = BLACK_COLOR,temp[3] = BLACK_COLOR,temp[4] = color;break;
                                                                                ^
../bsp/customer/bsp_led.c(300): note: cast expression to void to silence warning
        case 1:temp[1] = BLACK_COLOR,temp[2] = BLACK_COLOR,temp[3] = BLACK_COLOR,temp[4] = color;break;
                                                           ^~~~~~~~~~~~~~~~~~~~~
                                                           (void)(              )
../bsp/customer/bsp_led.c(301): warning: possible misuse of comma operator here [-Wcomma]
        case 2:temp[1] = BLACK_COLOR,temp[2] = BLACK_COLOR,temp[3] = color,temp[4] = color;break;
                                    ^
../bsp/customer/bsp_led.c(301): note: cast expression to void to silence warning
        case 2:temp[1] = BLACK_COLOR,temp[2] = BLACK_COLOR,temp[3] = color,temp[4] = color;break;
               ^~~~~~~~~~~~~~~~~~~~~
               (void)(              )
../bsp/customer/bsp_led.c(301): warning: possible misuse of comma operator here [-Wcomma]
        case 2:temp[1] = BLACK_COLOR,temp[2] = BLACK_COLOR,temp[3] = color,temp[4] = color;break;
                                                          ^
../bsp/customer/bsp_led.c(301): note: cast expression to void to silence warning
        case 2:temp[1] = BLACK_COLOR,temp[2] = BLACK_COLOR,temp[3] = color,temp[4] = color;break;
                                     ^~~~~~~~~~~~~~~~~~~~~
                                     (void)(              )
../bsp/customer/bsp_led.c(301): warning: possible misuse of comma operator here [-Wcomma]
        case 2:temp[1] = BLACK_COLOR,temp[2] = BLACK_COLOR,temp[3] = color,temp[4] = color;break;
                                                                          ^
../bsp/customer/bsp_led.c(301): note: cast expression to void to silence warning
        case 2:temp[1] = BLACK_COLOR,temp[2] = BLACK_COLOR,temp[3] = color,temp[4] = color;break;
                                                           ^~~~~~~~~~~~~~~
                                                           (void)(        )
../bsp/customer/bsp_led.c(302): warning: possible misuse of comma operator here [-Wcomma]
        case 3:temp[1] = BLACK_COLOR,temp[2] = color,temp[3] = color,temp[4] = color;break;
                                    ^
../bsp/customer/bsp_led.c(302): note: cast expression to void to silence warning
        case 3:temp[1] = BLACK_COLOR,temp[2] = color,temp[3] = color,temp[4] = color;break;
               ^~~~~~~~~~~~~~~~~~~~~
               (void)(              )
../bsp/customer/bsp_led.c(302): warning: possible misuse of comma operator here [-Wcomma]
        case 3:temp[1] = BLACK_COLOR,temp[2] = color,temp[3] = color,temp[4] = color;break;
                                                    ^
../bsp/customer/bsp_led.c(302): note: cast expression to void to silence warning
        case 3:temp[1] = BLACK_COLOR,temp[2] = color,temp[3] = color,temp[4] = color;break;
                                     ^~~~~~~~~~~~~~~
                                     (void)(        )
../bsp/customer/bsp_led.c(302): warning: possible misuse of comma operator here [-Wcomma]
        case 3:temp[1] = BLACK_COLOR,temp[2] = color,temp[3] = color,temp[4] = color;break;
                                                                    ^
../bsp/customer/bsp_led.c(302): note: cast expression to void to silence warning
        case 3:temp[1] = BLACK_COLOR,temp[2] = color,temp[3] = color,temp[4] = color;break;
                                                     ^~~~~~~~~~~~~~~
                                                     (void)(        )
../bsp/customer/bsp_led.c(303): warning: possible misuse of comma operator here [-Wcomma]
        case 4:temp[1] = color,temp[2] = color,temp[3] = color,temp[4] = color;break;  
                              ^
../bsp/customer/bsp_led.c(303): note: cast expression to void to silence warning
        case 4:temp[1] = color,temp[2] = color,temp[3] = color,temp[4] = color;break;  
               ^~~~~~~~~~~~~~~
               (void)(        )
../bsp/customer/bsp_led.c(303): warning: possible misuse of comma operator here [-Wcomma]
        case 4:temp[1] = color,temp[2] = color,temp[3] = color,temp[4] = color;break;  
                                              ^
../bsp/customer/bsp_led.c(303): note: cast expression to void to silence warning
        case 4:temp[1] = color,temp[2] = color,temp[3] = color,temp[4] = color;break;  
                               ^~~~~~~~~~~~~~~
                               (void)(        )
../bsp/customer/bsp_led.c(303): warning: possible misuse of comma operator here [-Wcomma]
        case 4:temp[1] = color,temp[2] = color,temp[3] = color,temp[4] = color;break;  
                                                              ^
../bsp/customer/bsp_led.c(303): note: cast expression to void to silence warning
        case 4:temp[1] = color,temp[2] = color,temp[3] = color,temp[4] = color;break;  
                                               ^~~~~~~~~~~~~~~
                                               (void)(        )
../bsp/customer/bsp_led.c(324): warning: implicit conversion loses integer precision: 'uint16_t' (aka 'unsigned short') to 'uint8_t' (aka 'unsigned char') [-Wimplicit-int-conversion]
    temp[Led_id] = color;
                 ~ ^~~~~
../bsp/customer/bsp_led.c(1): warning: In file included from...
../bsp/customer/bsp_led.h(8): warning: In file included from...
../lib/CMSIS/GD/GD32E23x/Include\gd32e23x.h(210): warning: In file included from...
../pro\gd32e23x_libopt.h(52): warning: In file included from...
../lib/GD32E23x_standard_peripheral/Include\gd32e23x_timer.h(252): warning: padding size of 'timer_parameter_struct' with 3 bytes to alignment boundary [-Wpadded]
typedef struct
        ^
../bsp/customer/bsp_led.c(1): warning: In file included from...
../bsp/customer/bsp_led.h(8): warning: In file included from...
../lib/CMSIS/GD/GD32E23x/Include\gd32e23x.h(210): warning: In file included from...
../pro\gd32e23x_libopt.h(41): warning: In file included from...
../lib/GD32E23x_standard_peripheral/Include\gd32e23x_dma.h(115): warning: padding size of 'dma_parameter_struct' with 1 byte to alignment boundary [-Wpadded]
typedef struct
        ^
../bsp/customer/bsp_led.c(28): warning: no previous extern declaration for non-static variable 'Pixel_Buf' [-Wmissing-variable-declarations]
uint16_t Pixel_Buf[Pixel_NUM + 4][24];//RGB灯传输数据;多于的24bit是刷新用 
         ^
../bsp/customer/bsp_led.c(28): note: declare 'static' if the variable is not intended to be used outside of this translation unit
uint16_t Pixel_Buf[Pixel_NUM + 4][24];//RGB灯传输数据;多于的24bit是刷新用 
^
../bsp/customer/bsp_led.c(65): warning: unused function 'ws2812_reset_load' [-Wunused-function]
static void ws2812_reset_load(void)
            ^
../bsp/customer/bsp_led.c(144): warning: unused function 'ws2812_set_single_color' [-Wunused-function]
static void ws2812_set_single_color(uint8_t led_id, uint16_t color)
            ^
../bsp/customer/bsp_led.c(163): warning: unused function 'ws2812_middle_expand_marquee' [-Wunused-function]
static void ws2812_middle_expand_marquee(uint8_t color)
            ^
../bsp/customer/bsp_led.c(197): warning: unused function 'ws2812_middle_marquee' [-Wunused-function]
static void ws2812_middle_marquee(uint8_t color)
            ^
../bsp/customer/bsp_led.c(230): warning: unused function 'dwon_up_waterfall_light' [-Wunused-function]
static void dwon_up_waterfall_light(uint8_t color)
            ^
../bsp/customer/bsp_led.c(275): warning: unused function 'up_dwon_waterfall_light' [-Wunused-function]
static void up_dwon_waterfall_light(uint8_t color)
            ^
../bsp/customer/bsp_led.c(319): warning: unused function 'ws2812_single_led' [-Wunused-function]
static void ws2812_single_led(uint8_t Led_id,uint16_t color)
            ^
../bsp/customer/bsp_led.c(544): warning: unused variable 'led_cnt' [-Wunused-variable]
static int led_cnt = 0;
           ^
../bsp/customer/bsp_led.c(545): warning: unused variable 'led_cnt1' [-Wunused-variable]
static int led_cnt1 = 0;
           ^
83 warnings generated.
compiling bsp_led.c...
compiling app_target.c...
compiling gd32e23x_adc.c...
compiling gd32e23x_crc.c...
compiling gd32e23x_dbg.c...
../lib/GD32E23x_standard_peripheral/Source/gd32e23x_cmp.c(203): warning: unused parameter 'cmp_periph' [-Wunused-parameter]
uint32_t cmp_output_level_get(cmp_enum cmp_periph)
                                       ^
1 warning generated.
compiling gd32e23x_cmp.c...
../lib/GD32E23x_standard_peripheral/Source/gd32e23x_dma.c(35): warning: In file included from...
../lib/GD32E23x_standard_peripheral/Include\gd32e23x_dma.h(115): warning: padding size of 'dma_parameter_struct' with 1 byte to alignment boundary [-Wpadded]
typedef struct
        ^
1 warning generated.
compiling gd32e23x_dma.c...
compiling gd32e23x_exti.c...
compiling gd32e23x_fmc.c...
compiling gd32e23x_fwdgt.c...
compiling gd32e23x_gpio.c...
compiling gd32e23x_pmu.c...
compiling gd32e23x_i2c.c...
../lib/GD32E23x_standard_peripheral/Source/gd32e23x_misc.c(72): warning: function 'nvic_system_reset' could be declared with attribute 'noreturn' [-Wmissing-noreturn]
{
^
1 warning generated.
compiling gd32e23x_misc.c...
../lib/GD32E23x_standard_peripheral/Source/gd32e23x_rtc.c(35): warning: In file included from...
../lib/GD32E23x_standard_peripheral/Include\gd32e23x_rtc.h(218): warning: padding struct 'rtc_parameter_struct' with 1 byte to align 'rtc_factor_asyn' [-Wpadded]
    uint16_t rtc_factor_asyn;                                                          /*!< RTC asynchronous prescaler value: 0x0 - 0x7F */
             ^
../lib/GD32E23x_standard_peripheral/Include\gd32e23x_rtc.h(245): warning: padding struct 'rtc_timestamp_struct' with 2 bytes to align 'rtc_am_pm' [-Wpadded]
    uint32_t rtc_am_pm;                                                                /*!< RTC time-stamp AM/PM value */
             ^
../lib/GD32E23x_standard_peripheral/Include\gd32e23x_rtc.h(256): warning: padding struct 'rtc_tamper_struct' with 3 bytes to align 'rtc_tamper_precharge_time' [-Wpadded]
    uint32_t rtc_tamper_precharge_time;                                                /*!< RTC tamper precharge duration if precharge feature is enabled */
             ^
../lib/GD32E23x_standard_peripheral/Include\gd32e23x_rtc.h(249): warning: padding size of 'rtc_tamper_struct' with 3 bytes to alignment boundary [-Wpadded]
typedef struct
        ^
4 warnings generated.
compiling gd32e23x_rtc.c...
compiling gd32e23x_rcu.c...
compiling gd32e23x_spi.c...
compiling gd32e23x_syscfg.c...
compiling gd32e23x_wwdgt.c...
compiling gd32e23x_usart.c...
../lib/GD32E23x_standard_peripheral/Source/gd32e23x_timer.c(35): warning: In file included from...
../lib/GD32E23x_standard_peripheral/Include\gd32e23x_timer.h(252): warning: padding size of 'timer_parameter_struct' with 3 bytes to alignment boundary [-Wpadded]
typedef struct
        ^
1 warning generated.
compiling gd32e23x_timer.c...
linking...
Program Size: Code=27006 RO-data=1050 RW-data=1152 ZI-data=3392  
FromELF: creating hex file...
".\Objects\code.axf" - 0 Error(s), 164 Warning(s).

<h2>Software Packages used:</h2>

Package Vendor: ARM
                https://www.keil.com/pack/ARM.CMSIS.6.1.0.pack
                ARM.CMSIS.6.1.0
                CMSIS (Common Microcontroller Software Interface Standard)
   * Component: CORE Version: 6.1.0

Package Vendor: GigaDevice
                http://gd32mcu.com/data/documents/pack/GigaDevice.GD32E23x_DFP.2.2.2.pack
                GigaDevice.GD32E23x_DFP.2.2.2
                GigaDevice GD32E23x Series Device Support and Examples

<h2>Collection of Component include folders:</h2>
  .\RTE\_Target_1
  D:\keil_v5\ARM\CMSIS\6.1.0\CMSIS\Core\Include
  D:\keil_v5\GigaDevice\GD32E23x_DFP\2.2.2\Device\Include

<h2>Collection of Component Files used:</h2>

   * Component: ARM::CMSIS:CORE:6.1.0
Build Time Elapsed:  00:00:04
</pre>
</body>
</html>
