<!doctype html public "-//w3c//dtd html 4.0 transitional//en">
<html><head>
<title>Static Call Graph - [.\Objects\code.axf]</title></head>
<body><HR>
<H1>Static Call Graph for image .\Objects\code.axf</H1><HR>
<BR><P>#&#060CALLGRAPH&#062# ARM Linker, 6160001: Last Updated: Tue Jul 15 11:38:39 2025
<BR><P>
<H3>Maximum Stack Usage =        256 bytes + Unknown(Cycles, Untraceable Function Pointers)</H3><H3>
Call chain for Maximum Stack Depth:</H3>
main &rArr; App_Init &rArr; spi_send_to_qg2864_init &rArr; OLED_ShowString &rArr; OLED_ShowChar &rArr; OLED_ClearPoint
<P>
<H3>
Mutually Recursive functions
</H3> <LI><a href="#[1]">NMI_Handler</a>&nbsp;&nbsp;&nbsp;&rArr;&nbsp;&nbsp;&nbsp;<a href="#[1]">NMI_Handler</a><BR>
 <LI><a href="#[3]">SVC_Handler</a>&nbsp;&nbsp;&nbsp;&rArr;&nbsp;&nbsp;&nbsp;<a href="#[3]">SVC_Handler</a><BR>
 <LI><a href="#[4]">PendSV_Handler</a>&nbsp;&nbsp;&nbsp;&rArr;&nbsp;&nbsp;&nbsp;<a href="#[4]">PendSV_Handler</a><BR>
 <LI><a href="#[11]">ADC_CMP_IRQHandler</a>&nbsp;&nbsp;&nbsp;&rArr;&nbsp;&nbsp;&nbsp;<a href="#[11]">ADC_CMP_IRQHandler</a><BR>
</UL>
<P>
<H3>
Function Pointers
</H3><UL>
 <LI><a href="#[11]">ADC_CMP_IRQHandler</a> from startup_gd32e23x.o(.text) referenced from startup_gd32e23x.o(RESET)
 <LI><a href="#[e]">DMA_Channel0_IRQHandler</a> from startup_gd32e23x.o(.text) referenced from startup_gd32e23x.o(RESET)
 <LI><a href="#[f]">DMA_Channel1_2_IRQHandler</a> from gd32e23x_it.o(.text.DMA_Channel1_2_IRQHandler) referenced from startup_gd32e23x.o(RESET)
 <LI><a href="#[10]">DMA_Channel3_4_IRQHandler</a> from startup_gd32e23x.o(.text) referenced from startup_gd32e23x.o(RESET)
 <LI><a href="#[b]">EXTI0_1_IRQHandler</a> from startup_gd32e23x.o(.text) referenced from startup_gd32e23x.o(RESET)
 <LI><a href="#[c]">EXTI2_3_IRQHandler</a> from startup_gd32e23x.o(.text) referenced from startup_gd32e23x.o(RESET)
 <LI><a href="#[d]">EXTI4_15_IRQHandler</a> from startup_gd32e23x.o(.text) referenced from startup_gd32e23x.o(RESET)
 <LI><a href="#[9]">FMC_IRQHandler</a> from startup_gd32e23x.o(.text) referenced from startup_gd32e23x.o(RESET)
 <LI><a href="#[2]">HardFault_Handler</a> from gd32e23x_it.o(.text.HardFault_Handler) referenced from startup_gd32e23x.o(RESET)
 <LI><a href="#[20]">I2C0_ER_IRQHandler</a> from startup_gd32e23x.o(.text) referenced from startup_gd32e23x.o(RESET)
 <LI><a href="#[1a]">I2C0_EV_IRQHandler</a> from startup_gd32e23x.o(.text) referenced from startup_gd32e23x.o(RESET)
 <LI><a href="#[21]">I2C1_ER_IRQHandler</a> from startup_gd32e23x.o(.text) referenced from startup_gd32e23x.o(RESET)
 <LI><a href="#[1b]">I2C1_EV_IRQHandler</a> from startup_gd32e23x.o(.text) referenced from startup_gd32e23x.o(RESET)
 <LI><a href="#[7]">LVD_IRQHandler</a> from startup_gd32e23x.o(.text) referenced from startup_gd32e23x.o(RESET)
 <LI><a href="#[1]">NMI_Handler</a> from startup_gd32e23x.o(.text) referenced from startup_gd32e23x.o(RESET)
 <LI><a href="#[4]">PendSV_Handler</a> from startup_gd32e23x.o(.text) referenced from startup_gd32e23x.o(RESET)
 <LI><a href="#[a]">RCU_IRQHandler</a> from startup_gd32e23x.o(.text) referenced from startup_gd32e23x.o(RESET)
 <LI><a href="#[8]">RTC_IRQHandler</a> from startup_gd32e23x.o(.text) referenced from startup_gd32e23x.o(RESET)
 <LI><a href="#[0]">Reset_Handler</a> from startup_gd32e23x.o(.text) referenced from startup_gd32e23x.o(RESET)
 <LI><a href="#[1c]">SPI0_IRQHandler</a> from startup_gd32e23x.o(.text) referenced from startup_gd32e23x.o(RESET)
 <LI><a href="#[1d]">SPI1_IRQHandler</a> from startup_gd32e23x.o(.text) referenced from startup_gd32e23x.o(RESET)
 <LI><a href="#[3]">SVC_Handler</a> from startup_gd32e23x.o(.text) referenced from startup_gd32e23x.o(RESET)
 <LI><a href="#[5]">SysTick_Handler</a> from gd32e23x_it.o(.text.SysTick_Handler) referenced from startup_gd32e23x.o(RESET)
 <LI><a href="#[23]">SystemInit</a> from system_gd32e23x.o(.text.SystemInit) referenced from startup_gd32e23x.o(.text)
 <LI><a href="#[12]">TIMER0_BRK_UP_TRG_COM_IRQHandler</a> from startup_gd32e23x.o(.text) referenced from startup_gd32e23x.o(RESET)
 <LI><a href="#[13]">TIMER0_Channel_IRQHandler</a> from startup_gd32e23x.o(.text) referenced from startup_gd32e23x.o(RESET)
 <LI><a href="#[16]">TIMER13_IRQHandler</a> from startup_gd32e23x.o(.text) referenced from startup_gd32e23x.o(RESET)
 <LI><a href="#[17]">TIMER14_IRQHandler</a> from startup_gd32e23x.o(.text) referenced from startup_gd32e23x.o(RESET)
 <LI><a href="#[18]">TIMER15_IRQHandler</a> from startup_gd32e23x.o(.text) referenced from startup_gd32e23x.o(RESET)
 <LI><a href="#[19]">TIMER16_IRQHandler</a> from startup_gd32e23x.o(.text) referenced from startup_gd32e23x.o(RESET)
 <LI><a href="#[14]">TIMER2_IRQHandler</a> from startup_gd32e23x.o(.text) referenced from startup_gd32e23x.o(RESET)
 <LI><a href="#[15]">TIMER5_IRQHandler</a> from app.o(.text.TIMER5_IRQHandler) referenced from startup_gd32e23x.o(RESET)
 <LI><a href="#[1e]">USART0_IRQHandler</a> from hw_api_usart.o(.text.USART0_IRQHandler) referenced from startup_gd32e23x.o(RESET)
 <LI><a href="#[1f]">USART1_IRQHandler</a> from startup_gd32e23x.o(.text) referenced from startup_gd32e23x.o(RESET)
 <LI><a href="#[6]">WWDGT_IRQHandler</a> from startup_gd32e23x.o(.text) referenced from startup_gd32e23x.o(RESET)
 <LI><a href="#[24]">__main</a> from entry.o(.ARM.Collect$$$$00000000) referenced from startup_gd32e23x.o(.text)
 <LI><a href="#[26]">_sputc</a> from printfa.o(i._sputc) referenced from printfa.o(i.__0sprintf)
 <LI><a href="#[25]">fputc</a> from hw_api_usart.o(.text.fputc) referenced from printfa.o(i.__0printf)
 <LI><a href="#[22]">main</a> from main.o(.text.main) referenced from entry9a.o(.ARM.Collect$$$$0000000B)
</UL>
<P>
<H3>
Global Symbols
</H3>
<P><STRONG><a name="[24]"></a>__main</STRONG> (Thumb, 0 bytes, Stack size unknown bytes, entry.o(.ARM.Collect$$$$00000000))
<BR>[Address Reference Count : 1]<UL><LI> startup_gd32e23x.o(.text)
</UL>
<P><STRONG><a name="[109]"></a>_main_stk</STRONG> (Thumb, 0 bytes, Stack size unknown bytes, entry2.o(.ARM.Collect$$$$00000001))

<P><STRONG><a name="[27]"></a>_main_scatterload</STRONG> (Thumb, 0 bytes, Stack size unknown bytes, entry5.o(.ARM.Collect$$$$00000004))
<BR><BR>[Calls]<UL><LI><a href="#[28]">&gt;&gt;</a>&nbsp;&nbsp;&nbsp;__scatterload
</UL>

<P><STRONG><a name="[3d]"></a>__main_after_scatterload</STRONG> (Thumb, 0 bytes, Stack size unknown bytes, entry5.o(.ARM.Collect$$$$00000004))
<BR><BR>[Called By]<UL><LI><a href="#[28]">&gt;&gt;</a>&nbsp;&nbsp;&nbsp;__scatterload
</UL>

<P><STRONG><a name="[10a]"></a>_main_clock</STRONG> (Thumb, 0 bytes, Stack size unknown bytes, entry7b.o(.ARM.Collect$$$$00000008))

<P><STRONG><a name="[10b]"></a>_main_cpp_init</STRONG> (Thumb, 0 bytes, Stack size unknown bytes, entry8b.o(.ARM.Collect$$$$0000000A))

<P><STRONG><a name="[10c]"></a>_main_init</STRONG> (Thumb, 0 bytes, Stack size unknown bytes, entry9a.o(.ARM.Collect$$$$0000000B))

<P><STRONG><a name="[10d]"></a>__rt_final_cpp</STRONG> (Thumb, 0 bytes, Stack size unknown bytes, entry10a.o(.ARM.Collect$$$$0000000D))

<P><STRONG><a name="[10e]"></a>__rt_final_exit</STRONG> (Thumb, 0 bytes, Stack size unknown bytes, entry11a.o(.ARM.Collect$$$$0000000F))

<P><STRONG><a name="[0]"></a>Reset_Handler</STRONG> (Thumb, 8 bytes, Stack size 0 bytes, startup_gd32e23x.o(.text))
<BR>[Address Reference Count : 1]<UL><LI> startup_gd32e23x.o(RESET)
</UL>
<P><STRONG><a name="[1]"></a>NMI_Handler</STRONG> (Thumb, 2 bytes, Stack size 0 bytes, startup_gd32e23x.o(.text))
<BR><BR>[Calls]<UL><LI><a href="#[1]">&gt;&gt;</a>&nbsp;&nbsp;&nbsp;NMI_Handler
</UL>
<BR>[Called By]<UL><LI><a href="#[1]">&gt;&gt;</a>&nbsp;&nbsp;&nbsp;NMI_Handler
</UL>
<BR>[Address Reference Count : 1]<UL><LI> startup_gd32e23x.o(RESET)
</UL>
<P><STRONG><a name="[3]"></a>SVC_Handler</STRONG> (Thumb, 2 bytes, Stack size 0 bytes, startup_gd32e23x.o(.text))
<BR><BR>[Calls]<UL><LI><a href="#[3]">&gt;&gt;</a>&nbsp;&nbsp;&nbsp;SVC_Handler
</UL>
<BR>[Called By]<UL><LI><a href="#[3]">&gt;&gt;</a>&nbsp;&nbsp;&nbsp;SVC_Handler
</UL>
<BR>[Address Reference Count : 1]<UL><LI> startup_gd32e23x.o(RESET)
</UL>
<P><STRONG><a name="[4]"></a>PendSV_Handler</STRONG> (Thumb, 2 bytes, Stack size 0 bytes, startup_gd32e23x.o(.text))
<BR><BR>[Calls]<UL><LI><a href="#[4]">&gt;&gt;</a>&nbsp;&nbsp;&nbsp;PendSV_Handler
</UL>
<BR>[Called By]<UL><LI><a href="#[4]">&gt;&gt;</a>&nbsp;&nbsp;&nbsp;PendSV_Handler
</UL>
<BR>[Address Reference Count : 1]<UL><LI> startup_gd32e23x.o(RESET)
</UL>
<P><STRONG><a name="[11]"></a>ADC_CMP_IRQHandler</STRONG> (Thumb, 0 bytes, Stack size 0 bytes, startup_gd32e23x.o(.text))
<BR><BR>[Calls]<UL><LI><a href="#[11]">&gt;&gt;</a>&nbsp;&nbsp;&nbsp;ADC_CMP_IRQHandler
</UL>
<BR>[Called By]<UL><LI><a href="#[11]">&gt;&gt;</a>&nbsp;&nbsp;&nbsp;ADC_CMP_IRQHandler
</UL>
<BR>[Address Reference Count : 1]<UL><LI> startup_gd32e23x.o(RESET)
</UL>
<P><STRONG><a name="[e]"></a>DMA_Channel0_IRQHandler</STRONG> (Thumb, 0 bytes, Stack size 0 bytes, startup_gd32e23x.o(.text))
<BR>[Address Reference Count : 1]<UL><LI> startup_gd32e23x.o(RESET)
</UL>
<P><STRONG><a name="[10]"></a>DMA_Channel3_4_IRQHandler</STRONG> (Thumb, 0 bytes, Stack size 0 bytes, startup_gd32e23x.o(.text))
<BR>[Address Reference Count : 1]<UL><LI> startup_gd32e23x.o(RESET)
</UL>
<P><STRONG><a name="[b]"></a>EXTI0_1_IRQHandler</STRONG> (Thumb, 0 bytes, Stack size 0 bytes, startup_gd32e23x.o(.text))
<BR>[Address Reference Count : 1]<UL><LI> startup_gd32e23x.o(RESET)
</UL>
<P><STRONG><a name="[c]"></a>EXTI2_3_IRQHandler</STRONG> (Thumb, 0 bytes, Stack size 0 bytes, startup_gd32e23x.o(.text))
<BR>[Address Reference Count : 1]<UL><LI> startup_gd32e23x.o(RESET)
</UL>
<P><STRONG><a name="[d]"></a>EXTI4_15_IRQHandler</STRONG> (Thumb, 0 bytes, Stack size 0 bytes, startup_gd32e23x.o(.text))
<BR>[Address Reference Count : 1]<UL><LI> startup_gd32e23x.o(RESET)
</UL>
<P><STRONG><a name="[9]"></a>FMC_IRQHandler</STRONG> (Thumb, 0 bytes, Stack size 0 bytes, startup_gd32e23x.o(.text))
<BR>[Address Reference Count : 1]<UL><LI> startup_gd32e23x.o(RESET)
</UL>
<P><STRONG><a name="[20]"></a>I2C0_ER_IRQHandler</STRONG> (Thumb, 0 bytes, Stack size 0 bytes, startup_gd32e23x.o(.text))
<BR>[Address Reference Count : 1]<UL><LI> startup_gd32e23x.o(RESET)
</UL>
<P><STRONG><a name="[1a]"></a>I2C0_EV_IRQHandler</STRONG> (Thumb, 0 bytes, Stack size 0 bytes, startup_gd32e23x.o(.text))
<BR>[Address Reference Count : 1]<UL><LI> startup_gd32e23x.o(RESET)
</UL>
<P><STRONG><a name="[21]"></a>I2C1_ER_IRQHandler</STRONG> (Thumb, 0 bytes, Stack size 0 bytes, startup_gd32e23x.o(.text))
<BR>[Address Reference Count : 1]<UL><LI> startup_gd32e23x.o(RESET)
</UL>
<P><STRONG><a name="[1b]"></a>I2C1_EV_IRQHandler</STRONG> (Thumb, 0 bytes, Stack size 0 bytes, startup_gd32e23x.o(.text))
<BR>[Address Reference Count : 1]<UL><LI> startup_gd32e23x.o(RESET)
</UL>
<P><STRONG><a name="[7]"></a>LVD_IRQHandler</STRONG> (Thumb, 0 bytes, Stack size 0 bytes, startup_gd32e23x.o(.text))
<BR>[Address Reference Count : 1]<UL><LI> startup_gd32e23x.o(RESET)
</UL>
<P><STRONG><a name="[a]"></a>RCU_IRQHandler</STRONG> (Thumb, 0 bytes, Stack size 0 bytes, startup_gd32e23x.o(.text))
<BR>[Address Reference Count : 1]<UL><LI> startup_gd32e23x.o(RESET)
</UL>
<P><STRONG><a name="[8]"></a>RTC_IRQHandler</STRONG> (Thumb, 0 bytes, Stack size 0 bytes, startup_gd32e23x.o(.text))
<BR>[Address Reference Count : 1]<UL><LI> startup_gd32e23x.o(RESET)
</UL>
<P><STRONG><a name="[1c]"></a>SPI0_IRQHandler</STRONG> (Thumb, 0 bytes, Stack size 0 bytes, startup_gd32e23x.o(.text))
<BR>[Address Reference Count : 1]<UL><LI> startup_gd32e23x.o(RESET)
</UL>
<P><STRONG><a name="[1d]"></a>SPI1_IRQHandler</STRONG> (Thumb, 0 bytes, Stack size 0 bytes, startup_gd32e23x.o(.text))
<BR>[Address Reference Count : 1]<UL><LI> startup_gd32e23x.o(RESET)
</UL>
<P><STRONG><a name="[12]"></a>TIMER0_BRK_UP_TRG_COM_IRQHandler</STRONG> (Thumb, 0 bytes, Stack size 0 bytes, startup_gd32e23x.o(.text))
<BR>[Address Reference Count : 1]<UL><LI> startup_gd32e23x.o(RESET)
</UL>
<P><STRONG><a name="[13]"></a>TIMER0_Channel_IRQHandler</STRONG> (Thumb, 0 bytes, Stack size 0 bytes, startup_gd32e23x.o(.text))
<BR>[Address Reference Count : 1]<UL><LI> startup_gd32e23x.o(RESET)
</UL>
<P><STRONG><a name="[16]"></a>TIMER13_IRQHandler</STRONG> (Thumb, 0 bytes, Stack size 0 bytes, startup_gd32e23x.o(.text))
<BR>[Address Reference Count : 1]<UL><LI> startup_gd32e23x.o(RESET)
</UL>
<P><STRONG><a name="[17]"></a>TIMER14_IRQHandler</STRONG> (Thumb, 0 bytes, Stack size 0 bytes, startup_gd32e23x.o(.text))
<BR>[Address Reference Count : 1]<UL><LI> startup_gd32e23x.o(RESET)
</UL>
<P><STRONG><a name="[18]"></a>TIMER15_IRQHandler</STRONG> (Thumb, 0 bytes, Stack size 0 bytes, startup_gd32e23x.o(.text))
<BR>[Address Reference Count : 1]<UL><LI> startup_gd32e23x.o(RESET)
</UL>
<P><STRONG><a name="[19]"></a>TIMER16_IRQHandler</STRONG> (Thumb, 0 bytes, Stack size 0 bytes, startup_gd32e23x.o(.text))
<BR>[Address Reference Count : 1]<UL><LI> startup_gd32e23x.o(RESET)
</UL>
<P><STRONG><a name="[14]"></a>TIMER2_IRQHandler</STRONG> (Thumb, 0 bytes, Stack size 0 bytes, startup_gd32e23x.o(.text))
<BR>[Address Reference Count : 1]<UL><LI> startup_gd32e23x.o(RESET)
</UL>
<P><STRONG><a name="[1f]"></a>USART1_IRQHandler</STRONG> (Thumb, 0 bytes, Stack size 0 bytes, startup_gd32e23x.o(.text))
<BR>[Address Reference Count : 1]<UL><LI> startup_gd32e23x.o(RESET)
</UL>
<P><STRONG><a name="[6]"></a>WWDGT_IRQHandler</STRONG> (Thumb, 0 bytes, Stack size 0 bytes, startup_gd32e23x.o(.text))
<BR>[Address Reference Count : 1]<UL><LI> startup_gd32e23x.o(RESET)
</UL>
<P><STRONG><a name="[29]"></a>__aeabi_uldivmod</STRONG> (Thumb, 96 bytes, Stack size 48 bytes, uldiv.o(.text))
<BR><BR>[Stack]<UL><LI>Max Depth = 56<LI>Call Chain = __aeabi_uldivmod &rArr; __aeabi_llsr
</UL>
<BR>[Calls]<UL><LI><a href="#[2a]">&gt;&gt;</a>&nbsp;&nbsp;&nbsp;__aeabi_llsr
<LI><a href="#[2b]">&gt;&gt;</a>&nbsp;&nbsp;&nbsp;__aeabi_llsl
</UL>
<BR>[Called By]<UL><LI><a href="#[ba]">&gt;&gt;</a>&nbsp;&nbsp;&nbsp;app_charge_ctl_handle
<LI><a href="#[c0]">&gt;&gt;</a>&nbsp;&nbsp;&nbsp;get_os_ticks_s
<LI><a href="#[102]">&gt;&gt;</a>&nbsp;&nbsp;&nbsp;_printf_core
<LI><a href="#[104]">&gt;&gt;</a>&nbsp;&nbsp;&nbsp;_fp_digits
</UL>

<P><STRONG><a name="[c1]"></a>__aeabi_lmul</STRONG> (Thumb, 48 bytes, Stack size 12 bytes, llmul.o(.text))
<BR><BR>[Stack]<UL><LI>Max Depth = 12<LI>Call Chain = __aeabi_lmul
</UL>
<BR>[Called By]<UL><LI><a href="#[ba]">&gt;&gt;</a>&nbsp;&nbsp;&nbsp;app_charge_ctl_handle
</UL>

<P><STRONG><a name="[10f]"></a>_ll_mul</STRONG> (Thumb, 0 bytes, Stack size 12 bytes, llmul.o(.text), UNUSED)

<P><STRONG><a name="[2c]"></a>__aeabi_fadd</STRONG> (Thumb, 162 bytes, Stack size 24 bytes, fadd.o(.text))
<BR><BR>[Stack]<UL><LI>Max Depth = 36<LI>Call Chain = __aeabi_fadd &rArr; _float_epilogue
</UL>
<BR>[Calls]<UL><LI><a href="#[2e]">&gt;&gt;</a>&nbsp;&nbsp;&nbsp;_float_round
<LI><a href="#[2d]">&gt;&gt;</a>&nbsp;&nbsp;&nbsp;_float_epilogue
</UL>
<BR>[Called By]<UL><LI><a href="#[ba]">&gt;&gt;</a>&nbsp;&nbsp;&nbsp;app_charge_ctl_handle
<LI><a href="#[ad]">&gt;&gt;</a>&nbsp;&nbsp;&nbsp;ac_charge_cp_status_get
<LI><a href="#[cb]">&gt;&gt;</a>&nbsp;&nbsp;&nbsp;drv_common_synncehianN_vol_get
<LI><a href="#[ca]">&gt;&gt;</a>&nbsp;&nbsp;&nbsp;drv_common_synncehianL_vol_get
<LI><a href="#[c9]">&gt;&gt;</a>&nbsp;&nbsp;&nbsp;drv_common_diode_vol_get
<LI><a href="#[c8]">&gt;&gt;</a>&nbsp;&nbsp;&nbsp;drv_common_cp_vol_get
<LI><a href="#[2f]">&gt;&gt;</a>&nbsp;&nbsp;&nbsp;__aeabi_fsub
<LI><a href="#[89]">&gt;&gt;</a>&nbsp;&nbsp;&nbsp;detection_adc_input
<LI><a href="#[c4]">&gt;&gt;</a>&nbsp;&nbsp;&nbsp;app_thermistor_temperature_get
<LI><a href="#[30]">&gt;&gt;</a>&nbsp;&nbsp;&nbsp;__aeabi_frsub
</UL>

<P><STRONG><a name="[2f]"></a>__aeabi_fsub</STRONG> (Thumb, 8 bytes, Stack size 0 bytes, fadd.o(.text))
<BR><BR>[Stack]<UL><LI>Max Depth = 36<LI>Call Chain = __aeabi_fsub &rArr; __aeabi_fadd &rArr; _float_epilogue
</UL>
<BR>[Calls]<UL><LI><a href="#[2c]">&gt;&gt;</a>&nbsp;&nbsp;&nbsp;__aeabi_fadd
</UL>
<BR>[Called By]<UL><LI><a href="#[ba]">&gt;&gt;</a>&nbsp;&nbsp;&nbsp;app_charge_ctl_handle
<LI><a href="#[ad]">&gt;&gt;</a>&nbsp;&nbsp;&nbsp;ac_charge_cp_status_get
</UL>

<P><STRONG><a name="[30]"></a>__aeabi_frsub</STRONG> (Thumb, 8 bytes, Stack size 0 bytes, fadd.o(.text), UNUSED)
<BR><BR>[Calls]<UL><LI><a href="#[2c]">&gt;&gt;</a>&nbsp;&nbsp;&nbsp;__aeabi_fadd
</UL>

<P><STRONG><a name="[d1]"></a>__aeabi_fmul</STRONG> (Thumb, 122 bytes, Stack size 16 bytes, fmul.o(.text))
<BR><BR>[Stack]<UL><LI>Max Depth = 16<LI>Call Chain = __aeabi_fmul
</UL>
<BR>[Called By]<UL><LI><a href="#[cd]">&gt;&gt;</a>&nbsp;&nbsp;&nbsp;drv_common_temperature_vol_get
<LI><a href="#[ce]">&gt;&gt;</a>&nbsp;&nbsp;&nbsp;drv_common_temp_environment_vol_get
<LI><a href="#[cb]">&gt;&gt;</a>&nbsp;&nbsp;&nbsp;drv_common_synncehianN_vol_get
<LI><a href="#[ca]">&gt;&gt;</a>&nbsp;&nbsp;&nbsp;drv_common_synncehianL_vol_get
<LI><a href="#[cc]">&gt;&gt;</a>&nbsp;&nbsp;&nbsp;drv_common_earth_vol_get
<LI><a href="#[c9]">&gt;&gt;</a>&nbsp;&nbsp;&nbsp;drv_common_diode_vol_get
<LI><a href="#[c8]">&gt;&gt;</a>&nbsp;&nbsp;&nbsp;drv_common_cp_vol_get
</UL>

<P><STRONG><a name="[31]"></a>__aeabi_fdiv</STRONG> (Thumb, 124 bytes, Stack size 16 bytes, fdiv.o(.text))
<BR><BR>[Stack]<UL><LI>Max Depth = 16<LI>Call Chain = __aeabi_fdiv
</UL>
<BR>[Calls]<UL><LI><a href="#[2e]">&gt;&gt;</a>&nbsp;&nbsp;&nbsp;_float_round
</UL>
<BR>[Called By]<UL><LI><a href="#[cb]">&gt;&gt;</a>&nbsp;&nbsp;&nbsp;drv_common_synncehianN_vol_get
<LI><a href="#[ca]">&gt;&gt;</a>&nbsp;&nbsp;&nbsp;drv_common_synncehianL_vol_get
<LI><a href="#[c9]">&gt;&gt;</a>&nbsp;&nbsp;&nbsp;drv_common_diode_vol_get
<LI><a href="#[c8]">&gt;&gt;</a>&nbsp;&nbsp;&nbsp;drv_common_cp_vol_get
<LI><a href="#[89]">&gt;&gt;</a>&nbsp;&nbsp;&nbsp;detection_adc_input
</UL>

<P><STRONG><a name="[c5]"></a>__aeabi_fcmplt</STRONG> (Thumb, 28 bytes, Stack size 0 bytes, fcmplt.o(.text))
<BR><BR>[Called By]<UL><LI><a href="#[c4]">&gt;&gt;</a>&nbsp;&nbsp;&nbsp;app_thermistor_temperature_get
</UL>

<P><STRONG><a name="[af]"></a>__aeabi_fcmpgt</STRONG> (Thumb, 28 bytes, Stack size 0 bytes, fcmpgt.o(.text))
<BR><BR>[Called By]<UL><LI><a href="#[ad]">&gt;&gt;</a>&nbsp;&nbsp;&nbsp;ac_charge_cp_status_get
</UL>

<P><STRONG><a name="[b1]"></a>__aeabi_dcmpge</STRONG> (Thumb, 44 bytes, Stack size 8 bytes, dcmpge.o(.text))
<BR><BR>[Stack]<UL><LI>Max Depth = 8<LI>Call Chain = __aeabi_dcmpge
</UL>
<BR>[Called By]<UL><LI><a href="#[ad]">&gt;&gt;</a>&nbsp;&nbsp;&nbsp;ac_charge_cp_status_get
</UL>

<P><STRONG><a name="[32]"></a>__aeabi_i2f</STRONG> (Thumb, 22 bytes, Stack size 8 bytes, fflti.o(.text))
<BR><BR>[Stack]<UL><LI>Max Depth = 20<LI>Call Chain = __aeabi_i2f &rArr; _float_epilogue
</UL>
<BR>[Calls]<UL><LI><a href="#[2d]">&gt;&gt;</a>&nbsp;&nbsp;&nbsp;_float_epilogue
</UL>
<BR>[Called By]<UL><LI><a href="#[cd]">&gt;&gt;</a>&nbsp;&nbsp;&nbsp;drv_common_temperature_vol_get
<LI><a href="#[ce]">&gt;&gt;</a>&nbsp;&nbsp;&nbsp;drv_common_temp_environment_vol_get
<LI><a href="#[cb]">&gt;&gt;</a>&nbsp;&nbsp;&nbsp;drv_common_synncehianN_vol_get
<LI><a href="#[ca]">&gt;&gt;</a>&nbsp;&nbsp;&nbsp;drv_common_synncehianL_vol_get
<LI><a href="#[cc]">&gt;&gt;</a>&nbsp;&nbsp;&nbsp;drv_common_earth_vol_get
<LI><a href="#[c9]">&gt;&gt;</a>&nbsp;&nbsp;&nbsp;drv_common_diode_vol_get
<LI><a href="#[c8]">&gt;&gt;</a>&nbsp;&nbsp;&nbsp;drv_common_cp_vol_get
</UL>

<P><STRONG><a name="[33]"></a>__aeabi_ui2f</STRONG> (Thumb, 14 bytes, Stack size 8 bytes, ffltui.o(.text))
<BR><BR>[Stack]<UL><LI>Max Depth = 20<LI>Call Chain = __aeabi_ui2f &rArr; _float_epilogue
</UL>
<BR>[Calls]<UL><LI><a href="#[2d]">&gt;&gt;</a>&nbsp;&nbsp;&nbsp;_float_epilogue
</UL>
<BR>[Called By]<UL><LI><a href="#[c4]">&gt;&gt;</a>&nbsp;&nbsp;&nbsp;app_thermistor_temperature_get
</UL>

<P><STRONG><a name="[b0]"></a>__aeabi_f2d</STRONG> (Thumb, 40 bytes, Stack size 0 bytes, f2d.o(.text))
<BR><BR>[Called By]<UL><LI><a href="#[ad]">&gt;&gt;</a>&nbsp;&nbsp;&nbsp;ac_charge_cp_status_get
</UL>

<P><STRONG><a name="[2b]"></a>__aeabi_llsl</STRONG> (Thumb, 32 bytes, Stack size 8 bytes, llshl.o(.text))
<BR><BR>[Stack]<UL><LI>Max Depth = 8<LI>Call Chain = __aeabi_llsl
</UL>
<BR>[Called By]<UL><LI><a href="#[36]">&gt;&gt;</a>&nbsp;&nbsp;&nbsp;_double_epilogue
<LI><a href="#[34]">&gt;&gt;</a>&nbsp;&nbsp;&nbsp;__aeabi_dadd
<LI><a href="#[3c]">&gt;&gt;</a>&nbsp;&nbsp;&nbsp;__aeabi_d2ulz
<LI><a href="#[29]">&gt;&gt;</a>&nbsp;&nbsp;&nbsp;__aeabi_uldivmod
</UL>

<P><STRONG><a name="[110]"></a>_ll_shift_l</STRONG> (Thumb, 0 bytes, Stack size 8 bytes, llshl.o(.text), UNUSED)

<P><STRONG><a name="[2a]"></a>__aeabi_llsr</STRONG> (Thumb, 34 bytes, Stack size 8 bytes, llushr.o(.text))
<BR><BR>[Stack]<UL><LI>Max Depth = 8<LI>Call Chain = __aeabi_llsr
</UL>
<BR>[Called By]<UL><LI><a href="#[36]">&gt;&gt;</a>&nbsp;&nbsp;&nbsp;_double_epilogue
<LI><a href="#[3c]">&gt;&gt;</a>&nbsp;&nbsp;&nbsp;__aeabi_d2ulz
<LI><a href="#[29]">&gt;&gt;</a>&nbsp;&nbsp;&nbsp;__aeabi_uldivmod
</UL>

<P><STRONG><a name="[111]"></a>_ll_ushift_r</STRONG> (Thumb, 0 bytes, Stack size 8 bytes, llushr.o(.text), UNUSED)

<P><STRONG><a name="[112]"></a>__I$use$fp</STRONG> (Thumb, 0 bytes, Stack size 0 bytes, iusefp.o(.text), UNUSED)

<P><STRONG><a name="[2e]"></a>_float_round</STRONG> (Thumb, 16 bytes, Stack size 0 bytes, fepilogue.o(.text))
<BR><BR>[Called By]<UL><LI><a href="#[31]">&gt;&gt;</a>&nbsp;&nbsp;&nbsp;__aeabi_fdiv
<LI><a href="#[2c]">&gt;&gt;</a>&nbsp;&nbsp;&nbsp;__aeabi_fadd
</UL>

<P><STRONG><a name="[2d]"></a>_float_epilogue</STRONG> (Thumb, 114 bytes, Stack size 12 bytes, fepilogue.o(.text))
<BR><BR>[Stack]<UL><LI>Max Depth = 12<LI>Call Chain = _float_epilogue
</UL>
<BR>[Called By]<UL><LI><a href="#[33]">&gt;&gt;</a>&nbsp;&nbsp;&nbsp;__aeabi_ui2f
<LI><a href="#[32]">&gt;&gt;</a>&nbsp;&nbsp;&nbsp;__aeabi_i2f
<LI><a href="#[2c]">&gt;&gt;</a>&nbsp;&nbsp;&nbsp;__aeabi_fadd
</UL>

<P><STRONG><a name="[34]"></a>__aeabi_dadd</STRONG> (Thumb, 328 bytes, Stack size 48 bytes, dadd.o(.text), UNUSED)
<BR><BR>[Calls]<UL><LI><a href="#[35]">&gt;&gt;</a>&nbsp;&nbsp;&nbsp;__aeabi_lasr
<LI><a href="#[37]">&gt;&gt;</a>&nbsp;&nbsp;&nbsp;_double_round
<LI><a href="#[36]">&gt;&gt;</a>&nbsp;&nbsp;&nbsp;_double_epilogue
<LI><a href="#[2b]">&gt;&gt;</a>&nbsp;&nbsp;&nbsp;__aeabi_llsl
</UL>
<BR>[Called By]<UL><LI><a href="#[39]">&gt;&gt;</a>&nbsp;&nbsp;&nbsp;__aeabi_drsub
<LI><a href="#[38]">&gt;&gt;</a>&nbsp;&nbsp;&nbsp;__aeabi_dsub
<LI><a href="#[104]">&gt;&gt;</a>&nbsp;&nbsp;&nbsp;_fp_digits
</UL>

<P><STRONG><a name="[38]"></a>__aeabi_dsub</STRONG> (Thumb, 12 bytes, Stack size 8 bytes, dadd.o(.text), UNUSED)
<BR><BR>[Calls]<UL><LI><a href="#[34]">&gt;&gt;</a>&nbsp;&nbsp;&nbsp;__aeabi_dadd
</UL>

<P><STRONG><a name="[39]"></a>__aeabi_drsub</STRONG> (Thumb, 12 bytes, Stack size 8 bytes, dadd.o(.text), UNUSED)
<BR><BR>[Calls]<UL><LI><a href="#[34]">&gt;&gt;</a>&nbsp;&nbsp;&nbsp;__aeabi_dadd
</UL>

<P><STRONG><a name="[3a]"></a>__aeabi_dmul</STRONG> (Thumb, 202 bytes, Stack size 72 bytes, dmul.o(.text), UNUSED)
<BR><BR>[Calls]<UL><LI><a href="#[36]">&gt;&gt;</a>&nbsp;&nbsp;&nbsp;_double_epilogue
</UL>
<BR>[Called By]<UL><LI><a href="#[104]">&gt;&gt;</a>&nbsp;&nbsp;&nbsp;_fp_digits
</UL>

<P><STRONG><a name="[3b]"></a>__aeabi_ddiv</STRONG> (Thumb, 234 bytes, Stack size 40 bytes, ddiv.o(.text), UNUSED)
<BR><BR>[Calls]<UL><LI><a href="#[37]">&gt;&gt;</a>&nbsp;&nbsp;&nbsp;_double_round
</UL>
<BR>[Called By]<UL><LI><a href="#[104]">&gt;&gt;</a>&nbsp;&nbsp;&nbsp;_fp_digits
</UL>

<P><STRONG><a name="[3c]"></a>__aeabi_d2ulz</STRONG> (Thumb, 54 bytes, Stack size 8 bytes, dfixul.o(.text), UNUSED)
<BR><BR>[Calls]<UL><LI><a href="#[2a]">&gt;&gt;</a>&nbsp;&nbsp;&nbsp;__aeabi_llsr
<LI><a href="#[2b]">&gt;&gt;</a>&nbsp;&nbsp;&nbsp;__aeabi_llsl
</UL>
<BR>[Called By]<UL><LI><a href="#[104]">&gt;&gt;</a>&nbsp;&nbsp;&nbsp;_fp_digits
</UL>

<P><STRONG><a name="[105]"></a>__aeabi_cdrcmple</STRONG> (Thumb, 38 bytes, Stack size 0 bytes, cdrcmple.o(.text), UNUSED)
<BR><BR>[Called By]<UL><LI><a href="#[104]">&gt;&gt;</a>&nbsp;&nbsp;&nbsp;_fp_digits
</UL>

<P><STRONG><a name="[28]"></a>__scatterload</STRONG> (Thumb, 28 bytes, Stack size 0 bytes, init.o(.text))
<BR><BR>[Calls]<UL><LI><a href="#[3d]">&gt;&gt;</a>&nbsp;&nbsp;&nbsp;__main_after_scatterload
</UL>
<BR>[Called By]<UL><LI><a href="#[27]">&gt;&gt;</a>&nbsp;&nbsp;&nbsp;_main_scatterload
</UL>

<P><STRONG><a name="[113]"></a>__scatterload_rt2</STRONG> (Thumb, 0 bytes, Stack size 0 bytes, init.o(.text), UNUSED)

<P><STRONG><a name="[114]"></a>__aeabi_uidiv$div0</STRONG> (Thumb, 0 bytes, Stack size 16 bytes, uidiv_div0.o(.text), UNUSED)

<P><STRONG><a name="[108]"></a>__aeabi_uidivmod</STRONG> (Thumb, 62 bytes, Stack size 16 bytes, uidiv_div0.o(.text), UNUSED)
<BR><BR>[Called By]<UL><LI><a href="#[102]">&gt;&gt;</a>&nbsp;&nbsp;&nbsp;_printf_core
</UL>

<P><STRONG><a name="[35]"></a>__aeabi_lasr</STRONG> (Thumb, 38 bytes, Stack size 8 bytes, llsshr.o(.text), UNUSED)
<BR><BR>[Called By]<UL><LI><a href="#[34]">&gt;&gt;</a>&nbsp;&nbsp;&nbsp;__aeabi_dadd
</UL>

<P><STRONG><a name="[115]"></a>_ll_sshift_r</STRONG> (Thumb, 0 bytes, Stack size 8 bytes, llsshr.o(.text), UNUSED)

<P><STRONG><a name="[37]"></a>_double_round</STRONG> (Thumb, 26 bytes, Stack size 8 bytes, depilogue.o(.text), UNUSED)
<BR><BR>[Called By]<UL><LI><a href="#[36]">&gt;&gt;</a>&nbsp;&nbsp;&nbsp;_double_epilogue
<LI><a href="#[3b]">&gt;&gt;</a>&nbsp;&nbsp;&nbsp;__aeabi_ddiv
<LI><a href="#[34]">&gt;&gt;</a>&nbsp;&nbsp;&nbsp;__aeabi_dadd
</UL>

<P><STRONG><a name="[36]"></a>_double_epilogue</STRONG> (Thumb, 164 bytes, Stack size 48 bytes, depilogue.o(.text), UNUSED)
<BR><BR>[Calls]<UL><LI><a href="#[3e]">&gt;&gt;</a>&nbsp;&nbsp;&nbsp;__ARM_clz
<LI><a href="#[37]">&gt;&gt;</a>&nbsp;&nbsp;&nbsp;_double_round
<LI><a href="#[2a]">&gt;&gt;</a>&nbsp;&nbsp;&nbsp;__aeabi_llsr
<LI><a href="#[2b]">&gt;&gt;</a>&nbsp;&nbsp;&nbsp;__aeabi_llsl
</UL>
<BR>[Called By]<UL><LI><a href="#[3a]">&gt;&gt;</a>&nbsp;&nbsp;&nbsp;__aeabi_dmul
<LI><a href="#[34]">&gt;&gt;</a>&nbsp;&nbsp;&nbsp;__aeabi_dadd
</UL>

<P><STRONG><a name="[116]"></a>__decompress</STRONG> (Thumb, 0 bytes, Stack size unknown bytes, __dczerorl2.o(.text), UNUSED)

<P><STRONG><a name="[117]"></a>__decompress1</STRONG> (Thumb, 86 bytes, Stack size unknown bytes, __dczerorl2.o(.text), UNUSED)

<P><STRONG><a name="[3f]"></a>Adc_Init</STRONG> (Thumb, 120 bytes, Stack size 24 bytes, user_cfg.o(.text.Adc_Init))
<BR><BR>[Stack]<UL><LI>Max Depth = 52<LI>Call Chain = Adc_Init &rArr; gpio_mode_set
</UL>
<BR>[Calls]<UL><LI><a href="#[40]">&gt;&gt;</a>&nbsp;&nbsp;&nbsp;rcu_periph_clock_enable
<LI><a href="#[41]">&gt;&gt;</a>&nbsp;&nbsp;&nbsp;rcu_adc_clock_config
<LI><a href="#[42]">&gt;&gt;</a>&nbsp;&nbsp;&nbsp;gpio_mode_set
<LI><a href="#[49]">&gt;&gt;</a>&nbsp;&nbsp;&nbsp;delay_ms
<LI><a href="#[45]">&gt;&gt;</a>&nbsp;&nbsp;&nbsp;adc_special_function_config
<LI><a href="#[46]">&gt;&gt;</a>&nbsp;&nbsp;&nbsp;adc_external_trigger_source_config
<LI><a href="#[47]">&gt;&gt;</a>&nbsp;&nbsp;&nbsp;adc_external_trigger_config
<LI><a href="#[48]">&gt;&gt;</a>&nbsp;&nbsp;&nbsp;adc_enable
<LI><a href="#[43]">&gt;&gt;</a>&nbsp;&nbsp;&nbsp;adc_data_alignment_config
<LI><a href="#[44]">&gt;&gt;</a>&nbsp;&nbsp;&nbsp;adc_channel_length_config
<LI><a href="#[4a]">&gt;&gt;</a>&nbsp;&nbsp;&nbsp;adc_calibration_enable
</UL>
<BR>[Called By]<UL><LI><a href="#[54]">&gt;&gt;</a>&nbsp;&nbsp;&nbsp;App_Init
</UL>

<P><STRONG><a name="[4b]"></a>App_Handler</STRONG> (Thumb, 36 bytes, Stack size 8 bytes, app.o(.text.App_Handler))
<BR><BR>[Stack]<UL><LI>Max Depth = 232<LI>Call Chain = App_Handler &rArr; app_charge_ctl_process &rArr; app_charge_ctl_handle &rArr; get_os_ticks_s &rArr; __aeabi_uldivmod &rArr; __aeabi_llsr
</UL>
<BR>[Calls]<UL><LI><a href="#[52]">&gt;&gt;</a>&nbsp;&nbsp;&nbsp;app_mainctl_process
<LI><a href="#[51]">&gt;&gt;</a>&nbsp;&nbsp;&nbsp;app_charge_ctl_process
<LI><a href="#[50]">&gt;&gt;</a>&nbsp;&nbsp;&nbsp;Realcheck_Handler
<LI><a href="#[4d]">&gt;&gt;</a>&nbsp;&nbsp;&nbsp;Oled_Handler
<LI><a href="#[53]">&gt;&gt;</a>&nbsp;&nbsp;&nbsp;Meter_parameter_update
<LI><a href="#[4e]">&gt;&gt;</a>&nbsp;&nbsp;&nbsp;Led_Handler
<LI><a href="#[4f]">&gt;&gt;</a>&nbsp;&nbsp;&nbsp;Key_Touch_Handler
<LI><a href="#[4c]">&gt;&gt;</a>&nbsp;&nbsp;&nbsp;Fwdgt_Free
</UL>
<BR>[Called By]<UL><LI><a href="#[22]">&gt;&gt;</a>&nbsp;&nbsp;&nbsp;main
</UL>

<P><STRONG><a name="[54]"></a>App_Init</STRONG> (Thumb, 116 bytes, Stack size 16 bytes, app.o(.text.App_Init))
<BR><BR>[Stack]<UL><LI>Max Depth = 240<LI>Call Chain = App_Init &rArr; spi_send_to_qg2864_init &rArr; OLED_ShowString &rArr; OLED_ShowChar &rArr; OLED_ClearPoint
</UL>
<BR>[Calls]<UL><LI><a href="#[5e]">&gt;&gt;</a>&nbsp;&nbsp;&nbsp;ws2812_init
<LI><a href="#[55]">&gt;&gt;</a>&nbsp;&nbsp;&nbsp;systick_config
<LI><a href="#[63]">&gt;&gt;</a>&nbsp;&nbsp;&nbsp;spi_send_to_qg2864_init
<LI><a href="#[62]">&gt;&gt;</a>&nbsp;&nbsp;&nbsp;spi_config
<LI><a href="#[60]">&gt;&gt;</a>&nbsp;&nbsp;&nbsp;rcu_config_SPI
<LI><a href="#[5b]">&gt;&gt;</a>&nbsp;&nbsp;&nbsp;hw_api_usart_data_init
<LI><a href="#[61]">&gt;&gt;</a>&nbsp;&nbsp;&nbsp;gpio_config_SPI
<LI><a href="#[5c]">&gt;&gt;</a>&nbsp;&nbsp;&nbsp;drv_common_usart0_init
<LI><a href="#[59]">&gt;&gt;</a>&nbsp;&nbsp;&nbsp;drv_common_gpio_init
<LI><a href="#[66]">&gt;&gt;</a>&nbsp;&nbsp;&nbsp;app_target_sys_para_init
<LI><a href="#[64]">&gt;&gt;</a>&nbsp;&nbsp;&nbsp;V9260_InitDefaultPara
<LI><a href="#[65]">&gt;&gt;</a>&nbsp;&nbsp;&nbsp;UpdateRaccoonPara
<LI><a href="#[56]">&gt;&gt;</a>&nbsp;&nbsp;&nbsp;Uart1_Init
<LI><a href="#[5f]">&gt;&gt;</a>&nbsp;&nbsp;&nbsp;Timer5_Base
<LI><a href="#[5a]">&gt;&gt;</a>&nbsp;&nbsp;&nbsp;TimeOutDet_Init
<LI><a href="#[5d]">&gt;&gt;</a>&nbsp;&nbsp;&nbsp;Realcheck_Init
<LI><a href="#[57]">&gt;&gt;</a>&nbsp;&nbsp;&nbsp;Meter_V9260_Port_Init
<LI><a href="#[58]">&gt;&gt;</a>&nbsp;&nbsp;&nbsp;Key_Touch_Init
<LI><a href="#[67]">&gt;&gt;</a>&nbsp;&nbsp;&nbsp;Fwdgt_Config
<LI><a href="#[3f]">&gt;&gt;</a>&nbsp;&nbsp;&nbsp;Adc_Init
</UL>
<BR>[Called By]<UL><LI><a href="#[22]">&gt;&gt;</a>&nbsp;&nbsp;&nbsp;main
</UL>

<P><STRONG><a name="[76]"></a>CalculateChecksum</STRONG> (Thumb, 74 bytes, Stack size 16 bytes, bsp_meter_v9260.o(.text.CalculateChecksum))
<BR><BR>[Stack]<UL><LI>Max Depth = 16<LI>Call Chain = CalculateChecksum
</UL>
<BR>[Called By]<UL><LI><a href="#[7d]">&gt;&gt;</a>&nbsp;&nbsp;&nbsp;Meter_V9260_write
<LI><a href="#[7c]">&gt;&gt;</a>&nbsp;&nbsp;&nbsp;Meter_V9260_read_ulevel
<LI><a href="#[7b]">&gt;&gt;</a>&nbsp;&nbsp;&nbsp;Meter_V9260_read_energyevel
<LI><a href="#[75]">&gt;&gt;</a>&nbsp;&nbsp;&nbsp;Meter_V9260_read_currentevel
</UL>

<P><STRONG><a name="[f]"></a>DMA_Channel1_2_IRQHandler</STRONG> (Thumb, 48 bytes, Stack size 8 bytes, gd32e23x_it.o(.text.DMA_Channel1_2_IRQHandler))
<BR><BR>[Stack]<UL><LI>Max Depth = 32<LI>Call Chain = DMA_Channel1_2_IRQHandler &rArr; dma_interrupt_flag_get
</UL>
<BR>[Calls]<UL><LI><a href="#[68]">&gt;&gt;</a>&nbsp;&nbsp;&nbsp;dma_interrupt_flag_get
<LI><a href="#[69]">&gt;&gt;</a>&nbsp;&nbsp;&nbsp;dma_interrupt_flag_clear
</UL>
<BR>[Address Reference Count : 1]<UL><LI> startup_gd32e23x.o(RESET)
</UL>
<P><STRONG><a name="[67]"></a>Fwdgt_Config</STRONG> (Thumb, 38 bytes, Stack size 16 bytes, user_cfg.o(.text.Fwdgt_Config))
<BR><BR>[Stack]<UL><LI>Max Depth = 80<LI>Call Chain = Fwdgt_Config &rArr; rcu_osci_stab_wait &rArr; rcu_flag_get
</UL>
<BR>[Calls]<UL><LI><a href="#[6b]">&gt;&gt;</a>&nbsp;&nbsp;&nbsp;rcu_osci_stab_wait
<LI><a href="#[6a]">&gt;&gt;</a>&nbsp;&nbsp;&nbsp;rcu_osci_on
<LI><a href="#[6d]">&gt;&gt;</a>&nbsp;&nbsp;&nbsp;fwdgt_enable
<LI><a href="#[6c]">&gt;&gt;</a>&nbsp;&nbsp;&nbsp;fwdgt_config
</UL>
<BR>[Called By]<UL><LI><a href="#[54]">&gt;&gt;</a>&nbsp;&nbsp;&nbsp;App_Init
</UL>

<P><STRONG><a name="[4c]"></a>Fwdgt_Free</STRONG> (Thumb, 8 bytes, Stack size 8 bytes, user_cfg.o(.text.Fwdgt_Free))
<BR><BR>[Stack]<UL><LI>Max Depth = 8<LI>Call Chain = Fwdgt_Free
</UL>
<BR>[Calls]<UL><LI><a href="#[6e]">&gt;&gt;</a>&nbsp;&nbsp;&nbsp;fwdgt_counter_reload
</UL>
<BR>[Called By]<UL><LI><a href="#[4b]">&gt;&gt;</a>&nbsp;&nbsp;&nbsp;App_Handler
</UL>

<P><STRONG><a name="[2]"></a>HardFault_Handler</STRONG> (Thumb, 4 bytes, Stack size 0 bytes, gd32e23x_it.o(.text.HardFault_Handler))
<BR>[Address Reference Count : 1]<UL><LI> startup_gd32e23x.o(RESET)
</UL>
<P><STRONG><a name="[4f]"></a>Key_Touch_Handler</STRONG> (Thumb, 96 bytes, Stack size 8 bytes, key_touch_process.o(.text.Key_Touch_Handler))
<BR><BR>[Stack]<UL><LI>Max Depth = 20<LI>Call Chain = Key_Touch_Handler &rArr; gpio_input_bit_get
</UL>
<BR>[Calls]<UL><LI><a href="#[70]">&gt;&gt;</a>&nbsp;&nbsp;&nbsp;gpio_input_bit_get
<LI><a href="#[6f]">&gt;&gt;</a>&nbsp;&nbsp;&nbsp;get_os_ticks_ms
</UL>
<BR>[Called By]<UL><LI><a href="#[4b]">&gt;&gt;</a>&nbsp;&nbsp;&nbsp;App_Handler
</UL>

<P><STRONG><a name="[58]"></a>Key_Touch_Init</STRONG> (Thumb, 48 bytes, Stack size 24 bytes, key_touch_process.o(.text.Key_Touch_Init))
<BR><BR>[Stack]<UL><LI>Max Depth = 56<LI>Call Chain = Key_Touch_Init &rArr; gpio_output_options_set
</UL>
<BR>[Calls]<UL><LI><a href="#[40]">&gt;&gt;</a>&nbsp;&nbsp;&nbsp;rcu_periph_clock_enable
<LI><a href="#[71]">&gt;&gt;</a>&nbsp;&nbsp;&nbsp;gpio_output_options_set
<LI><a href="#[42]">&gt;&gt;</a>&nbsp;&nbsp;&nbsp;gpio_mode_set
</UL>
<BR>[Called By]<UL><LI><a href="#[54]">&gt;&gt;</a>&nbsp;&nbsp;&nbsp;App_Init
</UL>

<P><STRONG><a name="[4e]"></a>Led_Handler</STRONG> (Thumb, 36 bytes, Stack size 8 bytes, bsp_led.o(.text.Led_Handler))
<BR><BR>[Stack]<UL><LI>Max Depth = 144<LI>Call Chain = Led_Handler &rArr; ws2812_display_color &rArr; ws2812_set_color &rArr; ws2812_rgb_set_color_buf
</UL>
<BR>[Calls]<UL><LI><a href="#[74]">&gt;&gt;</a>&nbsp;&nbsp;&nbsp;ws2812_display_color
<LI><a href="#[73]">&gt;&gt;</a>&nbsp;&nbsp;&nbsp;TimeOut_Record
<LI><a href="#[72]">&gt;&gt;</a>&nbsp;&nbsp;&nbsp;TimeOutDet_Check
</UL>
<BR>[Called By]<UL><LI><a href="#[4b]">&gt;&gt;</a>&nbsp;&nbsp;&nbsp;App_Handler
</UL>

<P><STRONG><a name="[57]"></a>Meter_V9260_Port_Init</STRONG> (Thumb, 40 bytes, Stack size 24 bytes, bsp_meter_v9260.o(.text.Meter_V9260_Port_Init))
<BR><BR>[Stack]<UL><LI>Max Depth = 56<LI>Call Chain = Meter_V9260_Port_Init &rArr; gpio_output_options_set
</UL>
<BR>[Calls]<UL><LI><a href="#[71]">&gt;&gt;</a>&nbsp;&nbsp;&nbsp;gpio_output_options_set
<LI><a href="#[42]">&gt;&gt;</a>&nbsp;&nbsp;&nbsp;gpio_mode_set
</UL>
<BR>[Called By]<UL><LI><a href="#[54]">&gt;&gt;</a>&nbsp;&nbsp;&nbsp;App_Init
</UL>

<P><STRONG><a name="[75]"></a>Meter_V9260_read_currentevel</STRONG> (Thumb, 260 bytes, Stack size 40 bytes, bsp_meter_v9260.o(.text.Meter_V9260_read_currentevel))
<BR><BR>[Stack]<UL><LI>Max Depth = 88<LI>Call Chain = Meter_V9260_read_currentevel &rArr; hw_api_uart_dequeue &rArr; dequeue &rArr; check_seqeue_empty
</UL>
<BR>[Calls]<UL><LI><a href="#[76]">&gt;&gt;</a>&nbsp;&nbsp;&nbsp;CalculateChecksum
<LI><a href="#[78]">&gt;&gt;</a>&nbsp;&nbsp;&nbsp;drv_common_usart0_send
<LI><a href="#[7a]">&gt;&gt;</a>&nbsp;&nbsp;&nbsp;hw_api_uart_dequeue
<LI><a href="#[77]">&gt;&gt;</a>&nbsp;&nbsp;&nbsp;hw_api_uart_clear_rcv_data
<LI><a href="#[79]">&gt;&gt;</a>&nbsp;&nbsp;&nbsp;hw_api_uart_check_seqeue_empty
<LI><a href="#[49]">&gt;&gt;</a>&nbsp;&nbsp;&nbsp;delay_ms
</UL>
<BR>[Called By]<UL><LI><a href="#[53]">&gt;&gt;</a>&nbsp;&nbsp;&nbsp;Meter_parameter_update
</UL>

<P><STRONG><a name="[7b]"></a>Meter_V9260_read_energyevel</STRONG> (Thumb, 276 bytes, Stack size 48 bytes, bsp_meter_v9260.o(.text.Meter_V9260_read_energyevel))
<BR><BR>[Stack]<UL><LI>Max Depth = 96<LI>Call Chain = Meter_V9260_read_energyevel &rArr; hw_api_uart_dequeue &rArr; dequeue &rArr; check_seqeue_empty
</UL>
<BR>[Calls]<UL><LI><a href="#[76]">&gt;&gt;</a>&nbsp;&nbsp;&nbsp;CalculateChecksum
<LI><a href="#[78]">&gt;&gt;</a>&nbsp;&nbsp;&nbsp;drv_common_usart0_send
<LI><a href="#[7a]">&gt;&gt;</a>&nbsp;&nbsp;&nbsp;hw_api_uart_dequeue
<LI><a href="#[77]">&gt;&gt;</a>&nbsp;&nbsp;&nbsp;hw_api_uart_clear_rcv_data
<LI><a href="#[79]">&gt;&gt;</a>&nbsp;&nbsp;&nbsp;hw_api_uart_check_seqeue_empty
<LI><a href="#[49]">&gt;&gt;</a>&nbsp;&nbsp;&nbsp;delay_ms
</UL>
<BR>[Called By]<UL><LI><a href="#[53]">&gt;&gt;</a>&nbsp;&nbsp;&nbsp;Meter_parameter_update
</UL>

<P><STRONG><a name="[7c]"></a>Meter_V9260_read_ulevel</STRONG> (Thumb, 268 bytes, Stack size 48 bytes, bsp_meter_v9260.o(.text.Meter_V9260_read_ulevel))
<BR><BR>[Stack]<UL><LI>Max Depth = 96<LI>Call Chain = Meter_V9260_read_ulevel &rArr; hw_api_uart_dequeue &rArr; dequeue &rArr; check_seqeue_empty
</UL>
<BR>[Calls]<UL><LI><a href="#[76]">&gt;&gt;</a>&nbsp;&nbsp;&nbsp;CalculateChecksum
<LI><a href="#[78]">&gt;&gt;</a>&nbsp;&nbsp;&nbsp;drv_common_usart0_send
<LI><a href="#[7a]">&gt;&gt;</a>&nbsp;&nbsp;&nbsp;hw_api_uart_dequeue
<LI><a href="#[77]">&gt;&gt;</a>&nbsp;&nbsp;&nbsp;hw_api_uart_clear_rcv_data
<LI><a href="#[79]">&gt;&gt;</a>&nbsp;&nbsp;&nbsp;hw_api_uart_check_seqeue_empty
<LI><a href="#[49]">&gt;&gt;</a>&nbsp;&nbsp;&nbsp;delay_ms
</UL>
<BR>[Called By]<UL><LI><a href="#[53]">&gt;&gt;</a>&nbsp;&nbsp;&nbsp;Meter_parameter_update
</UL>

<P><STRONG><a name="[7d]"></a>Meter_V9260_write</STRONG> (Thumb, 100 bytes, Stack size 32 bytes, bsp_meter_v9260.o(.text.Meter_V9260_write))
<BR><BR>[Stack]<UL><LI>Max Depth = 72<LI>Call Chain = Meter_V9260_write &rArr; drv_common_usart0_send &rArr; usart_flag_get
</UL>
<BR>[Calls]<UL><LI><a href="#[76]">&gt;&gt;</a>&nbsp;&nbsp;&nbsp;CalculateChecksum
<LI><a href="#[78]">&gt;&gt;</a>&nbsp;&nbsp;&nbsp;drv_common_usart0_send
<LI><a href="#[77]">&gt;&gt;</a>&nbsp;&nbsp;&nbsp;hw_api_uart_clear_rcv_data
</UL>
<BR>[Called By]<UL><LI><a href="#[65]">&gt;&gt;</a>&nbsp;&nbsp;&nbsp;UpdateRaccoonPara
</UL>

<P><STRONG><a name="[53]"></a>Meter_parameter_update</STRONG> (Thumb, 44 bytes, Stack size 16 bytes, app_meter.o(.text.Meter_parameter_update))
<BR><BR>[Stack]<UL><LI>Max Depth = 112<LI>Call Chain = Meter_parameter_update &rArr; Meter_V9260_read_ulevel &rArr; hw_api_uart_dequeue &rArr; dequeue &rArr; check_seqeue_empty
</UL>
<BR>[Calls]<UL><LI><a href="#[7c]">&gt;&gt;</a>&nbsp;&nbsp;&nbsp;Meter_V9260_read_ulevel
<LI><a href="#[7b]">&gt;&gt;</a>&nbsp;&nbsp;&nbsp;Meter_V9260_read_energyevel
<LI><a href="#[75]">&gt;&gt;</a>&nbsp;&nbsp;&nbsp;Meter_V9260_read_currentevel
<LI><a href="#[7e]">&gt;&gt;</a>&nbsp;&nbsp;&nbsp;meter_9260_receive_number_handle
</UL>
<BR>[Called By]<UL><LI><a href="#[4b]">&gt;&gt;</a>&nbsp;&nbsp;&nbsp;App_Handler
</UL>

<P><STRONG><a name="[7f]"></a>OLED_Clear</STRONG> (Thumb, 92 bytes, Stack size 16 bytes, bsp_oled.o(.text.OLED_Clear))
<BR><BR>[Stack]<UL><LI>Max Depth = 88<LI>Call Chain = OLED_Clear &rArr; OLED_Refresh &rArr; spi_config_send &rArr; spi_i2s_data_transmit
</UL>
<BR>[Calls]<UL><LI><a href="#[80]">&gt;&gt;</a>&nbsp;&nbsp;&nbsp;OLED_Refresh
</UL>
<BR>[Called By]<UL><LI><a href="#[63]">&gt;&gt;</a>&nbsp;&nbsp;&nbsp;spi_send_to_qg2864_init
</UL>

<P><STRONG><a name="[84]"></a>OLED_ClearPoint</STRONG> (Thumb, 96 bytes, Stack size 40 bytes, bsp_oled.o(.text.OLED_ClearPoint))
<BR><BR>[Stack]<UL><LI>Max Depth = 40<LI>Call Chain = OLED_ClearPoint
</UL>
<BR>[Called By]<UL><LI><a href="#[82]">&gt;&gt;</a>&nbsp;&nbsp;&nbsp;OLED_ShowChar
</UL>

<P><STRONG><a name="[83]"></a>OLED_DrawPoint</STRONG> (Thumb, 68 bytes, Stack size 24 bytes, bsp_oled.o(.text.OLED_DrawPoint))
<BR><BR>[Stack]<UL><LI>Max Depth = 24<LI>Call Chain = OLED_DrawPoint
</UL>
<BR>[Called By]<UL><LI><a href="#[82]">&gt;&gt;</a>&nbsp;&nbsp;&nbsp;OLED_ShowChar
</UL>

<P><STRONG><a name="[80]"></a>OLED_Refresh</STRONG> (Thumb, 120 bytes, Stack size 24 bytes, bsp_oled.o(.text.OLED_Refresh))
<BR><BR>[Stack]<UL><LI>Max Depth = 72<LI>Call Chain = OLED_Refresh &rArr; spi_config_send &rArr; spi_i2s_data_transmit
</UL>
<BR>[Calls]<UL><LI><a href="#[81]">&gt;&gt;</a>&nbsp;&nbsp;&nbsp;spi_config_send
</UL>
<BR>[Called By]<UL><LI><a href="#[7f]">&gt;&gt;</a>&nbsp;&nbsp;&nbsp;OLED_Clear
<LI><a href="#[63]">&gt;&gt;</a>&nbsp;&nbsp;&nbsp;spi_send_to_qg2864_init
<LI><a href="#[4d]">&gt;&gt;</a>&nbsp;&nbsp;&nbsp;Oled_Handler
</UL>

<P><STRONG><a name="[82]"></a>OLED_ShowChar</STRONG> (Thumb, 252 bytes, Stack size 72 bytes, bsp_oled.o(.text.OLED_ShowChar))
<BR><BR>[Stack]<UL><LI>Max Depth = 112<LI>Call Chain = OLED_ShowChar &rArr; OLED_ClearPoint
</UL>
<BR>[Calls]<UL><LI><a href="#[83]">&gt;&gt;</a>&nbsp;&nbsp;&nbsp;OLED_DrawPoint
<LI><a href="#[84]">&gt;&gt;</a>&nbsp;&nbsp;&nbsp;OLED_ClearPoint
</UL>
<BR>[Called By]<UL><LI><a href="#[85]">&gt;&gt;</a>&nbsp;&nbsp;&nbsp;OLED_ShowString
</UL>

<P><STRONG><a name="[85]"></a>OLED_ShowString</STRONG> (Thumb, 148 bytes, Stack size 48 bytes, bsp_oled.o(.text.OLED_ShowString))
<BR><BR>[Stack]<UL><LI>Max Depth = 160<LI>Call Chain = OLED_ShowString &rArr; OLED_ShowChar &rArr; OLED_ClearPoint
</UL>
<BR>[Calls]<UL><LI><a href="#[82]">&gt;&gt;</a>&nbsp;&nbsp;&nbsp;OLED_ShowChar
</UL>
<BR>[Called By]<UL><LI><a href="#[63]">&gt;&gt;</a>&nbsp;&nbsp;&nbsp;spi_send_to_qg2864_init
<LI><a href="#[4d]">&gt;&gt;</a>&nbsp;&nbsp;&nbsp;Oled_Handler
</UL>

<P><STRONG><a name="[4d]"></a>Oled_Handler</STRONG> (Thumb, 48 bytes, Stack size 32 bytes, bsp_oled.o(.text.Oled_Handler))
<BR><BR>[Stack]<UL><LI>Max Depth = 192<LI>Call Chain = Oled_Handler &rArr; OLED_ShowString &rArr; OLED_ShowChar &rArr; OLED_ClearPoint
</UL>
<BR>[Calls]<UL><LI><a href="#[85]">&gt;&gt;</a>&nbsp;&nbsp;&nbsp;OLED_ShowString
<LI><a href="#[80]">&gt;&gt;</a>&nbsp;&nbsp;&nbsp;OLED_Refresh
<LI><a href="#[86]">&gt;&gt;</a>&nbsp;&nbsp;&nbsp;sprintf
</UL>
<BR>[Called By]<UL><LI><a href="#[4b]">&gt;&gt;</a>&nbsp;&nbsp;&nbsp;App_Handler
</UL>

<P><STRONG><a name="[50]"></a>Realcheck_Handler</STRONG> (Thumb, 16 bytes, Stack size 8 bytes, app_realcheck.o(.text.Realcheck_Handler))
<BR><BR>[Stack]<UL><LI>Max Depth = 132<LI>Call Chain = Realcheck_Handler &rArr; detection_adc_input &rArr; drv_common_temperature_vol_get &rArr; adc_channel_sample &rArr; app_common_get_avg_abandon_some_extr
</UL>
<BR>[Calls]<UL><LI><a href="#[88]">&gt;&gt;</a>&nbsp;&nbsp;&nbsp;meter_value_get
<LI><a href="#[87]">&gt;&gt;</a>&nbsp;&nbsp;&nbsp;detection_alloc_input_port
<LI><a href="#[89]">&gt;&gt;</a>&nbsp;&nbsp;&nbsp;detection_adc_input
</UL>
<BR>[Called By]<UL><LI><a href="#[4b]">&gt;&gt;</a>&nbsp;&nbsp;&nbsp;App_Handler
</UL>

<P><STRONG><a name="[5d]"></a>Realcheck_Init</STRONG> (Thumb, 2 bytes, Stack size 0 bytes, app_realcheck.o(.text.Realcheck_Init))
<BR><BR>[Called By]<UL><LI><a href="#[54]">&gt;&gt;</a>&nbsp;&nbsp;&nbsp;App_Init
</UL>

<P><STRONG><a name="[5]"></a>SysTick_Handler</STRONG> (Thumb, 8 bytes, Stack size 8 bytes, gd32e23x_it.o(.text.SysTick_Handler))
<BR><BR>[Stack]<UL><LI>Max Depth = 8<LI>Call Chain = SysTick_Handler
</UL>
<BR>[Calls]<UL><LI><a href="#[8c]">&gt;&gt;</a>&nbsp;&nbsp;&nbsp;delay_increment
</UL>
<BR>[Address Reference Count : 1]<UL><LI> startup_gd32e23x.o(RESET)
</UL>
<P><STRONG><a name="[23]"></a>SystemInit</STRONG> (Thumb, 216 bytes, Stack size 24 bytes, system_gd32e23x.o(.text.SystemInit))
<BR><BR>[Stack]<UL><LI>Max Depth = 48<LI>Call Chain = SystemInit &rArr; system_clock_config &rArr; system_clock_72m_irc8m
</UL>
<BR>[Calls]<UL><LI><a href="#[8e]">&gt;&gt;</a>&nbsp;&nbsp;&nbsp;nvic_vector_table_set
<LI><a href="#[8d]">&gt;&gt;</a>&nbsp;&nbsp;&nbsp;system_clock_config
</UL>
<BR>[Address Reference Count : 1]<UL><LI> startup_gd32e23x.o(.text)
</UL>
<P><STRONG><a name="[15]"></a>TIMER5_IRQHandler</STRONG> (Thumb, 336 bytes, Stack size 32 bytes, app.o(.text.TIMER5_IRQHandler))
<BR><BR>[Stack]<UL><LI>Max Depth = 56<LI>Call Chain = TIMER5_IRQHandler &rArr; printf
</UL>
<BR>[Calls]<UL><LI><a href="#[8f]">&gt;&gt;</a>&nbsp;&nbsp;&nbsp;timer_interrupt_flag_get
<LI><a href="#[90]">&gt;&gt;</a>&nbsp;&nbsp;&nbsp;timer_interrupt_flag_clear
<LI><a href="#[93]">&gt;&gt;</a>&nbsp;&nbsp;&nbsp;gpio_bit_set
<LI><a href="#[94]">&gt;&gt;</a>&nbsp;&nbsp;&nbsp;gpio_bit_reset
<LI><a href="#[91]">&gt;&gt;</a>&nbsp;&nbsp;&nbsp;TimeOutDet_DecHandle
<LI><a href="#[92]">&gt;&gt;</a>&nbsp;&nbsp;&nbsp;printf
</UL>
<BR>[Address Reference Count : 1]<UL><LI> startup_gd32e23x.o(RESET)
</UL>
<P><STRONG><a name="[72]"></a>TimeOutDet_Check</STRONG> (Thumb, 40 bytes, Stack size 12 bytes, timeout.o(.text.TimeOutDet_Check))
<BR><BR>[Stack]<UL><LI>Max Depth = 12<LI>Call Chain = TimeOutDet_Check
</UL>
<BR>[Called By]<UL><LI><a href="#[4e]">&gt;&gt;</a>&nbsp;&nbsp;&nbsp;Led_Handler
</UL>

<P><STRONG><a name="[91]"></a>TimeOutDet_DecHandle</STRONG> (Thumb, 12 bytes, Stack size 0 bytes, timeout.o(.text.TimeOutDet_DecHandle))
<BR><BR>[Called By]<UL><LI><a href="#[15]">&gt;&gt;</a>&nbsp;&nbsp;&nbsp;TIMER5_IRQHandler
</UL>

<P><STRONG><a name="[5a]"></a>TimeOutDet_Init</STRONG> (Thumb, 8 bytes, Stack size 0 bytes, timeout.o(.text.TimeOutDet_Init))
<BR><BR>[Called By]<UL><LI><a href="#[54]">&gt;&gt;</a>&nbsp;&nbsp;&nbsp;App_Init
</UL>

<P><STRONG><a name="[95]"></a>TimeOut_BaseValue</STRONG> (Thumb, 8 bytes, Stack size 0 bytes, timeout.o(.text.TimeOut_BaseValue))
<BR><BR>[Called By]<UL><LI><a href="#[73]">&gt;&gt;</a>&nbsp;&nbsp;&nbsp;TimeOut_Record
</UL>

<P><STRONG><a name="[73]"></a>TimeOut_Record</STRONG> (Thumb, 26 bytes, Stack size 16 bytes, timeout.o(.text.TimeOut_Record))
<BR><BR>[Stack]<UL><LI>Max Depth = 16<LI>Call Chain = TimeOut_Record
</UL>
<BR>[Calls]<UL><LI><a href="#[95]">&gt;&gt;</a>&nbsp;&nbsp;&nbsp;TimeOut_BaseValue
</UL>
<BR>[Called By]<UL><LI><a href="#[4e]">&gt;&gt;</a>&nbsp;&nbsp;&nbsp;Led_Handler
</UL>

<P><STRONG><a name="[5f]"></a>Timer5_Base</STRONG> (Thumb, 88 bytes, Stack size 40 bytes, user_cfg.o(.text.Timer5_Base))
<BR><BR>[Stack]<UL><LI>Max Depth = 92<LI>Call Chain = Timer5_Base &rArr; timer_deinit &rArr; rcu_periph_reset_enable
</UL>
<BR>[Calls]<UL><LI><a href="#[97]">&gt;&gt;</a>&nbsp;&nbsp;&nbsp;timer_struct_para_init
<LI><a href="#[99]">&gt;&gt;</a>&nbsp;&nbsp;&nbsp;timer_interrupt_enable
<LI><a href="#[98]">&gt;&gt;</a>&nbsp;&nbsp;&nbsp;timer_init
<LI><a href="#[9a]">&gt;&gt;</a>&nbsp;&nbsp;&nbsp;timer_enable
<LI><a href="#[96]">&gt;&gt;</a>&nbsp;&nbsp;&nbsp;timer_deinit
<LI><a href="#[40]">&gt;&gt;</a>&nbsp;&nbsp;&nbsp;rcu_periph_clock_enable
<LI><a href="#[9b]">&gt;&gt;</a>&nbsp;&nbsp;&nbsp;nvic_irq_enable
<LI><a href="#[90]">&gt;&gt;</a>&nbsp;&nbsp;&nbsp;timer_interrupt_flag_clear
</UL>
<BR>[Called By]<UL><LI><a href="#[54]">&gt;&gt;</a>&nbsp;&nbsp;&nbsp;App_Init
</UL>

<P><STRONG><a name="[1e]"></a>USART0_IRQHandler</STRONG> (Thumb, 104 bytes, Stack size 24 bytes, hw_api_usart.o(.text.USART0_IRQHandler))
<BR><BR>[Stack]<UL><LI>Max Depth = 52<LI>Call Chain = USART0_IRQHandler &rArr; usart_interrupt_flag_get
</UL>
<BR>[Calls]<UL><LI><a href="#[9c]">&gt;&gt;</a>&nbsp;&nbsp;&nbsp;usart_interrupt_flag_get
<LI><a href="#[9f]">&gt;&gt;</a>&nbsp;&nbsp;&nbsp;usart_interrupt_flag_clear
<LI><a href="#[9d]">&gt;&gt;</a>&nbsp;&nbsp;&nbsp;usart_data_receive
<LI><a href="#[9e]">&gt;&gt;</a>&nbsp;&nbsp;&nbsp;uart_enqueue
</UL>
<BR>[Address Reference Count : 1]<UL><LI> startup_gd32e23x.o(RESET)
</UL>
<P><STRONG><a name="[56]"></a>Uart1_Init</STRONG> (Thumb, 96 bytes, Stack size 24 bytes, user_cfg.o(.text.Uart1_Init))
<BR><BR>[Stack]<UL><LI>Max Depth = 180<LI>Call Chain = Uart1_Init &rArr; usart_baudrate_set &rArr; rcu_clock_freq_get
</UL>
<BR>[Calls]<UL><LI><a href="#[a3]">&gt;&gt;</a>&nbsp;&nbsp;&nbsp;usart_transmit_config
<LI><a href="#[a4]">&gt;&gt;</a>&nbsp;&nbsp;&nbsp;usart_enable
<LI><a href="#[a1]">&gt;&gt;</a>&nbsp;&nbsp;&nbsp;usart_deinit
<LI><a href="#[a2]">&gt;&gt;</a>&nbsp;&nbsp;&nbsp;usart_baudrate_set
<LI><a href="#[40]">&gt;&gt;</a>&nbsp;&nbsp;&nbsp;rcu_periph_clock_enable
<LI><a href="#[71]">&gt;&gt;</a>&nbsp;&nbsp;&nbsp;gpio_output_options_set
<LI><a href="#[42]">&gt;&gt;</a>&nbsp;&nbsp;&nbsp;gpio_mode_set
<LI><a href="#[a0]">&gt;&gt;</a>&nbsp;&nbsp;&nbsp;gpio_af_set
</UL>
<BR>[Called By]<UL><LI><a href="#[54]">&gt;&gt;</a>&nbsp;&nbsp;&nbsp;App_Init
</UL>

<P><STRONG><a name="[65]"></a>UpdateRaccoonPara</STRONG> (Thumb, 136 bytes, Stack size 24 bytes, bsp_meter_v9260.o(.text.UpdateRaccoonPara))
<BR><BR>[Stack]<UL><LI>Max Depth = 96<LI>Call Chain = UpdateRaccoonPara &rArr; Meter_V9260_write &rArr; drv_common_usart0_send &rArr; usart_flag_get
</UL>
<BR>[Calls]<UL><LI><a href="#[7d]">&gt;&gt;</a>&nbsp;&nbsp;&nbsp;Meter_V9260_write
<LI><a href="#[49]">&gt;&gt;</a>&nbsp;&nbsp;&nbsp;delay_ms
</UL>
<BR>[Called By]<UL><LI><a href="#[54]">&gt;&gt;</a>&nbsp;&nbsp;&nbsp;App_Init
</UL>

<P><STRONG><a name="[64]"></a>V9260_InitDefaultPara</STRONG> (Thumb, 44 bytes, Stack size 0 bytes, bsp_meter_v9260.o(.text.V9260_InitDefaultPara))
<BR><BR>[Called By]<UL><LI><a href="#[54]">&gt;&gt;</a>&nbsp;&nbsp;&nbsp;App_Init
</UL>

<P><STRONG><a name="[a5]"></a>WriteFlashTest</STRONG> (Thumb, 108 bytes, Stack size 32 bytes, drv_common.o(.text.WriteFlashTest))
<BR><BR>[Stack]<UL><LI>Max Depth = 92<LI>Call Chain = WriteFlashTest &rArr; fmc_word_program &rArr; fmc_ready_wait &rArr; fmc_state_get
</UL>
<BR>[Calls]<UL><LI><a href="#[a7]">&gt;&gt;</a>&nbsp;&nbsp;&nbsp;ob_unlock
<LI><a href="#[ab]">&gt;&gt;</a>&nbsp;&nbsp;&nbsp;ob_lock
<LI><a href="#[a8]">&gt;&gt;</a>&nbsp;&nbsp;&nbsp;fmc_flag_clear
<LI><a href="#[aa]">&gt;&gt;</a>&nbsp;&nbsp;&nbsp;fmc_word_program
<LI><a href="#[a6]">&gt;&gt;</a>&nbsp;&nbsp;&nbsp;fmc_unlock
<LI><a href="#[a9]">&gt;&gt;</a>&nbsp;&nbsp;&nbsp;fmc_page_erase
<LI><a href="#[ac]">&gt;&gt;</a>&nbsp;&nbsp;&nbsp;fmc_lock
</UL>
<BR>[Called By]<UL><LI><a href="#[c2]">&gt;&gt;</a>&nbsp;&nbsp;&nbsp;main_change_ground_detection_handle
</UL>

<P><STRONG><a name="[4a]"></a>adc_calibration_enable</STRONG> (Thumb, 56 bytes, Stack size 0 bytes, gd32e23x_adc.o(.text.adc_calibration_enable))
<BR><BR>[Called By]<UL><LI><a href="#[3f]">&gt;&gt;</a>&nbsp;&nbsp;&nbsp;Adc_Init
</UL>

<P><STRONG><a name="[44]"></a>adc_channel_length_config</STRONG> (Thumb, 96 bytes, Stack size 12 bytes, gd32e23x_adc.o(.text.adc_channel_length_config))
<BR><BR>[Stack]<UL><LI>Max Depth = 12<LI>Call Chain = adc_channel_length_config
</UL>
<BR>[Called By]<UL><LI><a href="#[3f]">&gt;&gt;</a>&nbsp;&nbsp;&nbsp;Adc_Init
</UL>

<P><STRONG><a name="[b2]"></a>adc_channel_sample</STRONG> (Thumb, 146 bytes, Stack size 48 bytes, drv_common.o(.text.adc_channel_sample))
<BR><BR>[Stack]<UL><LI>Max Depth = 92<LI>Call Chain = adc_channel_sample &rArr; app_common_get_avg_abandon_some_extr
</UL>
<BR>[Calls]<UL><LI><a href="#[b5]">&gt;&gt;</a>&nbsp;&nbsp;&nbsp;adc_software_trigger_enable
<LI><a href="#[b3]">&gt;&gt;</a>&nbsp;&nbsp;&nbsp;adc_resolution_config
<LI><a href="#[b8]">&gt;&gt;</a>&nbsp;&nbsp;&nbsp;adc_regular_data_read
<LI><a href="#[b4]">&gt;&gt;</a>&nbsp;&nbsp;&nbsp;adc_regular_channel_config
<LI><a href="#[b6]">&gt;&gt;</a>&nbsp;&nbsp;&nbsp;adc_flag_get
<LI><a href="#[b7]">&gt;&gt;</a>&nbsp;&nbsp;&nbsp;adc_flag_clear
<LI><a href="#[b9]">&gt;&gt;</a>&nbsp;&nbsp;&nbsp;app_common_get_avg_abandon_some_extr
<LI><a href="#[49]">&gt;&gt;</a>&nbsp;&nbsp;&nbsp;delay_ms
</UL>
<BR>[Called By]<UL><LI><a href="#[cd]">&gt;&gt;</a>&nbsp;&nbsp;&nbsp;drv_common_temperature_vol_get
<LI><a href="#[ce]">&gt;&gt;</a>&nbsp;&nbsp;&nbsp;drv_common_temp_environment_vol_get
<LI><a href="#[cb]">&gt;&gt;</a>&nbsp;&nbsp;&nbsp;drv_common_synncehianN_vol_get
<LI><a href="#[ca]">&gt;&gt;</a>&nbsp;&nbsp;&nbsp;drv_common_synncehianL_vol_get
<LI><a href="#[cc]">&gt;&gt;</a>&nbsp;&nbsp;&nbsp;drv_common_earth_vol_get
<LI><a href="#[c9]">&gt;&gt;</a>&nbsp;&nbsp;&nbsp;drv_common_diode_vol_get
<LI><a href="#[c8]">&gt;&gt;</a>&nbsp;&nbsp;&nbsp;drv_common_cp_vol_get
</UL>

<P><STRONG><a name="[43]"></a>adc_data_alignment_config</STRONG> (Thumb, 44 bytes, Stack size 4 bytes, gd32e23x_adc.o(.text.adc_data_alignment_config))
<BR><BR>[Stack]<UL><LI>Max Depth = 4<LI>Call Chain = adc_data_alignment_config
</UL>
<BR>[Called By]<UL><LI><a href="#[3f]">&gt;&gt;</a>&nbsp;&nbsp;&nbsp;Adc_Init
</UL>

<P><STRONG><a name="[48]"></a>adc_enable</STRONG> (Thumb, 24 bytes, Stack size 0 bytes, gd32e23x_adc.o(.text.adc_enable))
<BR><BR>[Called By]<UL><LI><a href="#[3f]">&gt;&gt;</a>&nbsp;&nbsp;&nbsp;Adc_Init
</UL>

<P><STRONG><a name="[47]"></a>adc_external_trigger_config</STRONG> (Thumb, 124 bytes, Stack size 8 bytes, gd32e23x_adc.o(.text.adc_external_trigger_config))
<BR><BR>[Stack]<UL><LI>Max Depth = 8<LI>Call Chain = adc_external_trigger_config
</UL>
<BR>[Called By]<UL><LI><a href="#[3f]">&gt;&gt;</a>&nbsp;&nbsp;&nbsp;Adc_Init
</UL>

<P><STRONG><a name="[46]"></a>adc_external_trigger_source_config</STRONG> (Thumb, 80 bytes, Stack size 12 bytes, gd32e23x_adc.o(.text.adc_external_trigger_source_config))
<BR><BR>[Stack]<UL><LI>Max Depth = 12<LI>Call Chain = adc_external_trigger_source_config
</UL>
<BR>[Called By]<UL><LI><a href="#[3f]">&gt;&gt;</a>&nbsp;&nbsp;&nbsp;Adc_Init
</UL>

<P><STRONG><a name="[b7]"></a>adc_flag_clear</STRONG> (Thumb, 20 bytes, Stack size 4 bytes, gd32e23x_adc.o(.text.adc_flag_clear))
<BR><BR>[Stack]<UL><LI>Max Depth = 4<LI>Call Chain = adc_flag_clear
</UL>
<BR>[Called By]<UL><LI><a href="#[b2]">&gt;&gt;</a>&nbsp;&nbsp;&nbsp;adc_channel_sample
</UL>

<P><STRONG><a name="[b6]"></a>adc_flag_get</STRONG> (Thumb, 40 bytes, Stack size 8 bytes, gd32e23x_adc.o(.text.adc_flag_get))
<BR><BR>[Stack]<UL><LI>Max Depth = 8<LI>Call Chain = adc_flag_get
</UL>
<BR>[Called By]<UL><LI><a href="#[b2]">&gt;&gt;</a>&nbsp;&nbsp;&nbsp;adc_channel_sample
</UL>

<P><STRONG><a name="[b4]"></a>adc_regular_channel_config</STRONG> (Thumb, 328 bytes, Stack size 28 bytes, gd32e23x_adc.o(.text.adc_regular_channel_config))
<BR><BR>[Stack]<UL><LI>Max Depth = 28<LI>Call Chain = adc_regular_channel_config
</UL>
<BR>[Called By]<UL><LI><a href="#[b2]">&gt;&gt;</a>&nbsp;&nbsp;&nbsp;adc_channel_sample
</UL>

<P><STRONG><a name="[b8]"></a>adc_regular_data_read</STRONG> (Thumb, 8 bytes, Stack size 0 bytes, gd32e23x_adc.o(.text.adc_regular_data_read))
<BR><BR>[Called By]<UL><LI><a href="#[b2]">&gt;&gt;</a>&nbsp;&nbsp;&nbsp;adc_channel_sample
</UL>

<P><STRONG><a name="[b3]"></a>adc_resolution_config</STRONG> (Thumb, 28 bytes, Stack size 4 bytes, gd32e23x_adc.o(.text.adc_resolution_config))
<BR><BR>[Stack]<UL><LI>Max Depth = 4<LI>Call Chain = adc_resolution_config
</UL>
<BR>[Called By]<UL><LI><a href="#[b2]">&gt;&gt;</a>&nbsp;&nbsp;&nbsp;adc_channel_sample
</UL>

<P><STRONG><a name="[b5]"></a>adc_software_trigger_enable</STRONG> (Thumb, 60 bytes, Stack size 4 bytes, gd32e23x_adc.o(.text.adc_software_trigger_enable))
<BR><BR>[Stack]<UL><LI>Max Depth = 4<LI>Call Chain = adc_software_trigger_enable
</UL>
<BR>[Called By]<UL><LI><a href="#[b2]">&gt;&gt;</a>&nbsp;&nbsp;&nbsp;adc_channel_sample
</UL>

<P><STRONG><a name="[45]"></a>adc_special_function_config</STRONG> (Thumb, 172 bytes, Stack size 8 bytes, gd32e23x_adc.o(.text.adc_special_function_config))
<BR><BR>[Stack]<UL><LI>Max Depth = 8<LI>Call Chain = adc_special_function_config
</UL>
<BR>[Called By]<UL><LI><a href="#[3f]">&gt;&gt;</a>&nbsp;&nbsp;&nbsp;Adc_Init
</UL>

<P><STRONG><a name="[ba]"></a>app_charge_ctl_handle</STRONG> (Thumb, 2044 bytes, Stack size 152 bytes, app_chargectl.o(.text.app_charge_ctl_handle))
<BR><BR>[Stack]<UL><LI>Max Depth = 216<LI>Call Chain = app_charge_ctl_handle &rArr; get_os_ticks_s &rArr; __aeabi_uldivmod &rArr; __aeabi_llsr
</UL>
<BR>[Calls]<UL><LI><a href="#[bf]">&gt;&gt;</a>&nbsp;&nbsp;&nbsp;drv_common_set_gpio_status
<LI><a href="#[bc]">&gt;&gt;</a>&nbsp;&nbsp;&nbsp;drv_common_set_cp_pwm
<LI><a href="#[bd]">&gt;&gt;</a>&nbsp;&nbsp;&nbsp;charge_ctl_preparecharge_init_data
<LI><a href="#[be]">&gt;&gt;</a>&nbsp;&nbsp;&nbsp;charge_ctl_check_err
<LI><a href="#[c0]">&gt;&gt;</a>&nbsp;&nbsp;&nbsp;get_os_ticks_s
<LI><a href="#[6f]">&gt;&gt;</a>&nbsp;&nbsp;&nbsp;get_os_ticks_ms
<LI><a href="#[bb]">&gt;&gt;</a>&nbsp;&nbsp;&nbsp;get_oled_keypad_curr_flashdata
<LI><a href="#[2f]">&gt;&gt;</a>&nbsp;&nbsp;&nbsp;__aeabi_fsub
<LI><a href="#[2c]">&gt;&gt;</a>&nbsp;&nbsp;&nbsp;__aeabi_fadd
<LI><a href="#[93]">&gt;&gt;</a>&nbsp;&nbsp;&nbsp;gpio_bit_set
<LI><a href="#[94]">&gt;&gt;</a>&nbsp;&nbsp;&nbsp;gpio_bit_reset
<LI><a href="#[92]">&gt;&gt;</a>&nbsp;&nbsp;&nbsp;printf
<LI><a href="#[c1]">&gt;&gt;</a>&nbsp;&nbsp;&nbsp;__aeabi_lmul
<LI><a href="#[29]">&gt;&gt;</a>&nbsp;&nbsp;&nbsp;__aeabi_uldivmod
</UL>
<BR>[Called By]<UL><LI><a href="#[51]">&gt;&gt;</a>&nbsp;&nbsp;&nbsp;app_charge_ctl_process
</UL>

<P><STRONG><a name="[51]"></a>app_charge_ctl_process</STRONG> (Thumb, 12 bytes, Stack size 8 bytes, app_chargectl.o(.text.app_charge_ctl_process))
<BR><BR>[Stack]<UL><LI>Max Depth = 224<LI>Call Chain = app_charge_ctl_process &rArr; app_charge_ctl_handle &rArr; get_os_ticks_s &rArr; __aeabi_uldivmod &rArr; __aeabi_llsr
</UL>
<BR>[Calls]<UL><LI><a href="#[ba]">&gt;&gt;</a>&nbsp;&nbsp;&nbsp;app_charge_ctl_handle
<LI><a href="#[ad]">&gt;&gt;</a>&nbsp;&nbsp;&nbsp;ac_charge_cp_status_get
</UL>
<BR>[Called By]<UL><LI><a href="#[4b]">&gt;&gt;</a>&nbsp;&nbsp;&nbsp;App_Handler
</UL>

<P><STRONG><a name="[de]"></a>app_chargectl_get_charge_info</STRONG> (Thumb, 4 bytes, Stack size 0 bytes, app_chargectl.o(.text.app_chargectl_get_charge_info))
<BR><BR>[Called By]<UL><LI><a href="#[c2]">&gt;&gt;</a>&nbsp;&nbsp;&nbsp;main_change_ground_detection_handle
<LI><a href="#[88]">&gt;&gt;</a>&nbsp;&nbsp;&nbsp;meter_value_get
</UL>

<P><STRONG><a name="[c3]"></a>app_chargectl_get_system_para</STRONG> (Thumb, 4 bytes, Stack size 0 bytes, app_chargectl.o(.text.app_chargectl_get_system_para))
<BR><BR>[Called By]<UL><LI><a href="#[66]">&gt;&gt;</a>&nbsp;&nbsp;&nbsp;app_target_sys_para_init
</UL>

<P><STRONG><a name="[b9]"></a>app_common_get_avg_abandon_some_extr</STRONG> (Thumb, 412 bytes, Stack size 44 bytes, app_common.o(.text.app_common_get_avg_abandon_some_extr))
<BR><BR>[Stack]<UL><LI>Max Depth = 44<LI>Call Chain = app_common_get_avg_abandon_some_extr
</UL>
<BR>[Called By]<UL><LI><a href="#[b2]">&gt;&gt;</a>&nbsp;&nbsp;&nbsp;adc_channel_sample
</UL>

<P><STRONG><a name="[ae]"></a>app_get_input_io_simulation_value</STRONG> (Thumb, 192 bytes, Stack size 12 bytes, app_realcheck.o(.text.app_get_input_io_simulation_value))
<BR><BR>[Stack]<UL><LI>Max Depth = 12<LI>Call Chain = app_get_input_io_simulation_value
</UL>
<BR>[Called By]<UL><LI><a href="#[ad]">&gt;&gt;</a>&nbsp;&nbsp;&nbsp;ac_charge_cp_status_get
</UL>

<P><STRONG><a name="[52]"></a>app_mainctl_process</STRONG> (Thumb, 8 bytes, Stack size 8 bytes, app_mainctl.o(.text.app_mainctl_process))
<BR><BR>[Stack]<UL><LI>Max Depth = 116<LI>Call Chain = app_mainctl_process &rArr; main_change_ground_detection_handle &rArr; WriteFlashTest &rArr; fmc_word_program &rArr; fmc_ready_wait &rArr; fmc_state_get
</UL>
<BR>[Calls]<UL><LI><a href="#[c2]">&gt;&gt;</a>&nbsp;&nbsp;&nbsp;main_change_ground_detection_handle
</UL>
<BR>[Called By]<UL><LI><a href="#[4b]">&gt;&gt;</a>&nbsp;&nbsp;&nbsp;App_Handler
</UL>

<P><STRONG><a name="[66]"></a>app_target_sys_para_init</STRONG> (Thumb, 32 bytes, Stack size 16 bytes, app_target.o(.text.app_target_sys_para_init))
<BR><BR>[Stack]<UL><LI>Max Depth = 16<LI>Call Chain = app_target_sys_para_init
</UL>
<BR>[Calls]<UL><LI><a href="#[c3]">&gt;&gt;</a>&nbsp;&nbsp;&nbsp;app_chargectl_get_system_para
</UL>
<BR>[Called By]<UL><LI><a href="#[54]">&gt;&gt;</a>&nbsp;&nbsp;&nbsp;App_Init
</UL>

<P><STRONG><a name="[df]"></a>app_v9260s_get_meter_info</STRONG> (Thumb, 4 bytes, Stack size 0 bytes, bsp_meter_v9260.o(.text.app_v9260s_get_meter_info))
<BR><BR>[Called By]<UL><LI><a href="#[88]">&gt;&gt;</a>&nbsp;&nbsp;&nbsp;meter_value_get
</UL>

<P><STRONG><a name="[8c]"></a>delay_increment</STRONG> (Thumb, 20 bytes, Stack size 0 bytes, systick.o(.text.delay_increment))
<BR><BR>[Called By]<UL><LI><a href="#[5]">&gt;&gt;</a>&nbsp;&nbsp;&nbsp;SysTick_Handler
</UL>

<P><STRONG><a name="[49]"></a>delay_ms</STRONG> (Thumb, 52 bytes, Stack size 4 bytes, systick.o(.text.delay_ms))
<BR><BR>[Stack]<UL><LI>Max Depth = 4<LI>Call Chain = delay_ms
</UL>
<BR>[Called By]<UL><LI><a href="#[81]">&gt;&gt;</a>&nbsp;&nbsp;&nbsp;spi_config_send
<LI><a href="#[b2]">&gt;&gt;</a>&nbsp;&nbsp;&nbsp;adc_channel_sample
<LI><a href="#[c2]">&gt;&gt;</a>&nbsp;&nbsp;&nbsp;main_change_ground_detection_handle
<LI><a href="#[ad]">&gt;&gt;</a>&nbsp;&nbsp;&nbsp;ac_charge_cp_status_get
<LI><a href="#[7c]">&gt;&gt;</a>&nbsp;&nbsp;&nbsp;Meter_V9260_read_ulevel
<LI><a href="#[7b]">&gt;&gt;</a>&nbsp;&nbsp;&nbsp;Meter_V9260_read_energyevel
<LI><a href="#[75]">&gt;&gt;</a>&nbsp;&nbsp;&nbsp;Meter_V9260_read_currentevel
<LI><a href="#[63]">&gt;&gt;</a>&nbsp;&nbsp;&nbsp;spi_send_to_qg2864_init
<LI><a href="#[65]">&gt;&gt;</a>&nbsp;&nbsp;&nbsp;UpdateRaccoonPara
<LI><a href="#[3f]">&gt;&gt;</a>&nbsp;&nbsp;&nbsp;Adc_Init
</UL>

<P><STRONG><a name="[d0]"></a>dma_channel_disable</STRONG> (Thumb, 28 bytes, Stack size 4 bytes, gd32e23x_dma.o(.text.dma_channel_disable))
<BR><BR>[Stack]<UL><LI>Max Depth = 4<LI>Call Chain = dma_channel_disable
</UL>
<BR>[Called By]<UL><LI><a href="#[cf]">&gt;&gt;</a>&nbsp;&nbsp;&nbsp;dma_init
<LI><a href="#[f6]">&gt;&gt;</a>&nbsp;&nbsp;&nbsp;ws2812_rgb_send_array
</UL>

<P><STRONG><a name="[f4]"></a>dma_channel_enable</STRONG> (Thumb, 28 bytes, Stack size 4 bytes, gd32e23x_dma.o(.text.dma_channel_enable))
<BR><BR>[Stack]<UL><LI>Max Depth = 4<LI>Call Chain = dma_channel_enable
</UL>
<BR>[Called By]<UL><LI><a href="#[f6]">&gt;&gt;</a>&nbsp;&nbsp;&nbsp;ws2812_rgb_send_array
<LI><a href="#[ef]">&gt;&gt;</a>&nbsp;&nbsp;&nbsp;ws2812_dma_init
</UL>

<P><STRONG><a name="[f1]"></a>dma_circulation_disable</STRONG> (Thumb, 28 bytes, Stack size 4 bytes, gd32e23x_dma.o(.text.dma_circulation_disable))
<BR><BR>[Stack]<UL><LI>Max Depth = 4<LI>Call Chain = dma_circulation_disable
</UL>
<BR>[Called By]<UL><LI><a href="#[ef]">&gt;&gt;</a>&nbsp;&nbsp;&nbsp;ws2812_dma_init
</UL>

<P><STRONG><a name="[f0]"></a>dma_deinit</STRONG> (Thumb, 88 bytes, Stack size 20 bytes, gd32e23x_dma.o(.text.dma_deinit))
<BR><BR>[Stack]<UL><LI>Max Depth = 20<LI>Call Chain = dma_deinit
</UL>
<BR>[Called By]<UL><LI><a href="#[ef]">&gt;&gt;</a>&nbsp;&nbsp;&nbsp;ws2812_dma_init
</UL>

<P><STRONG><a name="[f8]"></a>dma_flag_clear</STRONG> (Thumb, 32 bytes, Stack size 8 bytes, gd32e23x_dma.o(.text.dma_flag_clear))
<BR><BR>[Stack]<UL><LI>Max Depth = 8<LI>Call Chain = dma_flag_clear
</UL>
<BR>[Called By]<UL><LI><a href="#[f6]">&gt;&gt;</a>&nbsp;&nbsp;&nbsp;ws2812_rgb_send_array
</UL>

<P><STRONG><a name="[f7]"></a>dma_flag_get</STRONG> (Thumb, 52 bytes, Stack size 12 bytes, gd32e23x_dma.o(.text.dma_flag_get))
<BR><BR>[Stack]<UL><LI>Max Depth = 12<LI>Call Chain = dma_flag_get
</UL>
<BR>[Called By]<UL><LI><a href="#[f6]">&gt;&gt;</a>&nbsp;&nbsp;&nbsp;ws2812_rgb_send_array
</UL>

<P><STRONG><a name="[cf]"></a>dma_init</STRONG> (Thumb, 268 bytes, Stack size 32 bytes, gd32e23x_dma.o(.text.dma_init))
<BR><BR>[Stack]<UL><LI>Max Depth = 36<LI>Call Chain = dma_init &rArr; dma_channel_disable
</UL>
<BR>[Calls]<UL><LI><a href="#[d0]">&gt;&gt;</a>&nbsp;&nbsp;&nbsp;dma_channel_disable
</UL>
<BR>[Called By]<UL><LI><a href="#[ef]">&gt;&gt;</a>&nbsp;&nbsp;&nbsp;ws2812_dma_init
</UL>

<P><STRONG><a name="[69]"></a>dma_interrupt_flag_clear</STRONG> (Thumb, 32 bytes, Stack size 8 bytes, gd32e23x_dma.o(.text.dma_interrupt_flag_clear))
<BR><BR>[Stack]<UL><LI>Max Depth = 8<LI>Call Chain = dma_interrupt_flag_clear
</UL>
<BR>[Called By]<UL><LI><a href="#[f]">&gt;&gt;</a>&nbsp;&nbsp;&nbsp;DMA_Channel1_2_IRQHandler
</UL>

<P><STRONG><a name="[68]"></a>dma_interrupt_flag_get</STRONG> (Thumb, 188 bytes, Stack size 24 bytes, gd32e23x_dma.o(.text.dma_interrupt_flag_get))
<BR><BR>[Stack]<UL><LI>Max Depth = 24<LI>Call Chain = dma_interrupt_flag_get
</UL>
<BR>[Called By]<UL><LI><a href="#[f]">&gt;&gt;</a>&nbsp;&nbsp;&nbsp;DMA_Channel1_2_IRQHandler
</UL>

<P><STRONG><a name="[f3]"></a>dma_memory_to_memory_disable</STRONG> (Thumb, 32 bytes, Stack size 4 bytes, gd32e23x_dma.o(.text.dma_memory_to_memory_disable))
<BR><BR>[Stack]<UL><LI>Max Depth = 4<LI>Call Chain = dma_memory_to_memory_disable
</UL>
<BR>[Called By]<UL><LI><a href="#[ef]">&gt;&gt;</a>&nbsp;&nbsp;&nbsp;ws2812_dma_init
</UL>

<P><STRONG><a name="[f9]"></a>dma_transfer_number_config</STRONG> (Thumb, 32 bytes, Stack size 12 bytes, gd32e23x_dma.o(.text.dma_transfer_number_config))
<BR><BR>[Stack]<UL><LI>Max Depth = 12<LI>Call Chain = dma_transfer_number_config
</UL>
<BR>[Called By]<UL><LI><a href="#[f6]">&gt;&gt;</a>&nbsp;&nbsp;&nbsp;ws2812_rgb_send_array
</UL>

<P><STRONG><a name="[c8]"></a>drv_common_cp_vol_get</STRONG> (Thumb, 56 bytes, Stack size 16 bytes, drv_common.o(.text.drv_common_cp_vol_get))
<BR><BR>[Stack]<UL><LI>Max Depth = 108<LI>Call Chain = drv_common_cp_vol_get &rArr; adc_channel_sample &rArr; app_common_get_avg_abandon_some_extr
</UL>
<BR>[Calls]<UL><LI><a href="#[b2]">&gt;&gt;</a>&nbsp;&nbsp;&nbsp;adc_channel_sample
<LI><a href="#[32]">&gt;&gt;</a>&nbsp;&nbsp;&nbsp;__aeabi_i2f
<LI><a href="#[d1]">&gt;&gt;</a>&nbsp;&nbsp;&nbsp;__aeabi_fmul
<LI><a href="#[31]">&gt;&gt;</a>&nbsp;&nbsp;&nbsp;__aeabi_fdiv
<LI><a href="#[2c]">&gt;&gt;</a>&nbsp;&nbsp;&nbsp;__aeabi_fadd
</UL>
<BR>[Called By]<UL><LI><a href="#[89]">&gt;&gt;</a>&nbsp;&nbsp;&nbsp;detection_adc_input
</UL>

<P><STRONG><a name="[c9]"></a>drv_common_diode_vol_get</STRONG> (Thumb, 56 bytes, Stack size 16 bytes, drv_common.o(.text.drv_common_diode_vol_get))
<BR><BR>[Stack]<UL><LI>Max Depth = 108<LI>Call Chain = drv_common_diode_vol_get &rArr; adc_channel_sample &rArr; app_common_get_avg_abandon_some_extr
</UL>
<BR>[Calls]<UL><LI><a href="#[b2]">&gt;&gt;</a>&nbsp;&nbsp;&nbsp;adc_channel_sample
<LI><a href="#[32]">&gt;&gt;</a>&nbsp;&nbsp;&nbsp;__aeabi_i2f
<LI><a href="#[d1]">&gt;&gt;</a>&nbsp;&nbsp;&nbsp;__aeabi_fmul
<LI><a href="#[31]">&gt;&gt;</a>&nbsp;&nbsp;&nbsp;__aeabi_fdiv
<LI><a href="#[2c]">&gt;&gt;</a>&nbsp;&nbsp;&nbsp;__aeabi_fadd
</UL>
<BR>[Called By]<UL><LI><a href="#[89]">&gt;&gt;</a>&nbsp;&nbsp;&nbsp;detection_adc_input
</UL>

<P><STRONG><a name="[cc]"></a>drv_common_earth_vol_get</STRONG> (Thumb, 36 bytes, Stack size 16 bytes, drv_common.o(.text.drv_common_earth_vol_get))
<BR><BR>[Stack]<UL><LI>Max Depth = 108<LI>Call Chain = drv_common_earth_vol_get &rArr; adc_channel_sample &rArr; app_common_get_avg_abandon_some_extr
</UL>
<BR>[Calls]<UL><LI><a href="#[b2]">&gt;&gt;</a>&nbsp;&nbsp;&nbsp;adc_channel_sample
<LI><a href="#[32]">&gt;&gt;</a>&nbsp;&nbsp;&nbsp;__aeabi_i2f
<LI><a href="#[d1]">&gt;&gt;</a>&nbsp;&nbsp;&nbsp;__aeabi_fmul
</UL>
<BR>[Called By]<UL><LI><a href="#[89]">&gt;&gt;</a>&nbsp;&nbsp;&nbsp;detection_adc_input
</UL>

<P><STRONG><a name="[59]"></a>drv_common_gpio_init</STRONG> (Thumb, 356 bytes, Stack size 64 bytes, drv_common.o(.text.drv_common_gpio_init))
<BR><BR>[Stack]<UL><LI>Max Depth = 96<LI>Call Chain = drv_common_gpio_init &rArr; gpio_output_options_set
</UL>
<BR>[Calls]<UL><LI><a href="#[40]">&gt;&gt;</a>&nbsp;&nbsp;&nbsp;rcu_periph_clock_enable
<LI><a href="#[71]">&gt;&gt;</a>&nbsp;&nbsp;&nbsp;gpio_output_options_set
<LI><a href="#[42]">&gt;&gt;</a>&nbsp;&nbsp;&nbsp;gpio_mode_set
<LI><a href="#[93]">&gt;&gt;</a>&nbsp;&nbsp;&nbsp;gpio_bit_set
<LI><a href="#[94]">&gt;&gt;</a>&nbsp;&nbsp;&nbsp;gpio_bit_reset
</UL>
<BR>[Called By]<UL><LI><a href="#[54]">&gt;&gt;</a>&nbsp;&nbsp;&nbsp;App_Init
</UL>

<P><STRONG><a name="[bc]"></a>drv_common_set_cp_pwm</STRONG> (Thumb, 224 bytes, Stack size 24 bytes, drv_common.o(.text.drv_common_set_cp_pwm))
<BR><BR>[Stack]<UL><LI>Max Depth = 40<LI>Call Chain = drv_common_set_cp_pwm &rArr; timer_channel_output_pulse_value_config
</UL>
<BR>[Calls]<UL><LI><a href="#[d2]">&gt;&gt;</a>&nbsp;&nbsp;&nbsp;timer_channel_output_pulse_value_config
</UL>
<BR>[Called By]<UL><LI><a href="#[ba]">&gt;&gt;</a>&nbsp;&nbsp;&nbsp;app_charge_ctl_handle
</UL>

<P><STRONG><a name="[bf]"></a>drv_common_set_gpio_status</STRONG> (Thumb, 140 bytes, Stack size 24 bytes, drv_common.o(.text.drv_common_set_gpio_status))
<BR><BR>[Stack]<UL><LI>Max Depth = 36<LI>Call Chain = drv_common_set_gpio_status &rArr; gpio_bit_write
</UL>
<BR>[Calls]<UL><LI><a href="#[d3]">&gt;&gt;</a>&nbsp;&nbsp;&nbsp;gpio_bit_write
</UL>
<BR>[Called By]<UL><LI><a href="#[ba]">&gt;&gt;</a>&nbsp;&nbsp;&nbsp;app_charge_ctl_handle
</UL>

<P><STRONG><a name="[ca]"></a>drv_common_synncehianL_vol_get</STRONG> (Thumb, 56 bytes, Stack size 16 bytes, drv_common.o(.text.drv_common_synncehianL_vol_get))
<BR><BR>[Stack]<UL><LI>Max Depth = 108<LI>Call Chain = drv_common_synncehianL_vol_get &rArr; adc_channel_sample &rArr; app_common_get_avg_abandon_some_extr
</UL>
<BR>[Calls]<UL><LI><a href="#[b2]">&gt;&gt;</a>&nbsp;&nbsp;&nbsp;adc_channel_sample
<LI><a href="#[32]">&gt;&gt;</a>&nbsp;&nbsp;&nbsp;__aeabi_i2f
<LI><a href="#[d1]">&gt;&gt;</a>&nbsp;&nbsp;&nbsp;__aeabi_fmul
<LI><a href="#[31]">&gt;&gt;</a>&nbsp;&nbsp;&nbsp;__aeabi_fdiv
<LI><a href="#[2c]">&gt;&gt;</a>&nbsp;&nbsp;&nbsp;__aeabi_fadd
</UL>
<BR>[Called By]<UL><LI><a href="#[89]">&gt;&gt;</a>&nbsp;&nbsp;&nbsp;detection_adc_input
</UL>

<P><STRONG><a name="[cb]"></a>drv_common_synncehianN_vol_get</STRONG> (Thumb, 56 bytes, Stack size 16 bytes, drv_common.o(.text.drv_common_synncehianN_vol_get))
<BR><BR>[Stack]<UL><LI>Max Depth = 108<LI>Call Chain = drv_common_synncehianN_vol_get &rArr; adc_channel_sample &rArr; app_common_get_avg_abandon_some_extr
</UL>
<BR>[Calls]<UL><LI><a href="#[b2]">&gt;&gt;</a>&nbsp;&nbsp;&nbsp;adc_channel_sample
<LI><a href="#[32]">&gt;&gt;</a>&nbsp;&nbsp;&nbsp;__aeabi_i2f
<LI><a href="#[d1]">&gt;&gt;</a>&nbsp;&nbsp;&nbsp;__aeabi_fmul
<LI><a href="#[31]">&gt;&gt;</a>&nbsp;&nbsp;&nbsp;__aeabi_fdiv
<LI><a href="#[2c]">&gt;&gt;</a>&nbsp;&nbsp;&nbsp;__aeabi_fadd
</UL>
<BR>[Called By]<UL><LI><a href="#[89]">&gt;&gt;</a>&nbsp;&nbsp;&nbsp;detection_adc_input
</UL>

<P><STRONG><a name="[ce]"></a>drv_common_temp_environment_vol_get</STRONG> (Thumb, 36 bytes, Stack size 16 bytes, drv_common.o(.text.drv_common_temp_environment_vol_get))
<BR><BR>[Stack]<UL><LI>Max Depth = 108<LI>Call Chain = drv_common_temp_environment_vol_get &rArr; adc_channel_sample &rArr; app_common_get_avg_abandon_some_extr
</UL>
<BR>[Calls]<UL><LI><a href="#[b2]">&gt;&gt;</a>&nbsp;&nbsp;&nbsp;adc_channel_sample
<LI><a href="#[32]">&gt;&gt;</a>&nbsp;&nbsp;&nbsp;__aeabi_i2f
<LI><a href="#[d1]">&gt;&gt;</a>&nbsp;&nbsp;&nbsp;__aeabi_fmul
</UL>
<BR>[Called By]<UL><LI><a href="#[89]">&gt;&gt;</a>&nbsp;&nbsp;&nbsp;detection_adc_input
</UL>

<P><STRONG><a name="[cd]"></a>drv_common_temperature_vol_get</STRONG> (Thumb, 36 bytes, Stack size 16 bytes, drv_common.o(.text.drv_common_temperature_vol_get))
<BR><BR>[Stack]<UL><LI>Max Depth = 108<LI>Call Chain = drv_common_temperature_vol_get &rArr; adc_channel_sample &rArr; app_common_get_avg_abandon_some_extr
</UL>
<BR>[Calls]<UL><LI><a href="#[b2]">&gt;&gt;</a>&nbsp;&nbsp;&nbsp;adc_channel_sample
<LI><a href="#[32]">&gt;&gt;</a>&nbsp;&nbsp;&nbsp;__aeabi_i2f
<LI><a href="#[d1]">&gt;&gt;</a>&nbsp;&nbsp;&nbsp;__aeabi_fmul
</UL>
<BR>[Called By]<UL><LI><a href="#[89]">&gt;&gt;</a>&nbsp;&nbsp;&nbsp;detection_adc_input
</UL>

<P><STRONG><a name="[5c]"></a>drv_common_usart0_init</STRONG> (Thumb, 192 bytes, Stack size 40 bytes, drv_common.o(.text.drv_common_usart0_init))
<BR><BR>[Stack]<UL><LI>Max Depth = 196<LI>Call Chain = drv_common_usart0_init &rArr; usart_baudrate_set &rArr; rcu_clock_freq_get
</UL>
<BR>[Calls]<UL><LI><a href="#[d4]">&gt;&gt;</a>&nbsp;&nbsp;&nbsp;usart_word_length_set
<LI><a href="#[d5]">&gt;&gt;</a>&nbsp;&nbsp;&nbsp;usart_stop_bit_set
<LI><a href="#[d6]">&gt;&gt;</a>&nbsp;&nbsp;&nbsp;usart_parity_config
<LI><a href="#[d8]">&gt;&gt;</a>&nbsp;&nbsp;&nbsp;usart_interrupt_enable
<LI><a href="#[d7]">&gt;&gt;</a>&nbsp;&nbsp;&nbsp;usart_receive_config
<LI><a href="#[a3]">&gt;&gt;</a>&nbsp;&nbsp;&nbsp;usart_transmit_config
<LI><a href="#[a4]">&gt;&gt;</a>&nbsp;&nbsp;&nbsp;usart_enable
<LI><a href="#[a1]">&gt;&gt;</a>&nbsp;&nbsp;&nbsp;usart_deinit
<LI><a href="#[a2]">&gt;&gt;</a>&nbsp;&nbsp;&nbsp;usart_baudrate_set
<LI><a href="#[40]">&gt;&gt;</a>&nbsp;&nbsp;&nbsp;rcu_periph_clock_enable
<LI><a href="#[9b]">&gt;&gt;</a>&nbsp;&nbsp;&nbsp;nvic_irq_enable
<LI><a href="#[71]">&gt;&gt;</a>&nbsp;&nbsp;&nbsp;gpio_output_options_set
<LI><a href="#[42]">&gt;&gt;</a>&nbsp;&nbsp;&nbsp;gpio_mode_set
<LI><a href="#[a0]">&gt;&gt;</a>&nbsp;&nbsp;&nbsp;gpio_af_set
</UL>
<BR>[Called By]<UL><LI><a href="#[54]">&gt;&gt;</a>&nbsp;&nbsp;&nbsp;App_Init
</UL>

<P><STRONG><a name="[78]"></a>drv_common_usart0_send</STRONG> (Thumb, 76 bytes, Stack size 24 bytes, drv_common.o(.text.drv_common_usart0_send))
<BR><BR>[Stack]<UL><LI>Max Depth = 40<LI>Call Chain = drv_common_usart0_send &rArr; usart_flag_get
</UL>
<BR>[Calls]<UL><LI><a href="#[da]">&gt;&gt;</a>&nbsp;&nbsp;&nbsp;usart_flag_get
<LI><a href="#[d9]">&gt;&gt;</a>&nbsp;&nbsp;&nbsp;usart_data_transmit
</UL>
<BR>[Called By]<UL><LI><a href="#[7d]">&gt;&gt;</a>&nbsp;&nbsp;&nbsp;Meter_V9260_write
<LI><a href="#[7c]">&gt;&gt;</a>&nbsp;&nbsp;&nbsp;Meter_V9260_read_ulevel
<LI><a href="#[7b]">&gt;&gt;</a>&nbsp;&nbsp;&nbsp;Meter_V9260_read_energyevel
<LI><a href="#[75]">&gt;&gt;</a>&nbsp;&nbsp;&nbsp;Meter_V9260_read_currentevel
</UL>

<P><STRONG><a name="[a8]"></a>fmc_flag_clear</STRONG> (Thumb, 16 bytes, Stack size 4 bytes, gd32e23x_fmc.o(.text.fmc_flag_clear))
<BR><BR>[Stack]<UL><LI>Max Depth = 4<LI>Call Chain = fmc_flag_clear
</UL>
<BR>[Called By]<UL><LI><a href="#[a5]">&gt;&gt;</a>&nbsp;&nbsp;&nbsp;WriteFlashTest
</UL>

<P><STRONG><a name="[ac]"></a>fmc_lock</STRONG> (Thumb, 12 bytes, Stack size 0 bytes, gd32e23x_fmc.o(.text.fmc_lock))
<BR><BR>[Called By]<UL><LI><a href="#[a5]">&gt;&gt;</a>&nbsp;&nbsp;&nbsp;WriteFlashTest
</UL>

<P><STRONG><a name="[a9]"></a>fmc_page_erase</STRONG> (Thumb, 88 bytes, Stack size 24 bytes, gd32e23x_fmc.o(.text.fmc_page_erase))
<BR><BR>[Stack]<UL><LI>Max Depth = 52<LI>Call Chain = fmc_page_erase &rArr; fmc_ready_wait &rArr; fmc_state_get
</UL>
<BR>[Calls]<UL><LI><a href="#[db]">&gt;&gt;</a>&nbsp;&nbsp;&nbsp;fmc_ready_wait
</UL>
<BR>[Called By]<UL><LI><a href="#[a5]">&gt;&gt;</a>&nbsp;&nbsp;&nbsp;WriteFlashTest
</UL>

<P><STRONG><a name="[db]"></a>fmc_ready_wait</STRONG> (Thumb, 90 bytes, Stack size 24 bytes, gd32e23x_fmc.o(.text.fmc_ready_wait))
<BR><BR>[Stack]<UL><LI>Max Depth = 28<LI>Call Chain = fmc_ready_wait &rArr; fmc_state_get
</UL>
<BR>[Calls]<UL><LI><a href="#[dc]">&gt;&gt;</a>&nbsp;&nbsp;&nbsp;fmc_state_get
</UL>
<BR>[Called By]<UL><LI><a href="#[aa]">&gt;&gt;</a>&nbsp;&nbsp;&nbsp;fmc_word_program
<LI><a href="#[a9]">&gt;&gt;</a>&nbsp;&nbsp;&nbsp;fmc_page_erase
</UL>

<P><STRONG><a name="[dc]"></a>fmc_state_get</STRONG> (Thumb, 80 bytes, Stack size 4 bytes, gd32e23x_fmc.o(.text.fmc_state_get))
<BR><BR>[Stack]<UL><LI>Max Depth = 4<LI>Call Chain = fmc_state_get
</UL>
<BR>[Called By]<UL><LI><a href="#[db]">&gt;&gt;</a>&nbsp;&nbsp;&nbsp;fmc_ready_wait
</UL>

<P><STRONG><a name="[a6]"></a>fmc_unlock</STRONG> (Thumb, 28 bytes, Stack size 0 bytes, gd32e23x_fmc.o(.text.fmc_unlock))
<BR><BR>[Called By]<UL><LI><a href="#[a5]">&gt;&gt;</a>&nbsp;&nbsp;&nbsp;WriteFlashTest
</UL>

<P><STRONG><a name="[aa]"></a>fmc_word_program</STRONG> (Thumb, 80 bytes, Stack size 32 bytes, gd32e23x_fmc.o(.text.fmc_word_program))
<BR><BR>[Stack]<UL><LI>Max Depth = 60<LI>Call Chain = fmc_word_program &rArr; fmc_ready_wait &rArr; fmc_state_get
</UL>
<BR>[Calls]<UL><LI><a href="#[db]">&gt;&gt;</a>&nbsp;&nbsp;&nbsp;fmc_ready_wait
</UL>
<BR>[Called By]<UL><LI><a href="#[a5]">&gt;&gt;</a>&nbsp;&nbsp;&nbsp;WriteFlashTest
</UL>

<P><STRONG><a name="[25]"></a>fputc</STRONG> (Thumb, 40 bytes, Stack size 16 bytes, hw_api_usart.o(.text.fputc))
<BR><BR>[Stack]<UL><LI>Max Depth = 32<LI>Call Chain = fputc &rArr; usart_flag_get
</UL>
<BR>[Calls]<UL><LI><a href="#[da]">&gt;&gt;</a>&nbsp;&nbsp;&nbsp;usart_flag_get
<LI><a href="#[d9]">&gt;&gt;</a>&nbsp;&nbsp;&nbsp;usart_data_transmit
</UL>
<BR>[Address Reference Count : 1]<UL><LI> printfa.o(i.__0printf)
</UL>
<P><STRONG><a name="[6c]"></a>fwdgt_config</STRONG> (Thumb, 196 bytes, Stack size 28 bytes, gd32e23x_fwdgt.o(.text.fwdgt_config))
<BR><BR>[Stack]<UL><LI>Max Depth = 28<LI>Call Chain = fwdgt_config
</UL>
<BR>[Called By]<UL><LI><a href="#[67]">&gt;&gt;</a>&nbsp;&nbsp;&nbsp;Fwdgt_Config
</UL>

<P><STRONG><a name="[6e]"></a>fwdgt_counter_reload</STRONG> (Thumb, 8 bytes, Stack size 0 bytes, gd32e23x_fwdgt.o(.text.fwdgt_counter_reload))
<BR><BR>[Called By]<UL><LI><a href="#[4c]">&gt;&gt;</a>&nbsp;&nbsp;&nbsp;Fwdgt_Free
</UL>

<P><STRONG><a name="[6d]"></a>fwdgt_enable</STRONG> (Thumb, 8 bytes, Stack size 0 bytes, gd32e23x_fwdgt.o(.text.fwdgt_enable))
<BR><BR>[Called By]<UL><LI><a href="#[67]">&gt;&gt;</a>&nbsp;&nbsp;&nbsp;Fwdgt_Config
</UL>

<P><STRONG><a name="[bb]"></a>get_oled_keypad_curr_flashdata</STRONG> (Thumb, 100 bytes, Stack size 8 bytes, app_chargectl.o(.text.get_oled_keypad_curr_flashdata))
<BR><BR>[Stack]<UL><LI>Max Depth = 8<LI>Call Chain = get_oled_keypad_curr_flashdata
</UL>
<BR>[Called By]<UL><LI><a href="#[ba]">&gt;&gt;</a>&nbsp;&nbsp;&nbsp;app_charge_ctl_handle
</UL>

<P><STRONG><a name="[6f]"></a>get_os_ticks_ms</STRONG> (Thumb, 8 bytes, Stack size 8 bytes, systick.o(.text.get_os_ticks_ms))
<BR><BR>[Stack]<UL><LI>Max Depth = 8<LI>Call Chain = get_os_ticks_ms
</UL>
<BR>[Calls]<UL><LI><a href="#[dd]">&gt;&gt;</a>&nbsp;&nbsp;&nbsp;u64_systick_get
</UL>
<BR>[Called By]<UL><LI><a href="#[c2]">&gt;&gt;</a>&nbsp;&nbsp;&nbsp;main_change_ground_detection_handle
<LI><a href="#[ba]">&gt;&gt;</a>&nbsp;&nbsp;&nbsp;app_charge_ctl_handle
<LI><a href="#[bd]">&gt;&gt;</a>&nbsp;&nbsp;&nbsp;charge_ctl_preparecharge_init_data
<LI><a href="#[be]">&gt;&gt;</a>&nbsp;&nbsp;&nbsp;charge_ctl_check_err
<LI><a href="#[4f]">&gt;&gt;</a>&nbsp;&nbsp;&nbsp;Key_Touch_Handler
</UL>

<P><STRONG><a name="[c0]"></a>get_os_ticks_s</STRONG> (Thumb, 18 bytes, Stack size 8 bytes, systick.o(.text.get_os_ticks_s))
<BR><BR>[Stack]<UL><LI>Max Depth = 64<LI>Call Chain = get_os_ticks_s &rArr; __aeabi_uldivmod &rArr; __aeabi_llsr
</UL>
<BR>[Calls]<UL><LI><a href="#[dd]">&gt;&gt;</a>&nbsp;&nbsp;&nbsp;u64_systick_get
<LI><a href="#[29]">&gt;&gt;</a>&nbsp;&nbsp;&nbsp;__aeabi_uldivmod
</UL>
<BR>[Called By]<UL><LI><a href="#[ba]">&gt;&gt;</a>&nbsp;&nbsp;&nbsp;app_charge_ctl_handle
</UL>

<P><STRONG><a name="[a0]"></a>gpio_af_set</STRONG> (Thumb, 192 bytes, Stack size 24 bytes, gd32e23x_gpio.o(.text.gpio_af_set))
<BR><BR>[Stack]<UL><LI>Max Depth = 24<LI>Call Chain = gpio_af_set
</UL>
<BR>[Called By]<UL><LI><a href="#[5e]">&gt;&gt;</a>&nbsp;&nbsp;&nbsp;ws2812_init
<LI><a href="#[61]">&gt;&gt;</a>&nbsp;&nbsp;&nbsp;gpio_config_SPI
<LI><a href="#[5c]">&gt;&gt;</a>&nbsp;&nbsp;&nbsp;drv_common_usart0_init
<LI><a href="#[56]">&gt;&gt;</a>&nbsp;&nbsp;&nbsp;Uart1_Init
</UL>

<P><STRONG><a name="[94]"></a>gpio_bit_reset</STRONG> (Thumb, 16 bytes, Stack size 8 bytes, gd32e23x_gpio.o(.text.gpio_bit_reset))
<BR><BR>[Stack]<UL><LI>Max Depth = 8<LI>Call Chain = gpio_bit_reset
</UL>
<BR>[Called By]<UL><LI><a href="#[ba]">&gt;&gt;</a>&nbsp;&nbsp;&nbsp;app_charge_ctl_handle
<LI><a href="#[61]">&gt;&gt;</a>&nbsp;&nbsp;&nbsp;gpio_config_SPI
<LI><a href="#[59]">&gt;&gt;</a>&nbsp;&nbsp;&nbsp;drv_common_gpio_init
<LI><a href="#[15]">&gt;&gt;</a>&nbsp;&nbsp;&nbsp;TIMER5_IRQHandler
</UL>

<P><STRONG><a name="[93]"></a>gpio_bit_set</STRONG> (Thumb, 16 bytes, Stack size 8 bytes, gd32e23x_gpio.o(.text.gpio_bit_set))
<BR><BR>[Stack]<UL><LI>Max Depth = 8<LI>Call Chain = gpio_bit_set
</UL>
<BR>[Called By]<UL><LI><a href="#[ba]">&gt;&gt;</a>&nbsp;&nbsp;&nbsp;app_charge_ctl_handle
<LI><a href="#[59]">&gt;&gt;</a>&nbsp;&nbsp;&nbsp;drv_common_gpio_init
<LI><a href="#[15]">&gt;&gt;</a>&nbsp;&nbsp;&nbsp;TIMER5_IRQHandler
</UL>

<P><STRONG><a name="[d3]"></a>gpio_bit_write</STRONG> (Thumb, 36 bytes, Stack size 12 bytes, gd32e23x_gpio.o(.text.gpio_bit_write))
<BR><BR>[Stack]<UL><LI>Max Depth = 12<LI>Call Chain = gpio_bit_write
</UL>
<BR>[Called By]<UL><LI><a href="#[81]">&gt;&gt;</a>&nbsp;&nbsp;&nbsp;spi_config_send
<LI><a href="#[bf]">&gt;&gt;</a>&nbsp;&nbsp;&nbsp;drv_common_set_gpio_status
<LI><a href="#[63]">&gt;&gt;</a>&nbsp;&nbsp;&nbsp;spi_send_to_qg2864_init
</UL>

<P><STRONG><a name="[61]"></a>gpio_config_SPI</STRONG> (Thumb, 164 bytes, Stack size 40 bytes, bsp_oled.o(.text.gpio_config_SPI))
<BR><BR>[Stack]<UL><LI>Max Depth = 72<LI>Call Chain = gpio_config_SPI &rArr; gpio_output_options_set
</UL>
<BR>[Calls]<UL><LI><a href="#[40]">&gt;&gt;</a>&nbsp;&nbsp;&nbsp;rcu_periph_clock_enable
[...]
<BR><BR>[Stack]<UL><LI>Max Depth = 8<LI>Call Chain = usart_parity_config
</UL>
<BR>[Called By]<UL><LI><a href="#[5c]">&gt;&gt;</a>&nbsp;&nbsp;&nbsp;drv_common_usart0_init
</UL>

<P><STRONG><a name="[d7]"></a>usart_receive_config</STRONG> (Thumb, 30 bytes, Stack size 8 bytes, gd32e23x_usart.o(.text.usart_receive_config))
<BR><BR>[Stack]<UL><LI>Max Depth = 8<LI>Call Chain = usart_receive_config
</UL>
<BR>[Called By]<UL><LI><a href="#[5c]">&gt;&gt;</a>&nbsp;&nbsp;&nbsp;drv_common_usart0_init
</UL>

<P><STRONG><a name="[d5]"></a>usart_stop_bit_set</STRONG> (Thumb, 42 bytes, Stack size 8 bytes, gd32e23x_usart.o(.text.usart_stop_bit_set))
<BR><BR>[Stack]<UL><LI>Max Depth = 8<LI>Call Chain = usart_stop_bit_set
</UL>
<BR>[Called By]<UL><LI><a href="#[5c]">&gt;&gt;</a>&nbsp;&nbsp;&nbsp;drv_common_usart0_init
</UL>

<P><STRONG><a name="[a3]"></a>usart_transmit_config</STRONG> (Thumb, 30 bytes, Stack size 8 bytes, gd32e23x_usart.o(.text.usart_transmit_config))
<BR><BR>[Stack]<UL><LI>Max Depth = 8<LI>Call Chain = usart_transmit_config
</UL>
<BR>[Called By]<UL><LI><a href="#[5c]">&gt;&gt;</a>&nbsp;&nbsp;&nbsp;drv_common_usart0_init
<LI><a href="#[56]">&gt;&gt;</a>&nbsp;&nbsp;&nbsp;Uart1_Init
</UL>

<P><STRONG><a name="[d4]"></a>usart_word_length_set</STRONG> (Thumb, 42 bytes, Stack size 8 bytes, gd32e23x_usart.o(.text.usart_word_length_set))
<BR><BR>[Stack]<UL><LI>Max Depth = 8<LI>Call Chain = usart_word_length_set
</UL>
<BR>[Called By]<UL><LI><a href="#[5c]">&gt;&gt;</a>&nbsp;&nbsp;&nbsp;drv_common_usart0_init
</UL>

<P><STRONG><a name="[74]"></a>ws2812_display_color</STRONG> (Thumb, 312 bytes, Stack size 56 bytes, bsp_led.o(.text.ws2812_display_color))
<BR><BR>[Stack]<UL><LI>Max Depth = 136<LI>Call Chain = ws2812_display_color &rArr; ws2812_set_color &rArr; ws2812_rgb_set_color_buf
</UL>
<BR>[Calls]<UL><LI><a href="#[ee]">&gt;&gt;</a>&nbsp;&nbsp;&nbsp;ws2812_set_color
</UL>
<BR>[Called By]<UL><LI><a href="#[4e]">&gt;&gt;</a>&nbsp;&nbsp;&nbsp;Led_Handler
</UL>

<P><STRONG><a name="[5e]"></a>ws2812_init</STRONG> (Thumb, 68 bytes, Stack size 24 bytes, bsp_led.o(.text.ws2812_init))
<BR><BR>[Stack]<UL><LI>Max Depth = 132<LI>Call Chain = ws2812_init &rArr; ws2812_timer_pwm_init &rArr; timer_deinit &rArr; rcu_periph_reset_enable
</UL>
<BR>[Calls]<UL><LI><a href="#[f5]">&gt;&gt;</a>&nbsp;&nbsp;&nbsp;ws2812_timer_pwm_init
<LI><a href="#[ef]">&gt;&gt;</a>&nbsp;&nbsp;&nbsp;ws2812_dma_init
<LI><a href="#[40]">&gt;&gt;</a>&nbsp;&nbsp;&nbsp;rcu_periph_clock_enable
<LI><a href="#[71]">&gt;&gt;</a>&nbsp;&nbsp;&nbsp;gpio_output_options_set
<LI><a href="#[42]">&gt;&gt;</a>&nbsp;&nbsp;&nbsp;gpio_mode_set
<LI><a href="#[a0]">&gt;&gt;</a>&nbsp;&nbsp;&nbsp;gpio_af_set
</UL>
<BR>[Called By]<UL><LI><a href="#[54]">&gt;&gt;</a>&nbsp;&nbsp;&nbsp;App_Init
</UL>

<P><STRONG><a name="[101]"></a>__0printf</STRONG> (Thumb, 24 bytes, Stack size 24 bytes, printfa.o(i.__0printf), UNUSED)
<BR><BR>[Calls]<UL><LI><a href="#[102]">&gt;&gt;</a>&nbsp;&nbsp;&nbsp;_printf_core
</UL>

<P><STRONG><a name="[118]"></a>__1printf</STRONG> (Thumb, 0 bytes, Stack size 24 bytes, printfa.o(i.__0printf), UNUSED)

<P><STRONG><a name="[119]"></a>__2printf</STRONG> (Thumb, 0 bytes, Stack size 24 bytes, printfa.o(i.__0printf), UNUSED)

<P><STRONG><a name="[11a]"></a>__c89printf</STRONG> (Thumb, 0 bytes, Stack size 24 bytes, printfa.o(i.__0printf), UNUSED)

<P><STRONG><a name="[92]"></a>printf</STRONG> (Thumb, 0 bytes, Stack size 24 bytes, printfa.o(i.__0printf))
<BR><BR>[Stack]<UL><LI>Max Depth = 24<LI>Call Chain = printf
</UL>
<BR>[Called By]<UL><LI><a href="#[ba]">&gt;&gt;</a>&nbsp;&nbsp;&nbsp;app_charge_ctl_handle
<LI><a href="#[15]">&gt;&gt;</a>&nbsp;&nbsp;&nbsp;TIMER5_IRQHandler
</UL>

<P><STRONG><a name="[103]"></a>__0sprintf</STRONG> (Thumb, 36 bytes, Stack size 24 bytes, printfa.o(i.__0sprintf), UNUSED)
<BR><BR>[Calls]<UL><LI><a href="#[26]">&gt;&gt;</a>&nbsp;&nbsp;&nbsp;_sputc
<LI><a href="#[102]">&gt;&gt;</a>&nbsp;&nbsp;&nbsp;_printf_core
</UL>

<P><STRONG><a name="[11b]"></a>__1sprintf</STRONG> (Thumb, 0 bytes, Stack size 24 bytes, printfa.o(i.__0sprintf), UNUSED)

<P><STRONG><a name="[11c]"></a>__2sprintf</STRONG> (Thumb, 0 bytes, Stack size 24 bytes, printfa.o(i.__0sprintf), UNUSED)

<P><STRONG><a name="[11d]"></a>__c89sprintf</STRONG> (Thumb, 0 bytes, Stack size 24 bytes, printfa.o(i.__0sprintf), UNUSED)

<P><STRONG><a name="[86]"></a>sprintf</STRONG> (Thumb, 0 bytes, Stack size 24 bytes, printfa.o(i.__0sprintf))
<BR><BR>[Stack]<UL><LI>Max Depth = 24<LI>Call Chain = sprintf
</UL>
<BR>[Called By]<UL><LI><a href="#[4d]">&gt;&gt;</a>&nbsp;&nbsp;&nbsp;Oled_Handler
</UL>

<P><STRONG><a name="[3e]"></a>__ARM_clz</STRONG> (Thumb, 46 bytes, Stack size 0 bytes, depilogue.o(i.__ARM_clz), UNUSED)
<BR><BR>[Called By]<UL><LI><a href="#[36]">&gt;&gt;</a>&nbsp;&nbsp;&nbsp;_double_epilogue
</UL>

<P><STRONG><a name="[11e]"></a>__scatterload_copy</STRONG> (Thumb, 14 bytes, Stack size unknown bytes, handlers.o(i.__scatterload_copy), UNUSED)

<P><STRONG><a name="[11f]"></a>__scatterload_null</STRONG> (Thumb, 2 bytes, Stack size unknown bytes, handlers.o(i.__scatterload_null), UNUSED)

<P><STRONG><a name="[120]"></a>__scatterload_zeroinit</STRONG> (Thumb, 14 bytes, Stack size unknown bytes, handlers.o(i.__scatterload_zeroinit), UNUSED)
<P>
<H3>
Local Symbols
</H3>
<P><STRONG><a name="[c4]"></a>app_thermistor_temperature_get</STRONG> (Thumb, 68 bytes, Stack size 16 bytes, app_realcheck.o(.text.app_thermistor_temperature_get))
<BR><BR>[Stack]<UL><LI>Max Depth = 52<LI>Call Chain = app_thermistor_temperature_get &rArr; __aeabi_fadd &rArr; _float_epilogue
</UL>
<BR>[Calls]<UL><LI><a href="#[33]">&gt;&gt;</a>&nbsp;&nbsp;&nbsp;__aeabi_ui2f
<LI><a href="#[c5]">&gt;&gt;</a>&nbsp;&nbsp;&nbsp;__aeabi_fcmplt
<LI><a href="#[2c]">&gt;&gt;</a>&nbsp;&nbsp;&nbsp;__aeabi_fadd
</UL>
<BR>[Called By]<UL><LI><a href="#[89]">&gt;&gt;</a>&nbsp;&nbsp;&nbsp;detection_adc_input
</UL>

<P><STRONG><a name="[89]"></a>detection_adc_input</STRONG> (Thumb, 104 bytes, Stack size 16 bytes, app_realcheck.o(.text.detection_adc_input))
<BR><BR>[Stack]<UL><LI>Max Depth = 124<LI>Call Chain = detection_adc_input &rArr; drv_common_temperature_vol_get &rArr; adc_channel_sample &rArr; app_common_get_avg_abandon_some_extr
</UL>
<BR>[Calls]<UL><LI><a href="#[cd]">&gt;&gt;</a>&nbsp;&nbsp;&nbsp;drv_common_temperature_vol_get
<LI><a href="#[ce]">&gt;&gt;</a>&nbsp;&nbsp;&nbsp;drv_common_temp_environment_vol_get
<LI><a href="#[cb]">&gt;&gt;</a>&nbsp;&nbsp;&nbsp;drv_common_synncehianN_vol_get
<LI><a href="#[ca]">&gt;&gt;</a>&nbsp;&nbsp;&nbsp;drv_common_synncehianL_vol_get
<LI><a href="#[cc]">&gt;&gt;</a>&nbsp;&nbsp;&nbsp;drv_common_earth_vol_get
<LI><a href="#[c9]">&gt;&gt;</a>&nbsp;&nbsp;&nbsp;drv_common_diode_vol_get
<LI><a href="#[c8]">&gt;&gt;</a>&nbsp;&nbsp;&nbsp;drv_common_cp_vol_get
<LI><a href="#[31]">&gt;&gt;</a>&nbsp;&nbsp;&nbsp;__aeabi_fdiv
<LI><a href="#[2c]">&gt;&gt;</a>&nbsp;&nbsp;&nbsp;__aeabi_fadd
<LI><a href="#[c4]">&gt;&gt;</a>&nbsp;&nbsp;&nbsp;app_thermistor_temperature_get
</UL>
<BR>[Called By]<UL><LI><a href="#[50]">&gt;&gt;</a>&nbsp;&nbsp;&nbsp;Realcheck_Handler
</UL>

<P><STRONG><a name="[87]"></a>detection_alloc_input_port</STRONG> (Thumb, 2 bytes, Stack size 0 bytes, app_realcheck.o(.text.detection_alloc_input_port))
<BR><BR>[Called By]<UL><LI><a href="#[50]">&gt;&gt;</a>&nbsp;&nbsp;&nbsp;Realcheck_Handler
</UL>

<P><STRONG><a name="[88]"></a>meter_value_get</STRONG> (Thumb, 98 bytes, Stack size 16 bytes, app_realcheck.o(.text.meter_value_get))
<BR><BR>[Stack]<UL><LI>Max Depth = 16<LI>Call Chain = meter_value_get
</UL>
<BR>[Calls]<UL><LI><a href="#[df]">&gt;&gt;</a>&nbsp;&nbsp;&nbsp;app_v9260s_get_meter_info
<LI><a href="#[de]">&gt;&gt;</a>&nbsp;&nbsp;&nbsp;app_chargectl_get_charge_info
</UL>
<BR>[Called By]<UL><LI><a href="#[50]">&gt;&gt;</a>&nbsp;&nbsp;&nbsp;Realcheck_Handler
</UL>

<P><STRONG><a name="[7e]"></a>meter_9260_receive_number_handle</STRONG> (Thumb, 2 bytes, Stack size 0 bytes, app_meter.o(.text.meter_9260_receive_number_handle))
<BR><BR>[Called By]<UL><LI><a href="#[53]">&gt;&gt;</a>&nbsp;&nbsp;&nbsp;Meter_parameter_update
</UL>

<P><STRONG><a name="[ad]"></a>ac_charge_cp_status_get</STRONG> (Thumb, 480 bytes, Stack size 16 bytes, app_chargectl.o(.text.ac_charge_cp_status_get))
<BR><BR>[Stack]<UL><LI>Max Depth = 52<LI>Call Chain = ac_charge_cp_status_get &rArr; __aeabi_fsub &rArr; __aeabi_fadd &rArr; _float_epilogue
</UL>
<BR>[Calls]<UL><LI><a href="#[ae]">&gt;&gt;</a>&nbsp;&nbsp;&nbsp;app_get_input_io_simulation_value
<LI><a href="#[2f]">&gt;&gt;</a>&nbsp;&nbsp;&nbsp;__aeabi_fsub
<LI><a href="#[af]">&gt;&gt;</a>&nbsp;&nbsp;&nbsp;__aeabi_fcmpgt
<LI><a href="#[2c]">&gt;&gt;</a>&nbsp;&nbsp;&nbsp;__aeabi_fadd
<LI><a href="#[b0]">&gt;&gt;</a>&nbsp;&nbsp;&nbsp;__aeabi_f2d
<LI><a href="#[b1]">&gt;&gt;</a>&nbsp;&nbsp;&nbsp;__aeabi_dcmpge
<LI><a href="#[49]">&gt;&gt;</a>&nbsp;&nbsp;&nbsp;delay_ms
</UL>
<BR>[Called By]<UL><LI><a href="#[51]">&gt;&gt;</a>&nbsp;&nbsp;&nbsp;app_charge_ctl_process
</UL>

<P><STRONG><a name="[be]"></a>charge_ctl_check_err</STRONG> (Thumb, 888 bytes, Stack size 32 bytes, app_chargectl.o(.text.charge_ctl_check_err))
<BR><BR>[Stack]<UL><LI>Max Depth = 40<LI>Call Chain = charge_ctl_check_err &rArr; get_os_ticks_ms
</UL>
<BR>[Calls]<UL><LI><a href="#[6f]">&gt;&gt;</a>&nbsp;&nbsp;&nbsp;get_os_ticks_ms
</UL>
<BR>[Called By]<UL><LI><a href="#[ba]">&gt;&gt;</a>&nbsp;&nbsp;&nbsp;app_charge_ctl_handle
</UL>

<P><STRONG><a name="[bd]"></a>charge_ctl_preparecharge_init_data</STRONG> (Thumb, 76 bytes, Stack size 16 bytes, app_chargectl.o(.text.charge_ctl_preparecharge_init_data))
<BR><BR>[Stack]<UL><LI>Max Depth = 24<LI>Call Chain = charge_ctl_preparecharge_init_data &rArr; get_os_ticks_ms
</UL>
<BR>[Calls]<UL><LI><a href="#[6f]">&gt;&gt;</a>&nbsp;&nbsp;&nbsp;get_os_ticks_ms
</UL>
<BR>[Called By]<UL><LI><a href="#[ba]">&gt;&gt;</a>&nbsp;&nbsp;&nbsp;app_charge_ctl_handle
</UL>

<P><STRONG><a name="[c2]"></a>main_change_ground_detection_handle</STRONG> (Thumb, 256 bytes, Stack size 16 bytes, app_mainctl.o(.text.main_change_ground_detection_handle))
<BR><BR>[Stack]<UL><LI>Max Depth = 108<LI>Call Chain = main_change_ground_detection_handle &rArr; WriteFlashTest &rArr; fmc_word_program &rArr; fmc_ready_wait &rArr; fmc_state_get
</UL>
<BR>[Calls]<UL><LI><a href="#[a5]">&gt;&gt;</a>&nbsp;&nbsp;&nbsp;WriteFlashTest
<LI><a href="#[6f]">&gt;&gt;</a>&nbsp;&nbsp;&nbsp;get_os_ticks_ms
<LI><a href="#[de]">&gt;&gt;</a>&nbsp;&nbsp;&nbsp;app_chargectl_get_charge_info
<LI><a href="#[49]">&gt;&gt;</a>&nbsp;&nbsp;&nbsp;delay_ms
</UL>
<BR>[Called By]<UL><LI><a href="#[52]">&gt;&gt;</a>&nbsp;&nbsp;&nbsp;app_mainctl_process
</UL>

<P><STRONG><a name="[8a]"></a>SysTick_Config</STRONG> (Thumb, 64 bytes, Stack size 24 bytes, systick.o(.text.SysTick_Config))
<BR><BR>[Stack]<UL><LI>Max Depth = 48<LI>Call Chain = SysTick_Config &rArr; __NVIC_SetPriority
</UL>
<BR>[Calls]<UL><LI><a href="#[8b]">&gt;&gt;</a>&nbsp;&nbsp;&nbsp;__NVIC_SetPriority
</UL>
<BR>[Called By]<UL><LI><a href="#[55]">&gt;&gt;</a>&nbsp;&nbsp;&nbsp;systick_config
</UL>

<P><STRONG><a name="[8b]"></a>__NVIC_SetPriority</STRONG> (Thumb, 128 bytes, Stack size 24 bytes, systick.o(.text.__NVIC_SetPriority))
<BR><BR>[Stack]<UL><LI>Max Depth = 24<LI>Call Chain = __NVIC_SetPriority
</UL>
<BR>[Called By]<UL><LI><a href="#[8a]">&gt;&gt;</a>&nbsp;&nbsp;&nbsp;SysTick_Config
<LI><a href="#[55]">&gt;&gt;</a>&nbsp;&nbsp;&nbsp;systick_config
</UL>

<P><STRONG><a name="[eb]"></a>system_clock_72m_irc8m</STRONG> (Thumb, 204 bytes, Stack size 16 bytes, system_gd32e23x.o(.text.system_clock_72m_irc8m))
<BR><BR>[Stack]<UL><LI>Max Depth = 16<LI>Call Chain = system_clock_72m_irc8m
</UL>
<BR>[Called By]<UL><LI><a href="#[8d]">&gt;&gt;</a>&nbsp;&nbsp;&nbsp;system_clock_config
</UL>

<P><STRONG><a name="[8d]"></a>system_clock_config</STRONG> (Thumb, 8 bytes, Stack size 8 bytes, system_gd32e23x.o(.text.system_clock_config))
<BR><BR>[Stack]<UL><LI>Max Depth = 24<LI>Call Chain = system_clock_config &rArr; system_clock_72m_irc8m
</UL>
<BR>[Calls]<UL><LI><a href="#[eb]">&gt;&gt;</a>&nbsp;&nbsp;&nbsp;system_clock_72m_irc8m
</UL>
<BR>[Called By]<UL><LI><a href="#[23]">&gt;&gt;</a>&nbsp;&nbsp;&nbsp;SystemInit
</UL>

<P><STRONG><a name="[c7]"></a>check_seqeue_empty</STRONG> (Thumb, 40 bytes, Stack size 8 bytes, hw_api_usart.o(.text.check_seqeue_empty))
<BR><BR>[Stack]<UL><LI>Max Depth = 8<LI>Call Chain = check_seqeue_empty
</UL>
<BR>[Called By]<UL><LI><a href="#[79]">&gt;&gt;</a>&nbsp;&nbsp;&nbsp;hw_api_uart_check_seqeue_empty
<LI><a href="#[c6]">&gt;&gt;</a>&nbsp;&nbsp;&nbsp;dequeue
</UL>

<P><STRONG><a name="[c6]"></a>dequeue</STRONG> (Thumb, 78 bytes, Stack size 24 bytes, hw_api_usart.o(.text.dequeue))
<BR><BR>[Stack]<UL><LI>Max Depth = 32<LI>Call Chain = dequeue &rArr; check_seqeue_empty
</UL>
<BR>[Calls]<UL><LI><a href="#[c7]">&gt;&gt;</a>&nbsp;&nbsp;&nbsp;check_seqeue_empty
</UL>
<BR>[Called By]<UL><LI><a href="#[7a]">&gt;&gt;</a>&nbsp;&nbsp;&nbsp;hw_api_uart_dequeue
</UL>

<P><STRONG><a name="[ec]"></a>enqueue</STRONG> (Thumb, 84 bytes, Stack size 12 bytes, hw_api_usart.o(.text.enqueue))
<BR><BR>[Stack]<UL><LI>Max Depth = 12<LI>Call Chain = enqueue
</UL>
<BR>[Called By]<UL><LI><a href="#[9e]">&gt;&gt;</a>&nbsp;&nbsp;&nbsp;uart_enqueue
</UL>

<P><STRONG><a name="[9e]"></a>uart_enqueue</STRONG> (Thumb, 52 bytes, Stack size 16 bytes, hw_api_usart.o(.text.uart_enqueue))
<BR><BR>[Stack]<UL><LI>Max Depth = 28<LI>Call Chain = uart_enqueue &rArr; enqueue
</UL>
<BR>[Calls]<UL><LI><a href="#[ec]">&gt;&gt;</a>&nbsp;&nbsp;&nbsp;enqueue
</UL>
<BR>[Called By]<UL><LI><a href="#[1e]">&gt;&gt;</a>&nbsp;&nbsp;&nbsp;USART0_IRQHandler
</UL>

<P><STRONG><a name="[ef]"></a>ws2812_dma_init</STRONG> (Thumb, 100 bytes, Stack size 48 bytes, bsp_led.o(.text.ws2812_dma_init))
<BR><BR>[Stack]<UL><LI>Max Depth = 84<LI>Call Chain = ws2812_dma_init &rArr; dma_init &rArr; dma_channel_disable
</UL>
<BR>[Calls]<UL><LI><a href="#[f2]">&gt;&gt;</a>&nbsp;&nbsp;&nbsp;timer_dma_enable
<LI><a href="#[f3]">&gt;&gt;</a>&nbsp;&nbsp;&nbsp;dma_memory_to_memory_disable
<LI><a href="#[cf]">&gt;&gt;</a>&nbsp;&nbsp;&nbsp;dma_init
<LI><a href="#[f0]">&gt;&gt;</a>&nbsp;&nbsp;&nbsp;dma_deinit
<LI><a href="#[f1]">&gt;&gt;</a>&nbsp;&nbsp;&nbsp;dma_circulation_disable
<LI><a href="#[f4]">&gt;&gt;</a>&nbsp;&nbsp;&nbsp;dma_channel_enable
<LI><a href="#[40]">&gt;&gt;</a>&nbsp;&nbsp;&nbsp;rcu_periph_clock_enable
</UL>
<BR>[Called By]<UL><LI><a href="#[5e]">&gt;&gt;</a>&nbsp;&nbsp;&nbsp;ws2812_init
</UL>

<P><STRONG><a name="[f6]"></a>ws2812_rgb_send_array</STRONG> (Thumb, 54 bytes, Stack size 16 bytes, bsp_led.o(.text.ws2812_rgb_send_array))
<BR><BR>[Stack]<UL><LI>Max Depth = 28<LI>Call Chain = ws2812_rgb_send_array &rArr; dma_transfer_number_config
</UL>
<BR>[Calls]<UL><LI><a href="#[f9]">&gt;&gt;</a>&nbsp;&nbsp;&nbsp;dma_transfer_number_config
<LI><a href="#[f7]">&gt;&gt;</a>&nbsp;&nbsp;&nbsp;dma_flag_get
<LI><a href="#[f8]">&gt;&gt;</a>&nbsp;&nbsp;&nbsp;dma_flag_clear
<LI><a href="#[f4]">&gt;&gt;</a>&nbsp;&nbsp;&nbsp;dma_channel_enable
<LI><a href="#[d0]">&gt;&gt;</a>&nbsp;&nbsp;&nbsp;dma_channel_disable
</UL>
<BR>[Called By]<UL><LI><a href="#[ee]">&gt;&gt;</a>&nbsp;&nbsp;&nbsp;ws2812_set_color
</UL>

<P><STRONG><a name="[fa]"></a>ws2812_rgb_set_color_buf</STRONG> (Thumb, 296 bytes, Stack size 56 bytes, bsp_led.o(.text.ws2812_rgb_set_color_buf))
<BR><BR>[Stack]<UL><LI>Max Depth = 56<LI>Call Chain = ws2812_rgb_set_color_buf
</UL>
<BR>[Called By]<UL><LI><a href="#[ee]">&gt;&gt;</a>&nbsp;&nbsp;&nbsp;ws2812_set_color
</UL>

<P><STRONG><a name="[ee]"></a>ws2812_set_color</STRONG> (Thumb, 78 bytes, Stack size 24 bytes, bsp_led.o(.text.ws2812_set_color))
<BR><BR>[Stack]<UL><LI>Max Depth = 80<LI>Call Chain = ws2812_set_color &rArr; ws2812_rgb_set_color_buf
</UL>
<BR>[Calls]<UL><LI><a href="#[fa]">&gt;&gt;</a>&nbsp;&nbsp;&nbsp;ws2812_rgb_set_color_buf
<LI><a href="#[f6]">&gt;&gt;</a>&nbsp;&nbsp;&nbsp;ws2812_rgb_send_array
</UL>
<BR>[Called By]<UL><LI><a href="#[74]">&gt;&gt;</a>&nbsp;&nbsp;&nbsp;ws2812_display_color
</UL>

<P><STRONG><a name="[f5]"></a>ws2812_timer_pwm_init</STRONG> (Thumb, 152 bytes, Stack size 56 bytes, bsp_led.o(.text.ws2812_timer_pwm_init))
<BR><BR>[Stack]<UL><LI>Max Depth = 108<LI>Call Chain = ws2812_timer_pwm_init &rArr; timer_deinit &rArr; rcu_periph_reset_enable
</UL>
<BR>[Calls]<UL><LI><a href="#[ff]">&gt;&gt;</a>&nbsp;&nbsp;&nbsp;timer_dma_transfer_config
<LI><a href="#[f2]">&gt;&gt;</a>&nbsp;&nbsp;&nbsp;timer_dma_enable
<LI><a href="#[d2]">&gt;&gt;</a>&nbsp;&nbsp;&nbsp;timer_channel_output_pulse_value_config
<LI><a href="#[fe]">&gt;&gt;</a>&nbsp;&nbsp;&nbsp;timer_primary_output_config
<LI><a href="#[98]">&gt;&gt;</a>&nbsp;&nbsp;&nbsp;timer_init
<LI><a href="#[9a]">&gt;&gt;</a>&nbsp;&nbsp;&nbsp;timer_enable
<LI><a href="#[96]">&gt;&gt;</a>&nbsp;&nbsp;&nbsp;timer_deinit
<LI><a href="#[fd]">&gt;&gt;</a>&nbsp;&nbsp;&nbsp;timer_channel_output_shadow_config
<LI><a href="#[fc]">&gt;&gt;</a>&nbsp;&nbsp;&nbsp;timer_channel_output_mode_config
<LI><a href="#[fb]">&gt;&gt;</a>&nbsp;&nbsp;&nbsp;timer_channel_output_config
<LI><a href="#[100]">&gt;&gt;</a>&nbsp;&nbsp;&nbsp;timer_auto_reload_shadow_enable
<LI><a href="#[40]">&gt;&gt;</a>&nbsp;&nbsp;&nbsp;rcu_periph_clock_enable
</UL>
<BR>[Called By]<UL><LI><a href="#[5e]">&gt;&gt;</a>&nbsp;&nbsp;&nbsp;ws2812_init
</UL>

<P><STRONG><a name="[e1]"></a>__NVIC_EnableIRQ</STRONG> (Thumb, 48 bytes, Stack size 4 bytes, gd32e23x_misc.o(.text.__NVIC_EnableIRQ))
<BR><BR>[Stack]<UL><LI>Max Depth = 4<LI>Call Chain = __NVIC_EnableIRQ
</UL>
<BR>[Called By]<UL><LI><a href="#[9b]">&gt;&gt;</a>&nbsp;&nbsp;&nbsp;nvic_irq_enable
</UL>

<P><STRONG><a name="[e0]"></a>__NVIC_SetPriority</STRONG> (Thumb, 128 bytes, Stack size 24 bytes, gd32e23x_misc.o(.text.__NVIC_SetPriority))
<BR><BR>[Stack]<UL><LI>Max Depth = 24<LI>Call Chain = __NVIC_SetPriority
</UL>
<BR>[Called By]<UL><LI><a href="#[9b]">&gt;&gt;</a>&nbsp;&nbsp;&nbsp;nvic_irq_enable
</UL>

<P><STRONG><a name="[104]"></a>_fp_digits</STRONG> (Thumb, 344 bytes, Stack size 64 bytes, printfa.o(i._fp_digits), UNUSED)
<BR><BR>[Calls]<UL><LI><a href="#[3a]">&gt;&gt;</a>&nbsp;&nbsp;&nbsp;__aeabi_dmul
<LI><a href="#[3b]">&gt;&gt;</a>&nbsp;&nbsp;&nbsp;__aeabi_ddiv
<LI><a href="#[34]">&gt;&gt;</a>&nbsp;&nbsp;&nbsp;__aeabi_dadd
<LI><a href="#[3c]">&gt;&gt;</a>&nbsp;&nbsp;&nbsp;__aeabi_d2ulz
<LI><a href="#[105]">&gt;&gt;</a>&nbsp;&nbsp;&nbsp;__aeabi_cdrcmple
<LI><a href="#[29]">&gt;&gt;</a>&nbsp;&nbsp;&nbsp;__aeabi_uldivmod
</UL>
<BR>[Called By]<UL><LI><a href="#[102]">&gt;&gt;</a>&nbsp;&nbsp;&nbsp;_printf_core
</UL>

<P><STRONG><a name="[102]"></a>_printf_core</STRONG> (Thumb, 1754 bytes, Stack size 128 bytes, printfa.o(i._printf_core), UNUSED)
<BR><BR>[Calls]<UL><LI><a href="#[108]">&gt;&gt;</a>&nbsp;&nbsp;&nbsp;__aeabi_uidivmod
<LI><a href="#[106]">&gt;&gt;</a>&nbsp;&nbsp;&nbsp;_printf_pre_padding
<LI><a href="#[107]">&gt;&gt;</a>&nbsp;&nbsp;&nbsp;_printf_post_padding
<LI><a href="#[104]">&gt;&gt;</a>&nbsp;&nbsp;&nbsp;_fp_digits
<LI><a href="#[29]">&gt;&gt;</a>&nbsp;&nbsp;&nbsp;__aeabi_uldivmod
</UL>
<BR>[Called By]<UL><LI><a href="#[103]">&gt;&gt;</a>&nbsp;&nbsp;&nbsp;__0sprintf
<LI><a href="#[101]">&gt;&gt;</a>&nbsp;&nbsp;&nbsp;__0printf
</UL>

<P><STRONG><a name="[107]"></a>_printf_post_padding</STRONG> (Thumb, 32 bytes, Stack size 24 bytes, printfa.o(i._printf_post_padding), UNUSED)
<BR><BR>[Called By]<UL><LI><a href="#[102]">&gt;&gt;</a>&nbsp;&nbsp;&nbsp;_printf_core
</UL>

<P><STRONG><a name="[106]"></a>_printf_pre_padding</STRONG> (Thumb, 44 bytes, Stack size 40 bytes, printfa.o(i._printf_pre_padding), UNUSED)
<BR><BR>[Called By]<UL><LI><a href="#[102]">&gt;&gt;</a>&nbsp;&nbsp;&nbsp;_printf_core
</UL>

<P><STRONG><a name="[26]"></a>_sputc</STRONG> (Thumb, 10 bytes, Stack size 0 bytes, printfa.o(i._sputc))
<BR><BR>[Called By]<UL><LI><a href="#[103]">&gt;&gt;</a>&nbsp;&nbsp;&nbsp;__0sprintf
</UL>
<BR>[Address Reference Count : 1]<UL><LI> printfa.o(i.__0sprintf)
</UL><P>
<H3>
Undefined Global Symbols
</H3><HR></body></html>
