Component: ARM Compiler 6.16 Tool: armlink [5dfeaa00]

==============================================================================

Section Cross References

    main.o(.text.main) refers to app.o(.text.App_Init) for App_Init
    main.o(.text.main) refers to app.o(.text.App_Handler) for App_Handler
    main.o(.ARM.exidx.text.main) refers to main.o(.text.main) for [Anonymous Symbol]
    startup_gd32e23x.o(RESET) refers to startup_gd32e23x.o(STACK) for __initial_sp
    startup_gd32e23x.o(RESET) refers to startup_gd32e23x.o(.text) for Reset_Handler
    startup_gd32e23x.o(RESET) refers to gd32e23x_it.o(.text.HardFault_Handler) for HardFault_Handler
    startup_gd32e23x.o(RESET) refers to gd32e23x_it.o(.text.SysTick_Handler) for SysTick_Handler
    startup_gd32e23x.o(RESET) refers to gd32e23x_it.o(.text.DMA_Channel1_2_IRQHandler) for DMA_Channel1_2_IRQHandler
    startup_gd32e23x.o(RESET) refers to app.o(.text.TIMER5_IRQHandler) for TIMER5_IRQHandler
    startup_gd32e23x.o(RESET) refers to hw_api_usart.o(.text.USART0_IRQHandler) for USART0_IRQHandler
    startup_gd32e23x.o(.text) refers to system_gd32e23x.o(.text.SystemInit) for SystemInit
    startup_gd32e23x.o(.text) refers to entry.o(.ARM.Collect$$$$00000000) for __main
    gd32e23x_it.o(.ARM.exidx.text.HardFault_Handler) refers to gd32e23x_it.o(.text.HardFault_Handler) for [Anonymous Symbol]
    gd32e23x_it.o(.text.SysTick_Handler) refers to systick.o(.text.delay_decrement) for delay_decrement
    gd32e23x_it.o(.text.SysTick_Handler) refers to systick.o(.text.delay_increment) for delay_increment
    gd32e23x_it.o(.ARM.exidx.text.SysTick_Handler) refers to gd32e23x_it.o(.text.SysTick_Handler) for [Anonymous Symbol]
    gd32e23x_it.o(.text.DMA_Channel1_2_IRQHandler) refers to gd32e23x_dma.o(.text.dma_interrupt_flag_get) for dma_interrupt_flag_get
    gd32e23x_it.o(.text.DMA_Channel1_2_IRQHandler) refers to gd32e23x_dma.o(.text.dma_interrupt_flag_clear) for dma_interrupt_flag_clear
    gd32e23x_it.o(.ARM.exidx.text.DMA_Channel1_2_IRQHandler) refers to gd32e23x_it.o(.text.DMA_Channel1_2_IRQHandler) for [Anonymous Symbol]
    app.o(.text.App_Init) refers to systick.o(.text.systick_config) for systick_config
    app.o(.text.App_Init) refers to timeout.o(.text.TimeOutDet_Init) for TimeOutDet_Init
    app.o(.text.App_Init) refers to user_cfg.o(.text.Uart1_Init) for Uart1_Init
    app.o(.text.App_Init) refers to user_cfg.o(.text.Adc_Init) for Adc_Init
    app.o(.text.App_Init) refers to drv_common.o(.text.drv_common_usart0_init) for drv_common_usart0_init
    app.o(.text.App_Init) refers to hw_api_usart.o(.text.hw_api_usart_data_init) for hw_api_usart_data_init
    app.o(.text.App_Init) refers to user_cfg.o(.text.Timer5_Base) for Timer5_Base
    app.o(.text.App_Init) refers to user_cfg.o(.text.TimerPwm_Config) for TimerPwm_Config
    app.o(.text.App_Init) refers to bsp_led.o(.text.ws2812_init) for ws2812_init
    app.o(.text.App_Init) refers to drv_common.o(.text.drv_common_set_cp_pwm) for drv_common_set_cp_pwm
    app.o(.text.App_Init) refers to app_target.o(.text.app_target_sys_para_init) for app_target_sys_para_init
    app.o(.text.App_Init) refers to user_cfg.o(.text.Fwdgt_Config) for Fwdgt_Config
    app.o(.text.App_Init) refers to app.o(.bss.app_para) for app_para
    app.o(.ARM.exidx.text.App_Init) refers to app.o(.text.App_Init) for [Anonymous Symbol]
    app.o(.text.App_Handler) refers to user_cfg.o(.text.Fwdgt_Free) for Fwdgt_Free
    app.o(.text.App_Handler) refers to bsp_led.o(.text.Led_Handler) for Led_Handler
    app.o(.ARM.exidx.text.App_Handler) refers to app.o(.text.App_Handler) for [Anonymous Symbol]
    app.o(.text.TIMER5_IRQHandler) refers to gd32e23x_timer.o(.text.timer_interrupt_flag_get) for timer_interrupt_flag_get
    app.o(.text.TIMER5_IRQHandler) refers to gd32e23x_timer.o(.text.timer_interrupt_flag_clear) for timer_interrupt_flag_clear
    app.o(.text.TIMER5_IRQHandler) refers to timeout.o(.text.TimeOutDet_DecHandle) for TimeOutDet_DecHandle
    app.o(.text.TIMER5_IRQHandler) refers to drv_common.o(.text.drv_common_toggle_gpio_status) for drv_common_toggle_gpio_status
    app.o(.text.TIMER5_IRQHandler) refers to app.o(.bss.app_para) for app_para
    app.o(.ARM.exidx.text.TIMER5_IRQHandler) refers to app.o(.text.TIMER5_IRQHandler) for [Anonymous Symbol]
    user_cfg.o(.text.Uart1_Init) refers to gd32e23x_rcu.o(.text.rcu_periph_clock_enable) for rcu_periph_clock_enable
    user_cfg.o(.text.Uart1_Init) refers to gd32e23x_gpio.o(.text.gpio_af_set) for gpio_af_set
    user_cfg.o(.text.Uart1_Init) refers to gd32e23x_gpio.o(.text.gpio_mode_set) for gpio_mode_set
    user_cfg.o(.text.Uart1_Init) refers to gd32e23x_gpio.o(.text.gpio_output_options_set) for gpio_output_options_set
    user_cfg.o(.text.Uart1_Init) refers to gd32e23x_usart.o(.text.usart_deinit) for usart_deinit
    user_cfg.o(.text.Uart1_Init) refers to gd32e23x_usart.o(.text.usart_baudrate_set) for usart_baudrate_set
[...]
    Removing gd32e23x_usart.o(.text.usart_overrun_disable), (30 bytes).
    Removing gd32e23x_usart.o(.ARM.exidx.text.usart_overrun_disable), (8 bytes).
    Removing gd32e23x_usart.o(.text.usart_oversample_config), (42 bytes).
    Removing gd32e23x_usart.o(.ARM.exidx.text.usart_oversample_config), (8 bytes).
    Removing gd32e23x_usart.o(.text.usart_sample_bit_config), (42 bytes).
    Removing gd32e23x_usart.o(.ARM.exidx.text.usart_sample_bit_config), (8 bytes).
    Removing gd32e23x_usart.o(.text.usart_receiver_timeout_enable), (20 bytes).
    Removing gd32e23x_usart.o(.ARM.exidx.text.usart_receiver_timeout_enable), (8 bytes).
    Removing gd32e23x_usart.o(.text.usart_receiver_timeout_disable), (20 bytes).
    Removing gd32e23x_usart.o(.ARM.exidx.text.usart_receiver_timeout_disable), (8 bytes).
    Removing gd32e23x_usart.o(.text.usart_receiver_timeout_threshold_config), (32 bytes).
    Removing gd32e23x_usart.o(.ARM.exidx.text.usart_receiver_timeout_threshold_config), (8 bytes).
    Removing gd32e23x_usart.o(.text.usart_data_transmit), (24 bytes).
    Removing gd32e23x_usart.o(.ARM.exidx.text.usart_data_transmit), (8 bytes).
    Removing gd32e23x_usart.o(.ARM.exidx.text.usart_data_receive), (8 bytes).
    Removing gd32e23x_usart.o(.text.usart_address_config), (46 bytes).
    Removing gd32e23x_usart.o(.ARM.exidx.text.usart_address_config), (8 bytes).
    Removing gd32e23x_usart.o(.text.usart_address_detection_mode_config), (42 bytes).
    Removing gd32e23x_usart.o(.ARM.exidx.text.usart_address_detection_mode_config), (8 bytes).
    Removing gd32e23x_usart.o(.text.usart_mute_mode_enable), (20 bytes).
    Removing gd32e23x_usart.o(.ARM.exidx.text.usart_mute_mode_enable), (8 bytes).
    Removing gd32e23x_usart.o(.text.usart_mute_mode_disable), (20 bytes).
    Removing gd32e23x_usart.o(.ARM.exidx.text.usart_mute_mode_disable), (8 bytes).
    Removing gd32e23x_usart.o(.text.usart_mute_mode_wakeup_config), (42 bytes).
    Removing gd32e23x_usart.o(.ARM.exidx.text.usart_mute_mode_wakeup_config), (8 bytes).
    Removing gd32e23x_usart.o(.text.usart_lin_mode_enable), (30 bytes).
    Removing gd32e23x_usart.o(.ARM.exidx.text.usart_lin_mode_enable), (8 bytes).
    Removing gd32e23x_usart.o(.text.usart_lin_mode_disable), (30 bytes).
    Removing gd32e23x_usart.o(.ARM.exidx.text.usart_lin_mode_disable), (8 bytes).
    Removing gd32e23x_usart.o(.text.usart_lin_break_detection_length_config), (42 bytes).
    Removing gd32e23x_usart.o(.ARM.exidx.text.usart_lin_break_detection_length_config), (8 bytes).
    Removing gd32e23x_usart.o(.text.usart_halfduplex_enable), (28 bytes).
    Removing gd32e23x_usart.o(.ARM.exidx.text.usart_halfduplex_enable), (8 bytes).
    Removing gd32e23x_usart.o(.text.usart_halfduplex_disable), (28 bytes).
    Removing gd32e23x_usart.o(.ARM.exidx.text.usart_halfduplex_disable), (8 bytes).
    Removing gd32e23x_usart.o(.text.usart_clock_enable), (30 bytes).
    Removing gd32e23x_usart.o(.ARM.exidx.text.usart_clock_enable), (8 bytes).
    Removing gd32e23x_usart.o(.text.usart_clock_disable), (30 bytes).
    Removing gd32e23x_usart.o(.ARM.exidx.text.usart_clock_disable), (8 bytes).
    Removing gd32e23x_usart.o(.text.usart_synchronous_clock_config), (84 bytes).
    Removing gd32e23x_usart.o(.ARM.exidx.text.usart_synchronous_clock_config), (8 bytes).
    Removing gd32e23x_usart.o(.text.usart_guard_time_config), (46 bytes).
    Removing gd32e23x_usart.o(.ARM.exidx.text.usart_guard_time_config), (8 bytes).
    Removing gd32e23x_usart.o(.text.usart_smartcard_mode_enable), (28 bytes).
    Removing gd32e23x_usart.o(.ARM.exidx.text.usart_smartcard_mode_enable), (8 bytes).
    Removing gd32e23x_usart.o(.text.usart_smartcard_mode_disable), (28 bytes).
    Removing gd32e23x_usart.o(.ARM.exidx.text.usart_smartcard_mode_disable), (8 bytes).
    Removing gd32e23x_usart.o(.text.usart_smartcard_mode_nack_enable), (28 bytes).
    Removing gd32e23x_usart.o(.ARM.exidx.text.usart_smartcard_mode_nack_enable), (8 bytes).
    Removing gd32e23x_usart.o(.text.usart_smartcard_mode_nack_disable), (28 bytes).
    Removing gd32e23x_usart.o(.ARM.exidx.text.usart_smartcard_mode_nack_disable), (8 bytes).
    Removing gd32e23x_usart.o(.text.usart_smartcard_mode_early_nack_enable), (20 bytes).
    Removing gd32e23x_usart.o(.ARM.exidx.text.usart_smartcard_mode_early_nack_enable), (8 bytes).
    Removing gd32e23x_usart.o(.text.usart_smartcard_mode_early_nack_disable), (20 bytes).
    Removing gd32e23x_usart.o(.ARM.exidx.text.usart_smartcard_mode_early_nack_disable), (8 bytes).
    Removing gd32e23x_usart.o(.text.usart_smartcard_autoretry_config), (46 bytes).
    Removing gd32e23x_usart.o(.ARM.exidx.text.usart_smartcard_autoretry_config), (8 bytes).
    Removing gd32e23x_usart.o(.text.usart_block_length_config), (34 bytes).
    Removing gd32e23x_usart.o(.ARM.exidx.text.usart_block_length_config), (8 bytes).
    Removing gd32e23x_usart.o(.text.usart_irda_mode_enable), (28 bytes).
    Removing gd32e23x_usart.o(.ARM.exidx.text.usart_irda_mode_enable), (8 bytes).
    Removing gd32e23x_usart.o(.text.usart_irda_mode_disable), (28 bytes).
    Removing gd32e23x_usart.o(.ARM.exidx.text.usart_irda_mode_disable), (8 bytes).
    Removing gd32e23x_usart.o(.text.usart_prescaler_config), (40 bytes).
    Removing gd32e23x_usart.o(.ARM.exidx.text.usart_prescaler_config), (8 bytes).
    Removing gd32e23x_usart.o(.text.usart_irda_lowpower_config), (42 bytes).
    Removing gd32e23x_usart.o(.ARM.exidx.text.usart_irda_lowpower_config), (8 bytes).
    Removing gd32e23x_usart.o(.text.usart_hardware_flow_rts_config), (42 bytes).
    Removing gd32e23x_usart.o(.ARM.exidx.text.usart_hardware_flow_rts_config), (8 bytes).
    Removing gd32e23x_usart.o(.text.usart_hardware_flow_cts_config), (42 bytes).
    Removing gd32e23x_usart.o(.ARM.exidx.text.usart_hardware_flow_cts_config), (8 bytes).
    Removing gd32e23x_usart.o(.text.usart_hardware_flow_coherence_config), (34 bytes).
    Removing gd32e23x_usart.o(.ARM.exidx.text.usart_hardware_flow_coherence_config), (8 bytes).
    Removing gd32e23x_usart.o(.text.usart_rs485_driver_enable), (30 bytes).
    Removing gd32e23x_usart.o(.ARM.exidx.text.usart_rs485_driver_enable), (8 bytes).
    Removing gd32e23x_usart.o(.text.usart_rs485_driver_disable), (30 bytes).
    Removing gd32e23x_usart.o(.ARM.exidx.text.usart_rs485_driver_disable), (8 bytes).
    Removing gd32e23x_usart.o(.text.usart_driver_assertime_config), (46 bytes).
    Removing gd32e23x_usart.o(.ARM.exidx.text.usart_driver_assertime_config), (8 bytes).
    Removing gd32e23x_usart.o(.text.usart_driver_deassertime_config), (46 bytes).
    Removing gd32e23x_usart.o(.ARM.exidx.text.usart_driver_deassertime_config), (8 bytes).
    Removing gd32e23x_usart.o(.text.usart_depolarity_config), (44 bytes).
    Removing gd32e23x_usart.o(.ARM.exidx.text.usart_depolarity_config), (8 bytes).
    Removing gd32e23x_usart.o(.text.usart_dma_receive_config), (30 bytes).
    Removing gd32e23x_usart.o(.ARM.exidx.text.usart_dma_receive_config), (8 bytes).
    Removing gd32e23x_usart.o(.text.usart_dma_transmit_config), (30 bytes).
    Removing gd32e23x_usart.o(.ARM.exidx.text.usart_dma_transmit_config), (8 bytes).
    Removing gd32e23x_usart.o(.text.usart_reception_error_dma_disable), (30 bytes).
    Removing gd32e23x_usart.o(.ARM.exidx.text.usart_reception_error_dma_disable), (8 bytes).
    Removing gd32e23x_usart.o(.text.usart_reception_error_dma_enable), (30 bytes).
    Removing gd32e23x_usart.o(.ARM.exidx.text.usart_reception_error_dma_enable), (8 bytes).
    Removing gd32e23x_usart.o(.text.usart_wakeup_enable), (18 bytes).
    Removing gd32e23x_usart.o(.ARM.exidx.text.usart_wakeup_enable), (8 bytes).
    Removing gd32e23x_usart.o(.text.usart_wakeup_disable), (18 bytes).
    Removing gd32e23x_usart.o(.ARM.exidx.text.usart_wakeup_disable), (8 bytes).
    Removing gd32e23x_usart.o(.text.usart_wakeup_mode_config), (44 bytes).
    Removing gd32e23x_usart.o(.ARM.exidx.text.usart_wakeup_mode_config), (8 bytes).
    Removing gd32e23x_usart.o(.text.usart_receive_fifo_enable), (22 bytes).
    Removing gd32e23x_usart.o(.ARM.exidx.text.usart_receive_fifo_enable), (8 bytes).
    Removing gd32e23x_usart.o(.text.usart_receive_fifo_disable), (22 bytes).
    Removing gd32e23x_usart.o(.ARM.exidx.text.usart_receive_fifo_disable), (8 bytes).
    Removing gd32e23x_usart.o(.text.usart_receive_fifo_counter_number), (22 bytes).
    Removing gd32e23x_usart.o(.ARM.exidx.text.usart_receive_fifo_counter_number), (8 bytes).
    Removing gd32e23x_usart.o(.text.usart_flag_get), (60 bytes).
    Removing gd32e23x_usart.o(.ARM.exidx.text.usart_flag_get), (8 bytes).
    Removing gd32e23x_usart.o(.text.usart_flag_clear), (30 bytes).
    Removing gd32e23x_usart.o(.ARM.exidx.text.usart_flag_clear), (8 bytes).
    Removing gd32e23x_usart.o(.ARM.exidx.text.usart_interrupt_enable), (8 bytes).
    Removing gd32e23x_usart.o(.text.usart_interrupt_disable), (34 bytes).
    Removing gd32e23x_usart.o(.ARM.exidx.text.usart_interrupt_disable), (8 bytes).
    Removing gd32e23x_usart.o(.text.usart_command_enable), (20 bytes).
    Removing gd32e23x_usart.o(.ARM.exidx.text.usart_command_enable), (8 bytes).
    Removing gd32e23x_usart.o(.ARM.exidx.text.usart_interrupt_flag_get), (8 bytes).
    Removing gd32e23x_usart.o(.ARM.exidx.text.usart_interrupt_flag_clear), (8 bytes).
    Removing gd32e23x_wwdgt.o(.text), (0 bytes).
    Removing gd32e23x_wwdgt.o(.text.wwdgt_deinit), (28 bytes).
    Removing gd32e23x_wwdgt.o(.ARM.exidx.text.wwdgt_deinit), (8 bytes).
    Removing gd32e23x_wwdgt.o(.text.wwdgt_enable), (16 bytes).
    Removing gd32e23x_wwdgt.o(.ARM.exidx.text.wwdgt_enable), (8 bytes).
    Removing gd32e23x_wwdgt.o(.text.wwdgt_counter_update), (28 bytes).
    Removing gd32e23x_wwdgt.o(.ARM.exidx.text.wwdgt_counter_update), (8 bytes).
    Removing gd32e23x_wwdgt.o(.text.wwdgt_config), (52 bytes).
    Removing gd32e23x_wwdgt.o(.ARM.exidx.text.wwdgt_config), (8 bytes).
    Removing gd32e23x_wwdgt.o(.text.wwdgt_flag_get), (40 bytes).
    Removing gd32e23x_wwdgt.o(.ARM.exidx.text.wwdgt_flag_get), (8 bytes).
    Removing gd32e23x_wwdgt.o(.text.wwdgt_flag_clear), (16 bytes).
    Removing gd32e23x_wwdgt.o(.ARM.exidx.text.wwdgt_flag_clear), (8 bytes).
    Removing gd32e23x_wwdgt.o(.text.wwdgt_interrupt_enable), (20 bytes).
    Removing gd32e23x_wwdgt.o(.ARM.exidx.text.wwdgt_interrupt_enable), (8 bytes).
    Removing fadd.o(.text), (178 bytes).
    Removing fmul.o(.text), (122 bytes).
    Removing fdiv.o(.text), (124 bytes).
    Removing fcmple.o(.text), (28 bytes).
    Removing fcmplt.o(.text), (28 bytes).
    Removing fcmpgt.o(.text), (28 bytes).
    Removing dcmpge.o(.text), (44 bytes).
    Removing fflti.o(.text), (22 bytes).
    Removing ffltui.o(.text), (14 bytes).
    Removing ffixui.o(.text), (40 bytes).
    Removing f2d.o(.text), (40 bytes).
    Removing fepilogue.o(.text), (130 bytes).
    Removing dadd.o(.text), (356 bytes).
    Removing dmul.o(.text), (208 bytes).
    Removing ddiv.o(.text), (240 bytes).
    Removing dfixul.o(.text), (64 bytes).
    Removing cdrcmple.o(.text), (40 bytes).
    Removing depilogue.o(.text), (190 bytes).
    Removing depilogue.o(i.__ARM_clz), (46 bytes).

1312 unused section(s) (total 50697 bytes) removed from the image.

==============================================================================

Image Symbol Table

    Local Symbols

    Symbol Name                              Value     Ov Type        Size  Object(Section)

    ../clib/division.s                       0x00000000   Number         0  aeabi_sdiv.o ABSOLUTE
    ../clib/division.s                       0x00000000   Number         0  aeabi_sdiv_div0.o ABSOLUTE
    ../clib/longlong.c                       0x00000000   Number         0  llmul.o ABSOLUTE
    ../clib/microlib/division.c              0x00000000   Number         0  uldiv.o ABSOLUTE
    ../clib/microlib/division.c              0x00000000   Number         0  uidiv.o ABSOLUTE
    ../clib/microlib/division.c              0x00000000   Number         0  uidiv_div0.o ABSOLUTE
    ../clib/microlib/division.c              0x00000000   Number         0  idiv_div0.o ABSOLUTE
    ../clib/microlib/division.c              0x00000000   Number         0  idiv0.o ABSOLUTE
    ../clib/microlib/init/entry.s            0x00000000   Number         0  entry.o ABSOLUTE
    ../clib/microlib/init/entry.s            0x00000000   Number         0  entry2.o ABSOLUTE
    ../clib/microlib/init/entry.s            0x00000000   Number         0  entry5.o ABSOLUTE
    ../clib/microlib/init/entry.s            0x00000000   Number         0  entry7a.o ABSOLUTE
    ../clib/microlib/init/entry.s            0x00000000   Number         0  entry7b.o ABSOLUTE
    ../clib/microlib/init/entry.s            0x00000000   Number         0  entry8a.o ABSOLUTE
    ../clib/microlib/init/entry.s            0x00000000   Number         0  entry8b.o ABSOLUTE
    ../clib/microlib/init/entry.s            0x00000000   Number         0  entry9a.o ABSOLUTE
    ../clib/microlib/init/entry.s            0x00000000   Number         0  entry9b.o ABSOLUTE
    ../clib/microlib/init/entry.s            0x00000000   Number         0  entry10a.o ABSOLUTE
    ../clib/microlib/init/entry.s            0x00000000   Number         0  entry10b.o ABSOLUTE
    ../clib/microlib/init/entry.s            0x00000000   Number         0  entry11a.o ABSOLUTE
    ../clib/microlib/init/entry.s            0x00000000   Number         0  entry11b.o ABSOLUTE
    ../clib/microlib/longlong.c              0x00000000   Number         0  llshl.o ABSOLUTE
    ../clib/microlib/longlong.c              0x00000000   Number         0  llushr.o ABSOLUTE
    ../clib/microlib/longlong.c              0x00000000   Number         0  llsshr.o ABSOLUTE
    ../clib/microlib/printf/printf.c         0x00000000   Number         0  printfa.o ABSOLUTE
    ../clib/microlib/stdio/streams.c         0x00000000   Number         0  stdout.o ABSOLUTE
    ../clib/microlib/string/memset.c         0x00000000   Number         0  memseta.o ABSOLUTE
    ../clib/microlib/stubs.s                 0x00000000   Number         0  iusefp.o ABSOLUTE
    ../fplib/microlib/f2d.c                  0x00000000   Number         0  f2d.o ABSOLUTE
    ../fplib/microlib/fpadd.c                0x00000000   Number         0  fadd.o ABSOLUTE
    ../fplib/microlib/fpadd.c                0x00000000   Number         0  dadd.o ABSOLUTE
    ../fplib/microlib/fpcmp.c                0x00000000   Number         0  fcmple.o ABSOLUTE
    ../fplib/microlib/fpcmp.c                0x00000000   Number         0  fcmplt.o ABSOLUTE
    ../fplib/microlib/fpcmp.c                0x00000000   Number         0  fcmpgt.o ABSOLUTE
    ../fplib/microlib/fpcmp.c                0x00000000   Number         0  dcmpge.o ABSOLUTE
    ../fplib/microlib/fpdiv.c                0x00000000   Number         0  fdiv.o ABSOLUTE
    ../fplib/microlib/fpdiv.c                0x00000000   Number         0  ddiv.o ABSOLUTE
    ../fplib/microlib/fpepilogue.c           0x00000000   Number         0  fepilogue.o ABSOLUTE
    ../fplib/microlib/fpepilogue.c           0x00000000   Number         0  depilogue.o ABSOLUTE
    ../fplib/microlib/fpfix.c                0x00000000   Number         0  ffixui.o ABSOLUTE
    ../fplib/microlib/fpfix.c                0x00000000   Number         0  dfixul.o ABSOLUTE
    ../fplib/microlib/fpflt.c                0x00000000   Number         0  fflti.o ABSOLUTE
    ../fplib/microlib/fpflt.c                0x00000000   Number         0  ffltui.o ABSOLUTE
    ../fplib/microlib/fpmul.c                0x00000000   Number         0  fmul.o ABSOLUTE
    ../fplib/microlib/fpmul.c                0x00000000   Number         0  dmul.o ABSOLUTE
    ..\lib\CMSIS\GD\GD32E23x\Source\ARM\startup_gd32e23x.s 0x00000000   Number         0  startup_gd32e23x.o ABSOLUTE
    TimeOut.c                                0x00000000   Number         0  timeout.o ABSOLUTE
    app.c                                    0x00000000   Number         0  app.o ABSOLUTE
    app_chargectl.c                          0x00000000   Number         0  app_chargectl.o ABSOLUTE
    app_common.c                             0x00000000   Number         0  app_common.o ABSOLUTE
    app_mainctl.c                            0x00000000   Number         0  app_mainctl.o ABSOLUTE
    app_meter.c                              0x00000000   Number         0  app_meter.o ABSOLUTE
    app_realcheck.c                          0x00000000   Number         0  app_realcheck.o ABSOLUTE
    app_target.c                             0x00000000   Number         0  app_target.o ABSOLUTE
    bsp_flash.c                              0x00000000   Number         0  bsp_flash.o ABSOLUTE
    bsp_led.c                                0x00000000   Number         0  bsp_led.o ABSOLUTE
    bsp_meter_v9260.c                        0x00000000   Number         0  bsp_meter_v9260.o ABSOLUTE
    bsp_oled.c                               0x00000000   Number         0  bsp_oled.o ABSOLUTE
    cdrcmple.s                               0x00000000   Number         0  cdrcmple.o ABSOLUTE
    dc.s                                     0x00000000   Number         0  dc.o ABSOLUTE
    drv_common.c                             0x00000000   Number         0  drv_common.o ABSOLUTE
    gd32e230c_eval.c                         0x00000000   Number         0  gd32e230c_eval.o ABSOLUTE
    gd32e23x_adc.c                           0x00000000   Number         0  gd32e23x_adc.o ABSOLUTE
    gd32e23x_cmp.c                           0x00000000   Number         0  gd32e23x_cmp.o ABSOLUTE
    gd32e23x_crc.c                           0x00000000   Number         0  gd32e23x_crc.o ABSOLUTE
    gd32e23x_dbg.c                           0x00000000   Number         0  gd32e23x_dbg.o ABSOLUTE
    gd32e23x_dma.c                           0x00000000   Number         0  gd32e23x_dma.o ABSOLUTE
    gd32e23x_exti.c                          0x00000000   Number         0  gd32e23x_exti.o ABSOLUTE
    gd32e23x_fmc.c                           0x00000000   Number         0  gd32e23x_fmc.o ABSOLUTE
    gd32e23x_fwdgt.c                         0x00000000   Number         0  gd32e23x_fwdgt.o ABSOLUTE
    gd32e23x_gpio.c                          0x00000000   Number         0  gd32e23x_gpio.o ABSOLUTE
    gd32e23x_i2c.c                           0x00000000   Number         0  gd32e23x_i2c.o ABSOLUTE
    gd32e23x_it.c                            0x00000000   Number         0  gd32e23x_it.o ABSOLUTE
    gd32e23x_misc.c                          0x00000000   Number         0  gd32e23x_misc.o ABSOLUTE
    gd32e23x_pmu.c                           0x00000000   Number         0  gd32e23x_pmu.o ABSOLUTE
    gd32e23x_rcu.c                           0x00000000   Number         0  gd32e23x_rcu.o ABSOLUTE
    gd32e23x_rtc.c                           0x00000000   Number         0  gd32e23x_rtc.o ABSOLUTE
    gd32e23x_spi.c                           0x00000000   Number         0  gd32e23x_spi.o ABSOLUTE
    gd32e23x_syscfg.c                        0x00000000   Number         0  gd32e23x_syscfg.o ABSOLUTE
    gd32e23x_timer.c                         0x00000000   Number         0  gd32e23x_timer.o ABSOLUTE
    gd32e23x_usart.c                         0x00000000   Number         0  gd32e23x_usart.o ABSOLUTE
    gd32e23x_wwdgt.c                         0x00000000   Number         0  gd32e23x_wwdgt.o ABSOLUTE
    handlers.s                               0x00000000   Number         0  handlers.o ABSOLUTE
    hw_api_usart.c                           0x00000000   Number         0  hw_api_usart.o ABSOLUTE
    init.s                                   0x00000000   Number         0  init.o ABSOLUTE
    key_touch_process.c                      0x00000000   Number         0  key_touch_process.o ABSOLUTE
    main.c                                   0x00000000   Number         0  main.o ABSOLUTE
    system_gd32e23x.c                        0x00000000   Number         0  system_gd32e23x.o ABSOLUTE
    systick.c                                0x00000000   Number         0  systick.o ABSOLUTE
    user_cfg.c                               0x00000000   Number         0  user_cfg.o ABSOLUTE
    RESET                                    0x08000000   Section      204  startup_gd32e23x.o(RESET)
    .ARM.Collect$$$$00000000                 0x080000cc   Section        0  entry.o(.ARM.Collect$$$$00000000)
    .ARM.Collect$$$$00000001                 0x080000cc   Section        4  entry2.o(.ARM.Collect$$$$00000001)
    .ARM.Collect$$$$00000004                 0x080000d0   Section        4  entry5.o(.ARM.Collect$$$$00000004)
    .ARM.Collect$$$$00000008                 0x080000d4   Section        0  entry7b.o(.ARM.Collect$$$$00000008)
    .ARM.Collect$$$$0000000A                 0x080000d4   Section        0  entry8b.o(.ARM.Collect$$$$0000000A)
    .ARM.Collect$$$$0000000B                 0x080000d4   Section        8  entry9a.o(.ARM.Collect$$$$0000000B)
    __lit__00000000                          0x080000dc   Data           4  entry2.o(.ARM.Collect$$$$00002712)
    .ARM.Collect$$$$0000000D                 0x080000dc   Section        0  entry10a.o(.ARM.Collect$$$$0000000D)
    .ARM.Collect$$$$0000000F                 0x080000dc   Section        0  entry11a.o(.ARM.Collect$$$$0000000F)
    .ARM.Collect$$$$00002712                 0x080000dc   Section        4  entry2.o(.ARM.Collect$$$$00002712)
    .text                                    0x080000e0   Section       28  startup_gd32e23x.o(.text)
    .text                                    0x080000fc   Section       36  init.o(.text)
    [Anonymous Symbol]                       0x08000120   Section        0  user_cfg.o(.text.Adc_Init)
    __arm_cp.5_0                             0x08000198   Number         4  user_cfg.o(.text.Adc_Init)
    __arm_cp.5_1                             0x0800019c   Number         4  user_cfg.o(.text.Adc_Init)
    __arm_cp.5_2                             0x080001a0   Number         4  user_cfg.o(.text.Adc_Init)
    __arm_cp.5_3                             0x080001a4   Number         4  user_cfg.o(.text.Adc_Init)
    [Anonymous Symbol]                       0x080001a8   Section        0  app.o(.text.App_Handler)
    [Anonymous Symbol]                       0x080001b4   Section        0  app.o(.text.App_Init)
    __arm_cp.0_0                             0x08000200   Number         4  app.o(.text.App_Init)
    [Anonymous Symbol]                       0x08000204   Section        0  gd32e23x_it.o(.text.DMA_Channel1_2_IRQHandler)
    [Anonymous Symbol]                       0x08000234   Section        0  user_cfg.o(.text.Fwdgt_Config)
    __arm_cp.1_0                             0x08000258   Number         4  user_cfg.o(.text.Fwdgt_Config)
    [Anonymous Symbol]                       0x0800025c   Section        0  user_cfg.o(.text.Fwdgt_Free)
    [Anonymous Symbol]                       0x08000264   Section        0  gd32e23x_it.o(.text.HardFault_Handler)
    [Anonymous Symbol]                       0x08000268   Section        0  bsp_led.o(.text.Led_Handler)
    __arm_cp.8_1                             0x080002ac   Number         4  bsp_led.o(.text.Led_Handler)
    __arm_cp.8_2                             0x080002b0   Number         4  bsp_led.o(.text.Led_Handler)
    SysTick_Config                           0x080002b5   Thumb Code    64  systick.o(.text.SysTick_Config)
    [Anonymous Symbol]                       0x080002b4   Section        0  systick.o(.text.SysTick_Config)
    __arm_cp.1_0                             0x080002f4   Number         4  systick.o(.text.SysTick_Config)
    __arm_cp.1_1                             0x080002f8   Number         4  systick.o(.text.SysTick_Config)
    __arm_cp.1_2                             0x080002fc   Number         4  systick.o(.text.SysTick_Config)
    [Anonymous Symbol]                       0x08000300   Section        0  gd32e23x_it.o(.text.SysTick_Handler)
    [Anonymous Symbol]                       0x0800030c   Section        0  system_gd32e23x.o(.text.SystemInit)
    __arm_cp.0_0                             0x080003e4   Number         4  system_gd32e23x.o(.text.SystemInit)
    __arm_cp.0_1                             0x080003e8   Number         4  system_gd32e23x.o(.text.SystemInit)
    __arm_cp.0_2                             0x080003ec   Number         4  system_gd32e23x.o(.text.SystemInit)
    __arm_cp.0_3                             0x080003f0   Number         4  system_gd32e23x.o(.text.SystemInit)
    __arm_cp.0_4                             0x080003f4   Number         4  system_gd32e23x.o(.text.SystemInit)
    __arm_cp.0_5                             0x080003f8   Number         4  system_gd32e23x.o(.text.SystemInit)
    __arm_cp.0_6                             0x080003fc   Number         4  system_gd32e23x.o(.text.SystemInit)
    __arm_cp.0_7                             0x08000400   Number         4  system_gd32e23x.o(.text.SystemInit)
    __arm_cp.0_8                             0x08000404   Number         4  system_gd32e23x.o(.text.SystemInit)
    [Anonymous Symbol]                       0x08000408   Section        0  app.o(.text.TIMER5_IRQHandler)
    __arm_cp.2_1                             0x08000454   Number         4  app.o(.text.TIMER5_IRQHandler)
    [Anonymous Symbol]                       0x08000458   Section        0  timeout.o(.text.TimeOutDet_Check)
    [Anonymous Symbol]                       0x08000480   Section        0  timeout.o(.text.TimeOutDet_DecHandle)
    [Anonymous Symbol]                       0x0800048c   Section        0  timeout.o(.text.TimeOutDet_Init)
    [Anonymous Symbol]                       0x08000494   Section        0  timeout.o(.text.TimeOut_BaseValue)
    __arm_cp.2_0                             0x0800049c   Number         4  timeout.o(.text.TimeOut_BaseValue)
    [Anonymous Symbol]                       0x080004a0   Section        0  timeout.o(.text.TimeOut_Record)
    [Anonymous Symbol]                       0x080004bc   Section        0  user_cfg.o(.text.Timer5_Base)
    __arm_cp.3_0                             0x08000514   Number         4  user_cfg.o(.text.Timer5_Base)
    __arm_cp.3_1                             0x08000518   Number         4  user_cfg.o(.text.Timer5_Base)
    [Anonymous Symbol]                       0x0800051c   Section        0  user_cfg.o(.text.TimerPwm_Config)
    __arm_cp.4_1                             0x080005c4   Number         4  user_cfg.o(.text.TimerPwm_Config)
    __arm_cp.4_2                             0x080005c8   Number         4  user_cfg.o(.text.TimerPwm_Config)
    __arm_cp.4_3                             0x080005cc   Number         4  user_cfg.o(.text.TimerPwm_Config)
    [Anonymous Symbol]                       0x080005d0   Section        0  hw_api_usart.o(.text.USART0_IRQHandler)
    __arm_cp.8_0                             0x08000638   Number         4  hw_api_usart.o(.text.USART0_IRQHandler)
    __arm_cp.8_1                             0x0800063c   Number         4  hw_api_usart.o(.text.USART0_IRQHandler)
    __arm_cp.8_2                             0x08000640   Number         4  hw_api_usart.o(.text.USART0_IRQHandler)
    [Anonymous Symbol]                       0x08000644   Section        0  user_cfg.o(.text.Uart1_Init)
    __arm_cp.0_0                             0x080006d4   Number         4  user_cfg.o(.text.Uart1_Init)
    __arm_cp.0_1                             0x080006d8   Number         4  user_cfg.o(.text.Uart1_Init)
    __arm_cp.0_2                             0x080006dc   Number         4  user_cfg.o(.text.Uart1_Init)
    __NVIC_EnableIRQ                         0x080006e1   Thumb Code    48  gd32e23x_misc.o(.text.__NVIC_EnableIRQ)
    [Anonymous Symbol]                       0x080006e0   Section        0  gd32e23x_misc.o(.text.__NVIC_EnableIRQ)
    __arm_cp.2_0                             0x08000710   Number         4  gd32e23x_misc.o(.text.__NVIC_EnableIRQ)
    __NVIC_SetPriority                       0x08000715   Thumb Code   128  systick.o(.text.__NVIC_SetPriority)
    [Anonymous Symbol]                       0x08000714   Section        0  systick.o(.text.__NVIC_SetPriority)
    __NVIC_SetPriority                       0x08000795   Thumb Code   128  gd32e23x_misc.o(.text.__NVIC_SetPriority)
    [Anonymous Symbol]                       0x08000794   Section        0  gd32e23x_misc.o(.text.__NVIC_SetPriority)
    __arm_cp.1_0                             0x08000814   Number         4  gd32e23x_misc.o(.text.__NVIC_SetPriority)
    __arm_cp.1_1                             0x08000818   Number         4  gd32e23x_misc.o(.text.__NVIC_SetPriority)
    [Anonymous Symbol]                       0x0800081c   Section        0  gd32e23x_adc.o(.text.adc_calibration_enable)
    [Anonymous Symbol]                       0x08000854   Section        0  gd32e23x_adc.o(.text.adc_channel_length_config)
    __arm_cp.11_0                            0x080008b4   Number         4  gd32e23x_adc.o(.text.adc_channel_length_config)
    __arm_cp.11_1                            0x080008b8   Number         4  gd32e23x_adc.o(.text.adc_channel_length_config)
    __arm_cp.11_2                            0x080008bc   Number         4  gd32e23x_adc.o(.text.adc_channel_length_config)
    [Anonymous Symbol]                       0x080008c0   Section        0  gd32e23x_adc.o(.text.adc_data_alignment_config)
    [Anonymous Symbol]                       0x080008ec   Section        0  gd32e23x_adc.o(.text.adc_enable)
    [Anonymous Symbol]                       0x08000904   Section        0  gd32e23x_adc.o(.text.adc_external_trigger_config)
    [Anonymous Symbol]                       0x08000980   Section        0  gd32e23x_adc.o(.text.adc_external_trigger_source_config)
    [Anonymous Symbol]                       0x080009d0   Section        0  gd32e23x_adc.o(.text.adc_special_function_config)
    __arm_cp.9_0                             0x08000a7c   Number         4  gd32e23x_adc.o(.text.adc_special_function_config)
    __arm_cp.9_1                             0x08000a80   Number         4  gd32e23x_adc.o(.text.adc_special_function_config)
    [Anonymous Symbol]                       0x08000a84   Section        0  app_chargectl.o(.text.app_chargectl_get_system_para)
    __arm_cp.1_0                             0x08000a88   Number         4  app_chargectl.o(.text.app_chargectl_get_system_para)
    [Anonymous Symbol]                       0x08000a8c   Section        0  app_target.o(.text.app_target_sys_para_init)
    __arm_cp.2_0                             0x08000aac   Number         4  app_target.o(.text.app_target_sys_para_init)
    [Anonymous Symbol]                       0x08000ab0   Section        0  systick.o(.text.delay_1ms)
    [Anonymous Symbol]                       0x08000acc   Section        0  systick.o(.text.delay_decrement)
    __arm_cp.5_0                             0x08000ae0   Number         4  systick.o(.text.delay_decrement)
    [Anonymous Symbol]                       0x08000ae4   Section        0  systick.o(.text.delay_increment)
    __arm_cp.10_0                            0x08000af8   Number         4  systick.o(.text.delay_increment)
    [Anonymous Symbol]                       0x08000afc   Section        0  gd32e23x_dma.o(.text.dma_channel_disable)
    [Anonymous Symbol]                       0x08000b18   Section        0  gd32e23x_dma.o(.text.dma_channel_enable)
    [Anonymous Symbol]                       0x08000b34   Section        0  gd32e23x_dma.o(.text.dma_circulation_disable)
    [Anonymous Symbol]                       0x08000b50   Section        0  gd32e23x_dma.o(.text.dma_deinit)
    [Anonymous Symbol]                       0x08000ba8   Section        0  gd32e23x_dma.o(.text.dma_flag_clear)
    [Anonymous Symbol]                       0x08000bc8   Section        0  gd32e23x_dma.o(.text.dma_flag_get)
    [Anonymous Symbol]                       0x08000bfc   Section        0  gd32e23x_dma.o(.text.dma_init)
    __arm_cp.2_0                             0x08000d08   Number         4  gd32e23x_dma.o(.text.dma_init)
    __arm_cp.2_1                             0x08000d0c   Number         4  gd32e23x_dma.o(.text.dma_init)
    [Anonymous Symbol]                       0x08000d10   Section        0  gd32e23x_dma.o(.text.dma_interrupt_flag_clear)
    __arm_cp.24_0                            0x08000d30   Number         4  gd32e23x_dma.o(.text.dma_interrupt_flag_clear)
    [Anonymous Symbol]                       0x08000d34   Section        0  gd32e23x_dma.o(.text.dma_interrupt_flag_get)
    __arm_cp.23_0                            0x08000df0   Number         4  gd32e23x_dma.o(.text.dma_interrupt_flag_get)
    [Anonymous Symbol]                       0x08000df4   Section        0  gd32e23x_dma.o(.text.dma_memory_to_memory_disable)
    __arm_cp.7_0                             0x08000e14   Number         4  gd32e23x_dma.o(.text.dma_memory_to_memory_disable)
    [Anonymous Symbol]                       0x08000e18   Section        0  gd32e23x_dma.o(.text.dma_transfer_number_config)
    __arm_cp.11_0                            0x08000e38   Number         4  gd32e23x_dma.o(.text.dma_transfer_number_config)
    [Anonymous Symbol]                       0x08000e3c   Section        0  drv_common.o(.text.drv_common_set_cp_pwm)
    __arm_cp.10_0                            0x08000f20   Number         4  drv_common.o(.text.drv_common_set_cp_pwm)
    __arm_cp.10_1                            0x08000f24   Number         4  drv_common.o(.text.drv_common_set_cp_pwm)
    __arm_cp.10_2                            0x08000f28   Number         4  drv_common.o(.text.drv_common_set_cp_pwm)
    [Anonymous Symbol]                       0x08000f2c   Section        0  drv_common.o(.text.drv_common_toggle_gpio_status)
    __arm_cp.9_0                             0x08000f80   Number         4  drv_common.o(.text.drv_common_toggle_gpio_status)
    [Anonymous Symbol]                       0x08000f84   Section        0  drv_common.o(.text.drv_common_usart0_init)
    __arm_cp.0_0                             0x08001040   Number         4  drv_common.o(.text.drv_common_usart0_init)
    __arm_cp.0_1                             0x08001044   Number         4  drv_common.o(.text.drv_common_usart0_init)
    __arm_cp.0_2                             0x08001048   Number         4  drv_common.o(.text.drv_common_usart0_init)
    enqueue                                  0x0800104d   Thumb Code    84  hw_api_usart.o(.text.enqueue)
    [Anonymous Symbol]                       0x0800104c   Section        0  hw_api_usart.o(.text.enqueue)
    [Anonymous Symbol]                       0x080010a0   Section        0  gd32e23x_fwdgt.o(.text.fwdgt_config)
    __arm_cp.7_0                             0x08001164   Number         4  gd32e23x_fwdgt.o(.text.fwdgt_config)
    __arm_cp.7_2                             0x08001168   Number         4  gd32e23x_fwdgt.o(.text.fwdgt_config)
    __arm_cp.7_3                             0x0800116c   Number         4  gd32e23x_fwdgt.o(.text.fwdgt_config)
    __arm_cp.7_4                             0x08001170   Number         4  gd32e23x_fwdgt.o(.text.fwdgt_config)
    __arm_cp.7_5                             0x08001174   Number         4  gd32e23x_fwdgt.o(.text.fwdgt_config)
    __arm_cp.7_6                             0x08001178   Number         4  gd32e23x_fwdgt.o(.text.fwdgt_config)
    [Anonymous Symbol]                       0x0800117c   Section        0  gd32e23x_fwdgt.o(.text.fwdgt_counter_reload)
    __arm_cp.6_1                             0x08001184   Number         4  gd32e23x_fwdgt.o(.text.fwdgt_counter_reload)
    [Anonymous Symbol]                       0x08001188   Section        0  gd32e23x_fwdgt.o(.text.fwdgt_enable)
    __arm_cp.2_0                             0x08001190   Number         4  gd32e23x_fwdgt.o(.text.fwdgt_enable)
    __arm_cp.2_1                             0x08001194   Number         4  gd32e23x_fwdgt.o(.text.fwdgt_enable)
    [Anonymous Symbol]                       0x08001198   Section        0  gd32e23x_gpio.o(.text.gpio_af_set)
    [Anonymous Symbol]                       0x08001258   Section        0  gd32e23x_gpio.o(.text.gpio_bit_reset)
    [Anonymous Symbol]                       0x08001268   Section        0  gd32e23x_gpio.o(.text.gpio_bit_toggle)
    [Anonymous Symbol]                       0x08001278   Section        0  gd32e23x_gpio.o(.text.gpio_mode_set)
    [Anonymous Symbol]                       0x08001306   Section        0  gd32e23x_gpio.o(.text.gpio_output_options_set)
    [Anonymous Symbol]                       0x08001390   Section        0  hw_api_usart.o(.text.hw_api_usart_data_init)
    __arm_cp.6_0                             0x080013fc   Number         4  hw_api_usart.o(.text.hw_api_usart_data_init)
    __arm_cp.6_1                             0x08001400   Number         4  hw_api_usart.o(.text.hw_api_usart_data_init)
    __arm_cp.6_2                             0x08001404   Number         4  hw_api_usart.o(.text.hw_api_usart_data_init)
    [Anonymous Symbol]                       0x08001408   Section        0  main.o(.text.main)
    [Anonymous Symbol]                       0x0800141c   Section        0  gd32e23x_misc.o(.text.nvic_irq_enable)
    [Anonymous Symbol]                       0x08001448   Section        0  gd32e23x_misc.o(.text.nvic_vector_table_set)
    __arm_cp.7_0                             0x08001464   Number         4  gd32e23x_misc.o(.text.nvic_vector_table_set)
    __arm_cp.7_1                             0x08001468   Number         4  gd32e23x_misc.o(.text.nvic_vector_table_set)
    [Anonymous Symbol]                       0x0800146c   Section        0  gd32e23x_rcu.o(.text.rcu_adc_clock_config)
    __arm_cp.14_0                            0x080015ec   Number         4  gd32e23x_rcu.o(.text.rcu_adc_clock_config)
    __arm_cp.14_1                            0x080015f0   Number         4  gd32e23x_rcu.o(.text.rcu_adc_clock_config)
    __arm_cp.14_2                            0x080015f4   Number         4  gd32e23x_rcu.o(.text.rcu_adc_clock_config)
    [Anonymous Symbol]                       0x080015f8   Section        0  gd32e23x_rcu.o(.text.rcu_clock_freq_get)
    __arm_cp.33_0                            0x080018cc   Number         4  gd32e23x_rcu.o(.text.rcu_clock_freq_get)
    __arm_cp.33_1                            0x080018d0   Number         4  gd32e23x_rcu.o(.text.rcu_clock_freq_get)
    __arm_cp.33_2                            0x080018d4   Number         4  gd32e23x_rcu.o(.text.rcu_clock_freq_get)
    __arm_cp.33_3                            0x080018d8   Number         4  gd32e23x_rcu.o(.text.rcu_clock_freq_get)
    __arm_cp.33_4                            0x080018dc   Number         4  gd32e23x_rcu.o(.text.rcu_clock_freq_get)
    __arm_cp.33_5                            0x080018e0   Number         4  gd32e23x_rcu.o(.text.rcu_clock_freq_get)
    __arm_cp.33_6                            0x080018e4   Number         4  gd32e23x_rcu.o(.text.rcu_clock_freq_get)
    __arm_cp.33_7                            0x080018e8   Number         4  gd32e23x_rcu.o(.text.rcu_clock_freq_get)
    __arm_cp.33_8                            0x080018ec   Number         4  gd32e23x_rcu.o(.text.rcu_clock_freq_get)
    [Anonymous Symbol]                       0x080018f0   Section        0  gd32e23x_rcu.o(.text.rcu_flag_get)
    [Anonymous Symbol]                       0x08001924   Section        0  gd32e23x_rcu.o(.text.rcu_osci_on)
    [Anonymous Symbol]                       0x08001948   Section        0  gd32e23x_rcu.o(.text.rcu_osci_stab_wait)
    __arm_cp.21_0                            0x08001b64   Number         4  gd32e23x_rcu.o(.text.rcu_osci_stab_wait)
    __arm_cp.21_1                            0x08001b68   Number         4  gd32e23x_rcu.o(.text.rcu_osci_stab_wait)
    __arm_cp.21_2                            0x08001b6c   Number         4  gd32e23x_rcu.o(.text.rcu_osci_stab_wait)
    __arm_cp.21_3                            0x08001b70   Number         4  gd32e23x_rcu.o(.text.rcu_osci_stab_wait)
    __arm_cp.21_4                            0x08001b74   Number         4  gd32e23x_rcu.o(.text.rcu_osci_stab_wait)
    [Anonymous Symbol]                       0x08001b78   Section        0  gd32e23x_rcu.o(.text.rcu_periph_clock_enable)
    [Anonymous Symbol]                       0x08001b9c   Section        0  gd32e23x_rcu.o(.text.rcu_periph_reset_disable)
    [Anonymous Symbol]                       0x08001bc0   Section        0  gd32e23x_rcu.o(.text.rcu_periph_reset_enable)
    system_clock_72m_hxtal                   0x08001be5   Thumb Code   208  system_gd32e23x.o(.text.system_clock_72m_hxtal)
    [Anonymous Symbol]                       0x08001be4   Section        0  system_gd32e23x.o(.text.system_clock_72m_hxtal)
    __arm_cp.3_0                             0x08001cb4   Number         4  system_gd32e23x.o(.text.system_clock_72m_hxtal)
    __arm_cp.3_1                             0x08001cb8   Number         4  system_gd32e23x.o(.text.system_clock_72m_hxtal)
    __arm_cp.3_2                             0x08001cbc   Number         4  system_gd32e23x.o(.text.system_clock_72m_hxtal)
    __arm_cp.3_3                             0x08001cc0   Number         4  system_gd32e23x.o(.text.system_clock_72m_hxtal)
    __arm_cp.3_4                             0x08001cc4   Number         4  system_gd32e23x.o(.text.system_clock_72m_hxtal)
    system_clock_config                      0x08001cc9   Thumb Code     8  system_gd32e23x.o(.text.system_clock_config)
    [Anonymous Symbol]                       0x08001cc8   Section        0  system_gd32e23x.o(.text.system_clock_config)
    [Anonymous Symbol]                       0x08001cd0   Section        0  systick.o(.text.systick_config)
    __arm_cp.0_0                             0x08001cf4   Number         4  systick.o(.text.systick_config)
    [Anonymous Symbol]                       0x08001cf8   Section        0  gd32e23x_timer.o(.text.timer_auto_reload_shadow_enable)
    [Anonymous Symbol]                       0x08001d0c   Section        0  gd32e23x_timer.o(.text.timer_channel_output_config)
    __arm_cp.42_0                            0x08001ff0   Number         4  gd32e23x_timer.o(.text.timer_channel_output_config)
    __arm_cp.42_1                            0x08001ff4   Number         4  gd32e23x_timer.o(.text.timer_channel_output_config)
    __arm_cp.42_2                            0x08001ff8   Number         4  gd32e23x_timer.o(.text.timer_channel_output_config)
    __arm_cp.42_3                            0x08001ffc   Number         4  gd32e23x_timer.o(.text.timer_channel_output_config)
    [Anonymous Symbol]                       0x08002000   Section        0  gd32e23x_timer.o(.text.timer_channel_output_mode_config)
    [Anonymous Symbol]                       0x080020a0   Section        0  gd32e23x_timer.o(.text.timer_channel_output_pulse_value_config)
    [Anonymous Symbol]                       0x080020f4   Section        0  gd32e23x_timer.o(.text.timer_channel_output_shadow_config)
    [Anonymous Symbol]                       0x08002194   Section        0  gd32e23x_timer.o(.text.timer_deinit)
    __arm_cp.0_1                             0x0800225c   Number         4  gd32e23x_timer.o(.text.timer_deinit)
    __arm_cp.0_3                             0x08002260   Number         4  gd32e23x_timer.o(.text.timer_deinit)
    __arm_cp.0_4                             0x08002264   Number         4  gd32e23x_timer.o(.text.timer_deinit)
    __arm_cp.0_7                             0x08002268   Number         4  gd32e23x_timer.o(.text.timer_deinit)
    __arm_cp.0_8                             0x0800226c   Number         4  gd32e23x_timer.o(.text.timer_deinit)
    __arm_cp.0_9                             0x08002270   Number         4  gd32e23x_timer.o(.text.timer_deinit)
    __arm_cp.0_10                            0x08002274   Number         4  gd32e23x_timer.o(.text.timer_deinit)
    __arm_cp.0_11                            0x08002278   Number         4  gd32e23x_timer.o(.text.timer_deinit)
    [Anonymous Symbol]                       0x0800227c   Section        0  gd32e23x_timer.o(.text.timer_dma_enable)
    [Anonymous Symbol]                       0x08002294   Section        0  gd32e23x_timer.o(.text.timer_dma_transfer_config)
    __arm_cp.30_0                            0x080022b8   Number         4  gd32e23x_timer.o(.text.timer_dma_transfer_config)
    [Anonymous Symbol]                       0x080022bc   Section        0  gd32e23x_timer.o(.text.timer_enable)
    [Anonymous Symbol]                       0x080022d0   Section        0  gd32e23x_timer.o(.text.timer_init)
    __arm_cp.2_0                             0x080023b4   Number         4  gd32e23x_timer.o(.text.timer_init)
    __arm_cp.2_1                             0x080023b8   Number         4  gd32e23x_timer.o(.text.timer_init)
    __arm_cp.2_2                             0x080023bc   Number         4  gd32e23x_timer.o(.text.timer_init)
    __arm_cp.2_3                             0x080023c0   Number         4  gd32e23x_timer.o(.text.timer_init)
    __arm_cp.2_4                             0x080023c4   Number         4  gd32e23x_timer.o(.text.timer_init)
    __arm_cp.2_5                             0x080023c8   Number         4  gd32e23x_timer.o(.text.timer_init)
    [Anonymous Symbol]                       0x080023cc   Section        0  gd32e23x_timer.o(.text.timer_interrupt_enable)
    [Anonymous Symbol]                       0x080023e0   Section        0  gd32e23x_timer.o(.text.timer_interrupt_flag_clear)
    [Anonymous Symbol]                       0x080023f2   Section        0  gd32e23x_timer.o(.text.timer_interrupt_flag_get)
    [Anonymous Symbol]                       0x0800242c   Section        0  gd32e23x_timer.o(.text.timer_primary_output_config)
    [Anonymous Symbol]                       0x0800245c   Section        0  gd32e23x_timer.o(.text.timer_struct_para_init)
    __arm_cp.1_0                             0x08002480   Number         4  gd32e23x_timer.o(.text.timer_struct_para_init)
    uart_enqueue                             0x08002485   Thumb Code    52  hw_api_usart.o(.text.uart_enqueue)
    [Anonymous Symbol]                       0x08002484   Section        0  hw_api_usart.o(.text.uart_enqueue)
    __arm_cp.9_0                             0x080024b8   Number         4  hw_api_usart.o(.text.uart_enqueue)
    [Anonymous Symbol]                       0x080024bc   Section        0  gd32e23x_usart.o(.text.usart_baudrate_set)
    __arm_cp.1_2                             0x08002568   Number         4  gd32e23x_usart.o(.text.usart_baudrate_set)
    [Anonymous Symbol]                       0x0800256c   Section        0  gd32e23x_usart.o(.text.usart_data_receive)
    __arm_cp.19_0                            0x0800257c   Number         4  gd32e23x_usart.o(.text.usart_data_receive)
    [Anonymous Symbol]                       0x08002580   Section        0  gd32e23x_usart.o(.text.usart_deinit)
    __arm_cp.0_0                             0x080025c4   Number         4  gd32e23x_usart.o(.text.usart_deinit)
    __arm_cp.0_1                             0x080025c8   Number         4  gd32e23x_usart.o(.text.usart_deinit)
    __arm_cp.0_2                             0x080025cc   Number         4  gd32e23x_usart.o(.text.usart_deinit)
    __arm_cp.0_3                             0x080025d0   Number         4  gd32e23x_usart.o(.text.usart_deinit)
    [Anonymous Symbol]                       0x080025d4   Section        0  gd32e23x_usart.o(.text.usart_enable)
    [Anonymous Symbol]                       0x080025e6   Section        0  gd32e23x_usart.o(.text.usart_interrupt_enable)
    [Anonymous Symbol]                       0x08002608   Section        0  gd32e23x_usart.o(.text.usart_interrupt_flag_clear)
    __arm_cp.70_0                            0x08002644   Number         4  gd32e23x_usart.o(.text.usart_interrupt_flag_clear)
    [Anonymous Symbol]                       0x08002648   Section        0  gd32e23x_usart.o(.text.usart_interrupt_flag_get)
    [Anonymous Symbol]                       0x080026aa   Section        0  gd32e23x_usart.o(.text.usart_parity_config)
    [Anonymous Symbol]                       0x080026d4   Section        0  gd32e23x_usart.o(.text.usart_receive_config)
    [Anonymous Symbol]                       0x080026f2   Section        0  gd32e23x_usart.o(.text.usart_stop_bit_set)
    [Anonymous Symbol]                       0x0800271c   Section        0  gd32e23x_usart.o(.text.usart_transmit_config)
    [Anonymous Symbol]                       0x0800273a   Section        0  gd32e23x_usart.o(.text.usart_word_length_set)
    [Anonymous Symbol]                       0x08002764   Section        0  bsp_led.o(.text.ws2812_display_color)
    ws2812_dma_init                          0x0800289d   Thumb Code   100  bsp_led.o(.text.ws2812_dma_init)
    [Anonymous Symbol]                       0x0800289c   Section        0  bsp_led.o(.text.ws2812_dma_init)
    __arm_cp.7_1                             0x08002900   Number         4  bsp_led.o(.text.ws2812_dma_init)
    __arm_cp.7_2                             0x08002904   Number         4  bsp_led.o(.text.ws2812_dma_init)
    [Anonymous Symbol]                       0x08002908   Section        0  bsp_led.o(.text.ws2812_init)
    __arm_cp.5_0                             0x08002954   Number         4  bsp_led.o(.text.ws2812_init)
    ws2812_return_color_type                 0x08002959   Thumb Code   264  bsp_led.o(.text.ws2812_return_color_type)
    [Anonymous Symbol]                       0x08002958   Section        0  bsp_led.o(.text.ws2812_return_color_type)
    __arm_cp.4_0                             0x08002a60   Number         4  bsp_led.o(.text.ws2812_return_color_type)
    __arm_cp.4_1                             0x08002a64   Number         4  bsp_led.o(.text.ws2812_return_color_type)
    __arm_cp.4_2                             0x08002a68   Number         4  bsp_led.o(.text.ws2812_return_color_type)
    __arm_cp.4_3                             0x08002a6c   Number         4  bsp_led.o(.text.ws2812_return_color_type)
    __arm_cp.4_4                             0x08002a70   Number         4  bsp_led.o(.text.ws2812_return_color_type)
    __arm_cp.4_5                             0x08002a74   Number         4  bsp_led.o(.text.ws2812_return_color_type)
    __arm_cp.4_6                             0x08002a78   Number         4  bsp_led.o(.text.ws2812_return_color_type)
    __arm_cp.4_7                             0x08002a7c   Number         4  bsp_led.o(.text.ws2812_return_color_type)
    ws2812_rgb_send_array                    0x08002a81   Thumb Code    54  bsp_led.o(.text.ws2812_rgb_send_array)
    [Anonymous Symbol]                       0x08002a80   Section        0  bsp_led.o(.text.ws2812_rgb_send_array)
    ws2812_rgb_set_color_buf                 0x08002ab9   Thumb Code   288  bsp_led.o(.text.ws2812_rgb_set_color_buf)
    [Anonymous Symbol]                       0x08002ab8   Section        0  bsp_led.o(.text.ws2812_rgb_set_color_buf)
    __arm_cp.10_0                            0x08002bd8   Number         4  bsp_led.o(.text.ws2812_rgb_set_color_buf)
    ws2812_set_color                         0x08002bdd   Thumb Code    78  bsp_led.o(.text.ws2812_set_color)
    [Anonymous Symbol]                       0x08002bdc   Section        0  bsp_led.o(.text.ws2812_set_color)
    ws2812_single_led                        0x08002c2d   Thumb Code   128  bsp_led.o(.text.ws2812_single_led)
    [Anonymous Symbol]                       0x08002c2c   Section        0  bsp_led.o(.text.ws2812_single_led)
    __arm_cp.9_0                             0x08002cac   Number         4  bsp_led.o(.text.ws2812_single_led)
    ws2812_timer_pwm_init                    0x08002cb1   Thumb Code   152  bsp_led.o(.text.ws2812_timer_pwm_init)
    [Anonymous Symbol]                       0x08002cb0   Section        0  bsp_led.o(.text.ws2812_timer_pwm_init)
    __arm_cp.6_0                             0x08002d48   Number         4  bsp_led.o(.text.ws2812_timer_pwm_init)
    __arm_cp.6_1                             0x08002d4c   Number         4  bsp_led.o(.text.ws2812_timer_pwm_init)
    i.__scatterload_copy                     0x08002d50   Section       14  handlers.o(i.__scatterload_copy)
    i.__scatterload_null                     0x08002d5e   Section        2  handlers.o(i.__scatterload_null)
    i.__scatterload_zeroinit                 0x08002d60   Section       14  handlers.o(i.__scatterload_zeroinit)
    _t_ac_charge_system_para_default         0x08002d88   Data          12  app_target.o(.rodata._t_ac_charge_system_para_default)
    [Anonymous Symbol]                       0x08002d88   Section        0  app_target.o(.rodata._t_ac_charge_system_para_default)
    delay                                    0x200001a8   Data           4  systick.o(.bss.delay)
    [Anonymous Symbol]                       0x200001a8   Section        0  systick.o(.bss.delay)
    s64_system_ticks                         0x200001b0   Data           8  systick.o(.bss.s64_system_ticks)
    [Anonymous Symbol]                       0x200001b0   Section        0  systick.o(.bss.s64_system_ticks)
    s_rx_buff0                               0x200001b8   Data         128  hw_api_usart.o(.bss.s_rx_buff0)
    [Anonymous Symbol]                       0x200001b8   Section        0  hw_api_usart.o(.bss.s_rx_buff0)
    s_rx_buff1                               0x20000238   Data         128  hw_api_usart.o(.bss.s_rx_buff1)
    [Anonymous Symbol]                       0x20000238   Section        0  hw_api_usart.o(.bss.s_rx_buff1)
    s_uart_rcv_buff                          0x200002b8   Data          32  hw_api_usart.o(.bss.s_uart_rcv_buff)
    [Anonymous Symbol]                       0x200002b8   Section        0  hw_api_usart.o(.bss.s_uart_rcv_buff)
    t_ac_charge_system_para                  0x200002d8   Data          12  app_chargectl.o(.bss.t_ac_charge_system_para)
    [Anonymous Symbol]                       0x200002d8   Section        0  app_chargectl.o(.bss.t_ac_charge_system_para)
    STACK                                    0x200002e8   Section     1024  startup_gd32e23x.o(STACK)

    Global Symbols

    Symbol Name                              Value     Ov Type        Size  Object(Section)

    BuildAttributes$$THM_ISAv3M$S$8M$PE$A:L22$X:L11$S22$IEEE1$IW$~IW$USESV6$~STKCKD$USESV7$~SHL$OTIME$ROPI$EBA8$MICROLIB$REQ8$PRES8$EABIv2 0x00000000   Number         0  anon$$obj.o ABSOLUTE
    __cpp_initialize__aeabi_                  - Undefined Weak Reference
    __cxa_finalize                            - Undefined Weak Reference
    __decompress                              - Undefined Weak Reference
    _clock_init                               - Undefined Weak Reference
    _microlib_exit                            - Undefined Weak Reference
    __Vectors_Size                           0x000000cc   Number         0  startup_gd32e23x.o ABSOLUTE
    __Vectors                                0x08000000   Data           4  startup_gd32e23x.o(RESET)
    __Vectors_End                            0x080000cc   Data           0  startup_gd32e23x.o(RESET)
    __main                                   0x080000cd   Thumb Code     0  entry.o(.ARM.Collect$$$$00000000)
    _main_stk                                0x080000cd   Thumb Code     0  entry2.o(.ARM.Collect$$$$00000001)
    _main_scatterload                        0x080000d1   Thumb Code     0  entry5.o(.ARM.Collect$$$$00000004)
    __main_after_scatterload                 0x080000d5   Thumb Code     0  entry5.o(.ARM.Collect$$$$00000004)
    _main_clock                              0x080000d5   Thumb Code     0  entry7b.o(.ARM.Collect$$$$00000008)
    _main_cpp_init                           0x080000d5   Thumb Code     0  entry8b.o(.ARM.Collect$$$$0000000A)
    _main_init                               0x080000d5   Thumb Code     0  entry9a.o(.ARM.Collect$$$$0000000B)
    __rt_final_cpp                           0x080000dd   Thumb Code     0  entry10a.o(.ARM.Collect$$$$0000000D)
    __rt_final_exit                          0x080000dd   Thumb Code     0  entry11a.o(.ARM.Collect$$$$0000000F)
    Reset_Handler                            0x080000e1   Thumb Code     8  startup_gd32e23x.o(.text)
    NMI_Handler                              0x080000e9   Thumb Code     2  startup_gd32e23x.o(.text)
    SVC_Handler                              0x080000ed   Thumb Code     2  startup_gd32e23x.o(.text)
    PendSV_Handler                           0x080000ef   Thumb Code     2  startup_gd32e23x.o(.text)
    ADC_CMP_IRQHandler                       0x080000f3   Thumb Code     0  startup_gd32e23x.o(.text)
    DMA_Channel0_IRQHandler                  0x080000f3   Thumb Code     0  startup_gd32e23x.o(.text)
    DMA_Channel3_4_IRQHandler                0x080000f3   Thumb Code     0  startup_gd32e23x.o(.text)
    EXTI0_1_IRQHandler                       0x080000f3   Thumb Code     0  startup_gd32e23x.o(.text)
    EXTI2_3_IRQHandler                       0x080000f3   Thumb Code     0  startup_gd32e23x.o(.text)
    EXTI4_15_IRQHandler                      0x080000f3   Thumb Code     0  startup_gd32e23x.o(.text)
    FMC_IRQHandler                           0x080000f3   Thumb Code     0  startup_gd32e23x.o(.text)
    I2C0_ER_IRQHandler                       0x080000f3   Thumb Code     0  startup_gd32e23x.o(.text)
    I2C0_EV_IRQHandler                       0x080000f3   Thumb Code     0  startup_gd32e23x.o(.text)
    I2C1_ER_IRQHandler                       0x080000f3   Thumb Code     0  startup_gd32e23x.o(.text)
    I2C1_EV_IRQHandler                       0x080000f3   Thumb Code     0  startup_gd32e23x.o(.text)
    LVD_IRQHandler                           0x080000f3   Thumb Code     0  startup_gd32e23x.o(.text)
    RCU_IRQHandler                           0x080000f3   Thumb Code     0  startup_gd32e23x.o(.text)
    RTC_IRQHandler                           0x080000f3   Thumb Code     0  startup_gd32e23x.o(.text)
    SPI0_IRQHandler                          0x080000f3   Thumb Code     0  startup_gd32e23x.o(.text)
    SPI1_IRQHandler                          0x080000f3   Thumb Code     0  startup_gd32e23x.o(.text)
    TIMER0_BRK_UP_TRG_COM_IRQHandler         0x080000f3   Thumb Code     0  startup_gd32e23x.o(.text)
    TIMER0_Channel_IRQHandler                0x080000f3   Thumb Code     0  startup_gd32e23x.o(.text)
    TIMER13_IRQHandler                       0x080000f3   Thumb Code     0  startup_gd32e23x.o(.text)
    TIMER14_IRQHandler                       0x080000f3   Thumb Code     0  startup_gd32e23x.o(.text)
    TIMER15_IRQHandler                       0x080000f3   Thumb Code     0  startup_gd32e23x.o(.text)
    TIMER16_IRQHandler                       0x080000f3   Thumb Code     0  startup_gd32e23x.o(.text)
    TIMER2_IRQHandler                        0x080000f3   Thumb Code     0  startup_gd32e23x.o(.text)
    USART1_IRQHandler                        0x080000f3   Thumb Code     0  startup_gd32e23x.o(.text)
    WWDGT_IRQHandler                         0x080000f3   Thumb Code     0  startup_gd32e23x.o(.text)
    __scatterload                            0x080000fd   Thumb Code    28  init.o(.text)
    __scatterload_rt2                        0x080000fd   Thumb Code     0  init.o(.text)
    Adc_Init                                 0x08000121   Thumb Code   120  user_cfg.o(.text.Adc_Init)
    App_Handler                              0x080001a9   Thumb Code    12  app.o(.text.App_Handler)
    App_Init                                 0x080001b5   Thumb Code    76  app.o(.text.App_Init)
    DMA_Channel1_2_IRQHandler                0x08000205   Thumb Code    48  gd32e23x_it.o(.text.DMA_Channel1_2_IRQHandler)
    Fwdgt_Config                             0x08000235   Thumb Code    36  user_cfg.o(.text.Fwdgt_Config)
    Fwdgt_Free                               0x0800025d   Thumb Code     8  user_cfg.o(.text.Fwdgt_Free)
    HardFault_Handler                        0x08000265   Thumb Code     4  gd32e23x_it.o(.text.HardFault_Handler)
    Led_Handler                              0x08000269   Thumb Code    68  bsp_led.o(.text.Led_Handler)
    SysTick_Handler                          0x08000301   Thumb Code    12  gd32e23x_it.o(.text.SysTick_Handler)
    SystemInit                               0x0800030d   Thumb Code   216  system_gd32e23x.o(.text.SystemInit)
    TIMER5_IRQHandler                        0x08000409   Thumb Code    76  app.o(.text.TIMER5_IRQHandler)
    TimeOutDet_Check                         0x08000459   Thumb Code    40  timeout.o(.text.TimeOutDet_Check)
    TimeOutDet_DecHandle                     0x08000481   Thumb Code    12  timeout.o(.text.TimeOutDet_DecHandle)
    TimeOutDet_Init                          0x0800048d   Thumb Code     8  timeout.o(.text.TimeOutDet_Init)
    TimeOut_BaseValue                        0x08000495   Thumb Code     8  timeout.o(.text.TimeOut_BaseValue)
    TimeOut_Record                           0x080004a1   Thumb Code    26  timeout.o(.text.TimeOut_Record)
    Timer5_Base                              0x080004bd   Thumb Code    88  user_cfg.o(.text.Timer5_Base)
    TimerPwm_Config                          0x0800051d   Thumb Code   168  user_cfg.o(.text.TimerPwm_Config)
    USART0_IRQHandler                        0x080005d1   Thumb Code   104  hw_api_usart.o(.text.USART0_IRQHandler)
    Uart1_Init                               0x08000645   Thumb Code   144  user_cfg.o(.text.Uart1_Init)
    adc_calibration_enable                   0x0800081d   Thumb Code    56  gd32e23x_adc.o(.text.adc_calibration_enable)
    adc_channel_length_config                0x08000855   Thumb Code    96  gd32e23x_adc.o(.text.adc_channel_length_config)
    adc_data_alignment_config                0x080008c1   Thumb Code    44  gd32e23x_adc.o(.text.adc_data_alignment_config)
    adc_enable                               0x080008ed   Thumb Code    24  gd32e23x_adc.o(.text.adc_enable)
    adc_external_trigger_config              0x08000905   Thumb Code   124  gd32e23x_adc.o(.text.adc_external_trigger_config)
    adc_external_trigger_source_config       0x08000981   Thumb Code    80  gd32e23x_adc.o(.text.adc_external_trigger_source_config)
    adc_special_function_config              0x080009d1   Thumb Code   172  gd32e23x_adc.o(.text.adc_special_function_config)
    app_chargectl_get_system_para            0x08000a85   Thumb Code     4  app_chargectl.o(.text.app_chargectl_get_system_para)
    app_target_sys_para_init                 0x08000a8d   Thumb Code    32  app_target.o(.text.app_target_sys_para_init)
    delay_1ms                                0x08000ab1   Thumb Code    28  systick.o(.text.delay_1ms)
    delay_decrement                          0x08000acd   Thumb Code    20  systick.o(.text.delay_decrement)
    delay_increment                          0x08000ae5   Thumb Code    20  systick.o(.text.delay_increment)
    dma_channel_disable                      0x08000afd   Thumb Code    28  gd32e23x_dma.o(.text.dma_channel_disable)
    dma_channel_enable                       0x08000b19   Thumb Code    28  gd32e23x_dma.o(.text.dma_channel_enable)
    dma_circulation_disable                  0x08000b35   Thumb Code    28  gd32e23x_dma.o(.text.dma_circulation_disable)
    dma_deinit                               0x08000b51   Thumb Code    88  gd32e23x_dma.o(.text.dma_deinit)
    dma_flag_clear                           0x08000ba9   Thumb Code    32  gd32e23x_dma.o(.text.dma_flag_clear)
    dma_flag_get                             0x08000bc9   Thumb Code    52  gd32e23x_dma.o(.text.dma_flag_get)
    dma_init                                 0x08000bfd   Thumb Code   268  gd32e23x_dma.o(.text.dma_init)
    dma_interrupt_flag_clear                 0x08000d11   Thumb Code    32  gd32e23x_dma.o(.text.dma_interrupt_flag_clear)
    dma_interrupt_flag_get                   0x08000d35   Thumb Code   188  gd32e23x_dma.o(.text.dma_interrupt_flag_get)
    dma_memory_to_memory_disable             0x08000df5   Thumb Code    32  gd32e23x_dma.o(.text.dma_memory_to_memory_disable)
    dma_transfer_number_config               0x08000e19   Thumb Code    32  gd32e23x_dma.o(.text.dma_transfer_number_config)
    drv_common_set_cp_pwm                    0x08000e3d   Thumb Code   228  drv_common.o(.text.drv_common_set_cp_pwm)
    drv_common_toggle_gpio_status            0x08000f2d   Thumb Code    84  drv_common.o(.text.drv_common_toggle_gpio_status)
    drv_common_usart0_init                   0x08000f85   Thumb Code   188  drv_common.o(.text.drv_common_usart0_init)
    fwdgt_config                             0x080010a1   Thumb Code   196  gd32e23x_fwdgt.o(.text.fwdgt_config)
    fwdgt_counter_reload                     0x0800117d   Thumb Code     8  gd32e23x_fwdgt.o(.text.fwdgt_counter_reload)
    fwdgt_enable                             0x08001189   Thumb Code     8  gd32e23x_fwdgt.o(.text.fwdgt_enable)
    gpio_af_set                              0x08001199   Thumb Code   192  gd32e23x_gpio.o(.text.gpio_af_set)
    gpio_bit_reset                           0x08001259   Thumb Code    16  gd32e23x_gpio.o(.text.gpio_bit_reset)
    gpio_bit_toggle                          0x08001269   Thumb Code    16  gd32e23x_gpio.o(.text.gpio_bit_toggle)
    gpio_mode_set                            0x08001279   Thumb Code   142  gd32e23x_gpio.o(.text.gpio_mode_set)
    gpio_output_options_set                  0x08001307   Thumb Code   138  gd32e23x_gpio.o(.text.gpio_output_options_set)
    hw_api_usart_data_init                   0x08001391   Thumb Code   108  hw_api_usart.o(.text.hw_api_usart_data_init)
    main                                     0x08001409   Thumb Code    20  main.o(.text.main)
    nvic_irq_enable                          0x0800141d   Thumb Code    42  gd32e23x_misc.o(.text.nvic_irq_enable)
    nvic_vector_table_set                    0x08001449   Thumb Code    28  gd32e23x_misc.o(.text.nvic_vector_table_set)
    rcu_adc_clock_config                     0x0800146d   Thumb Code   384  gd32e23x_rcu.o(.text.rcu_adc_clock_config)
    rcu_clock_freq_get                       0x080015f9   Thumb Code   724  gd32e23x_rcu.o(.text.rcu_clock_freq_get)
    rcu_flag_get                             0x080018f1   Thumb Code    52  gd32e23x_rcu.o(.text.rcu_flag_get)
    rcu_osci_on                              0x08001925   Thumb Code    36  gd32e23x_rcu.o(.text.rcu_osci_on)
    rcu_osci_stab_wait                       0x08001949   Thumb Code   540  gd32e23x_rcu.o(.text.rcu_osci_stab_wait)
    rcu_periph_clock_enable                  0x08001b79   Thumb Code    36  gd32e23x_rcu.o(.text.rcu_periph_clock_enable)
    rcu_periph_reset_disable                 0x08001b9d   Thumb Code    36  gd32e23x_rcu.o(.text.rcu_periph_reset_disable)
    rcu_periph_reset_enable                  0x08001bc1   Thumb Code    36  gd32e23x_rcu.o(.text.rcu_periph_reset_enable)
    systick_config                           0x08001cd1   Thumb Code    36  systick.o(.text.systick_config)
    timer_auto_reload_shadow_enable          0x08001cf9   Thumb Code    18  gd32e23x_timer.o(.text.timer_auto_reload_shadow_enable)
    timer_channel_output_config              0x08001d0d   Thumb Code   740  gd32e23x_timer.o(.text.timer_channel_output_config)
    timer_channel_output_mode_config         0x08002001   Thumb Code   158  gd32e23x_timer.o(.text.timer_channel_output_mode_config)
    timer_channel_output_pulse_value_config  0x080020a1   Thumb Code    82  gd32e23x_timer.o(.text.timer_channel_output_pulse_value_config)
    timer_channel_output_shadow_config       0x080020f5   Thumb Code   158  gd32e23x_timer.o(.text.timer_channel_output_shadow_config)
    timer_deinit                             0x08002195   Thumb Code   200  gd32e23x_timer.o(.text.timer_deinit)
    timer_dma_enable                         0x0800227d   Thumb Code    22  gd32e23x_timer.o(.text.timer_dma_enable)
    timer_dma_transfer_config                0x08002295   Thumb Code    36  gd32e23x_timer.o(.text.timer_dma_transfer_config)
    timer_enable                             0x080022bd   Thumb Code    18  gd32e23x_timer.o(.text.timer_enable)
    timer_init                               0x080022d1   Thumb Code   228  gd32e23x_timer.o(.text.timer_init)
    timer_interrupt_enable                   0x080023cd   Thumb Code    20  gd32e23x_timer.o(.text.timer_interrupt_enable)
    timer_interrupt_flag_clear               0x080023e1   Thumb Code    18  gd32e23x_timer.o(.text.timer_interrupt_flag_clear)
    timer_interrupt_flag_get                 0x080023f3   Thumb Code    58  gd32e23x_timer.o(.text.timer_interrupt_flag_get)
    timer_primary_output_config              0x0800242d   Thumb Code    48  gd32e23x_timer.o(.text.timer_primary_output_config)
    timer_struct_para_init                   0x0800245d   Thumb Code    36  gd32e23x_timer.o(.text.timer_struct_para_init)
    usart_baudrate_set                       0x080024bd   Thumb Code   172  gd32e23x_usart.o(.text.usart_baudrate_set)
    usart_data_receive                       0x0800256d   Thumb Code    16  gd32e23x_usart.o(.text.usart_data_receive)
    usart_deinit                             0x08002581   Thumb Code    68  gd32e23x_usart.o(.text.usart_deinit)
    usart_enable                             0x080025d5   Thumb Code    18  gd32e23x_usart.o(.text.usart_enable)
    usart_interrupt_enable                   0x080025e7   Thumb Code    34  gd32e23x_usart.o(.text.usart_interrupt_enable)
    usart_interrupt_flag_clear               0x08002609   Thumb Code    60  gd32e23x_usart.o(.text.usart_interrupt_flag_clear)
    usart_interrupt_flag_get                 0x08002649   Thumb Code    98  gd32e23x_usart.o(.text.usart_interrupt_flag_get)
    usart_parity_config                      0x080026ab   Thumb Code    42  gd32e23x_usart.o(.text.usart_parity_config)
    usart_receive_config                     0x080026d5   Thumb Code    30  gd32e23x_usart.o(.text.usart_receive_config)
    usart_stop_bit_set                       0x080026f3   Thumb Code    42  gd32e23x_usart.o(.text.usart_stop_bit_set)
    usart_transmit_config                    0x0800271d   Thumb Code    30  gd32e23x_usart.o(.text.usart_transmit_config)
    usart_word_length_set                    0x0800273b   Thumb Code    42  gd32e23x_usart.o(.text.usart_word_length_set)
    ws2812_display_color                     0x08002765   Thumb Code   312  bsp_led.o(.text.ws2812_display_color)
    ws2812_init                              0x08002909   Thumb Code    76  bsp_led.o(.text.ws2812_init)
    __scatterload_copy                       0x08002d51   Thumb Code    14  handlers.o(i.__scatterload_copy)
    __scatterload_null                       0x08002d5f   Thumb Code     2  handlers.o(i.__scatterload_null)
    __scatterload_zeroinit                   0x08002d61   Thumb Code    14  handlers.o(i.__scatterload_zeroinit)
    BLUE                                     0x08002d6e   Data           3  bsp_led.o(.rodata.BLUE)
    GREEN                                    0x08002d71   Data           3  bsp_led.o(.rodata.GREEN)
    MAGENTA                                  0x08002d74   Data           3  bsp_led.o(.rodata.MAGENTA)
    OEANGE                                   0x08002d77   Data           3  bsp_led.o(.rodata.OEANGE)
    RED                                      0x08002d7a   Data           3  bsp_led.o(.rodata.RED)
    SKY                                      0x08002d7d   Data           3  bsp_led.o(.rodata.SKY)
    WHITE                                    0x08002d80   Data           3  bsp_led.o(.rodata.WHITE)
    YELLOW                                   0x08002d83   Data           3  bsp_led.o(.rodata.YELLOW)
    Region$$Table$$Base                      0x08002d94   Number         0  anon$$obj.o(Region$$Table)
    Region$$Table$$Limit                     0x08002db4   Number         0  anon$$obj.o(Region$$Table)
    SystemCoreClock                          0x20000000   Data           4  system_gd32e23x.o(.data.SystemCoreClock)
    cnt                                      0x20000004   Data           1  bsp_led.o(.data.cnt)
    color                                    0x20000005   Data           1  bsp_led.o(.data.color)
    temp                                     0x20000006   Data          12  bsp_led.o(.data.temp)
    InsBaseNum                               0x20000018   Data           4  timeout.o(.bss.InsBaseNum)
    Pixel_Buf                                0x2000001c   Data         384  bsp_led.o(.bss.Pixel_Buf)
    app_para                                 0x2000019c   Data          12  app.o(.bss.app_para)
    __initial_sp                             0x200006e8   Data           0  startup_gd32e23x.o(STACK)



==============================================================================

Memory Map of the image

  Image Entry point : 0x080000cd

  Load Region LR_IROM1 (Base: 0x08000000, Size: 0x00002dd0, Max: 0x00010000, ABSOLUTE)

    Execution Region ER_IROM1 (Exec base: 0x08000000, Load base: 0x08000000, Size: 0x00002db4, Max: 0x00010000, ABSOLUTE)

    Exec Addr    Load Addr    Size         Type   Attr      Idx    E Section Name        Object

    0x08000000   0x08000000   0x000000cc   Data   RO           12    RESET               startup_gd32e23x.o
    0x080000cc   0x080000cc   0x00000000   Code   RO         1674  * .ARM.Collect$$$$00000000  mc_p.l(entry.o)
    0x080000cc   0x080000cc   0x00000004   Code   RO         1733    .ARM.Collect$$$$00000001  mc_p.l(entry2.o)
    0x080000d0   0x080000d0   0x00000004   Code   RO         1736    .ARM.Collect$$$$00000004  mc_p.l(entry5.o)
    0x080000d4   0x080000d4   0x00000000   Code   RO         1738    .ARM.Collect$$$$00000008  mc_p.l(entry7b.o)
    0x080000d4   0x080000d4   0x00000000   Code   RO         1740    .ARM.Collect$$$$0000000A  mc_p.l(entry8b.o)
    0x080000d4   0x080000d4   0x00000008   Code   RO         1741    .ARM.Collect$$$$0000000B  mc_p.l(entry9a.o)
    0x080000dc   0x080000dc   0x00000000   Code   RO         1743    .ARM.Collect$$$$0000000D  mc_p.l(entry10a.o)
    0x080000dc   0x080000dc   0x00000000   Code   RO         1745    .ARM.Collect$$$$0000000F  mc_p.l(entry11a.o)
    0x080000dc   0x080000dc   0x00000004   Code   RO         1734    .ARM.Collect$$$$00002712  mc_p.l(entry2.o)
    0x080000e0   0x080000e0   0x0000001c   Code   RO           13    .text               startup_gd32e23x.o
    0x080000fc   0x080000fc   0x00000024   Code   RO         1769    .text               mc_p.l(init.o)
    0x08000120   0x08000120   0x00000088   Code   RO           57    .text.Adc_Init      user_cfg.o
    0x080001a8   0x080001a8   0x0000000c   Code   RO           35    .text.App_Handler   app.o
    0x080001b4   0x080001b4   0x00000050   Code   RO           33    .text.App_Init      app.o
    0x08000204   0x08000204   0x00000030   Code   RO           24    .text.DMA_Channel1_2_IRQHandler  gd32e23x_it.o
    0x08000234   0x08000234   0x00000028   Code   RO           49    .text.Fwdgt_Config  user_cfg.o
    0x0800025c   0x0800025c   0x00000008   Code   RO           51    .text.Fwdgt_Free    user_cfg.o
    0x08000264   0x08000264   0x00000004   Code   RO           20    .text.HardFault_Handler  gd32e23x_it.o
    0x08000268   0x08000268   0x0000004c   Code   RO          514    .text.Led_Handler   bsp_led.o
    0x080002b4   0x080002b4   0x0000004c   Code   RO          238    .text.SysTick_Config  systick.o
    0x08000300   0x08000300   0x0000000c   Code   RO           22    .text.SysTick_Handler  gd32e23x_it.o
    0x0800030c   0x0800030c   0x000000fc   Code   RO          269    .text.SystemInit    system_gd32e23x.o
    0x08000408   0x08000408   0x00000050   Code   RO           37    .text.TIMER5_IRQHandler  app.o
    0x08000458   0x08000458   0x00000028   Code   RO          296    .text.TimeOutDet_Check  timeout.o
    0x08000480   0x08000480   0x0000000c   Code   RO          288    .text.TimeOutDet_DecHandle  timeout.o
    0x0800048c   0x0800048c   0x00000008   Code   RO          286    .text.TimeOutDet_Init  timeout.o
    0x08000494   0x08000494   0x0000000c   Code   RO          290    .text.TimeOut_BaseValue  timeout.o
    0x080004a0   0x080004a0   0x0000001a   Code   RO          292    .text.TimeOut_Record  timeout.o
    0x080004ba   0x080004ba   0x00000002   PAD
    0x080004bc   0x080004bc   0x00000060   Code   RO           53    .text.Timer5_Base   user_cfg.o
    0x0800051c   0x0800051c   0x000000b4   Code   RO           55    .text.TimerPwm_Config  user_cfg.o
    0x080005d0   0x080005d0   0x00000074   Code   RO          346    .text.USART0_IRQHandler  hw_api_usart.o
    0x08000644   0x08000644   0x0000009c   Code   RO           47    .text.Uart1_Init    user_cfg.o
    0x080006e0   0x080006e0   0x00000034   Code   RO         1014    .text.__NVIC_EnableIRQ  gd32e23x_misc.o
    0x08000714   0x08000714   0x00000080   Code   RO          240    .text.__NVIC_SetPriority  systick.o
    0x08000794   0x08000794   0x00000088   Code   RO         1012    .text.__NVIC_SetPriority  gd32e23x_misc.o
    0x0800081c   0x0800081c   0x00000038   Code   RO          566    .text.adc_calibration_enable  gd32e23x_adc.o
    0x08000854   0x08000854   0x0000006c   Code   RO          582    .text.adc_channel_length_config  gd32e23x_adc.o
    0x080008c0   0x080008c0   0x0000002c   Code   RO          580    .text.adc_data_alignment_config  gd32e23x_adc.o
    0x080008ec   0x080008ec   0x00000018   Code   RO          562    .text.adc_enable    gd32e23x_adc.o
    0x08000904   0x08000904   0x0000007c   Code   RO          590    .text.adc_external_trigger_config  gd32e23x_adc.o
    0x08000980   0x08000980   0x00000050   Code   RO          592    .text.adc_external_trigger_source_config  gd32e23x_adc.o
    0x080009d0   0x080009d0   0x000000b4   Code   RO          578    .text.adc_special_function_config  gd32e23x_adc.o
    0x08000a84   0x08000a84   0x00000008   Code   RO          147    .text.app_chargectl_get_system_para  app_chargectl.o
    0x08000a8c   0x08000a8c   0x00000024   Code   RO          549    .text.app_target_sys_para_init  app_target.o
    0x08000ab0   0x08000ab0   0x0000001c   Code   RO          244    .text.delay_1ms     systick.o
    0x08000acc   0x08000acc   0x00000018   Code   RO          246    .text.delay_decrement  systick.o
    0x08000ae4   0x08000ae4   0x00000018   Code   RO          256    .text.delay_increment  systick.o
    0x08000afc   0x08000afc   0x0000001c   Code   RO          718    .text.dma_channel_disable  gd32e23x_dma.o
    0x08000b18   0x08000b18   0x0000001c   Code   RO          728    .text.dma_channel_enable  gd32e23x_dma.o
    0x08000b34   0x08000b34   0x0000001c   Code   RO          722    .text.dma_circulation_disable  gd32e23x_dma.o
    0x08000b50   0x08000b50   0x00000058   Code   RO          712    .text.dma_deinit    gd32e23x_dma.o
    0x08000ba8   0x08000ba8   0x00000020   Code   RO          756    .text.dma_flag_clear  gd32e23x_dma.o
    0x08000bc8   0x08000bc8   0x00000034   Code   RO          754    .text.dma_flag_get  gd32e23x_dma.o
    0x08000bfc   0x08000bfc   0x00000114   Code   RO          716    .text.dma_init      gd32e23x_dma.o
    0x08000d10   0x08000d10   0x00000024   Code   RO          760    .text.dma_interrupt_flag_clear  gd32e23x_dma.o
    0x08000d34   0x08000d34   0x000000c0   Code   RO          758    .text.dma_interrupt_flag_get  gd32e23x_dma.o
    0x08000df4   0x08000df4   0x00000024   Code   RO          726    .text.dma_memory_to_memory_disable  gd32e23x_dma.o
    0x08000e18   0x08000e18   0x00000024   Code   RO          734    .text.dma_transfer_number_config  gd32e23x_dma.o
    0x08000e3c   0x08000e3c   0x000000f0   Code   RO          382    .text.drv_common_set_cp_pwm  drv_common.o
    0x08000f2c   0x08000f2c   0x00000058   Code   RO          380    .text.drv_common_toggle_gpio_status  drv_common.o
    0x08000f84   0x08000f84   0x000000c8   Code   RO          362    .text.drv_common_usart0_init  drv_common.o
    0x0800104c   0x0800104c   0x00000054   Code   RO          350    .text.enqueue       hw_api_usart.o
    0x080010a0   0x080010a0   0x000000dc   Code   RO          885    .text.fwdgt_config  gd32e23x_fwdgt.o
    0x0800117c   0x0800117c   0x0000000c   Code   RO          883    .text.fwdgt_counter_reload  gd32e23x_fwdgt.o
    0x08001188   0x08001188   0x00000010   Code   RO          875    .text.fwdgt_enable  gd32e23x_fwdgt.o
    0x08001198   0x08001198   0x000000c0   Code   RO          918    .text.gpio_af_set   gd32e23x_gpio.o
    0x08001258   0x08001258   0x00000010   Code   RO          904    .text.gpio_bit_reset  gd32e23x_gpio.o
    0x08001268   0x08001268   0x00000010   Code   RO          922    .text.gpio_bit_toggle  gd32e23x_gpio.o
    0x08001278   0x08001278   0x0000008e   Code   RO          898    .text.gpio_mode_set  gd32e23x_gpio.o
    0x08001306   0x08001306   0x0000008a   Code   RO          900    .text.gpio_output_options_set  gd32e23x_gpio.o
    0x08001390   0x08001390   0x00000078   Code   RO          342    .text.hw_api_usart_data_init  hw_api_usart.o
    0x08001408   0x08001408   0x00000014   Code   RO            2    .text.main          main.o
    0x0800141c   0x0800141c   0x0000002a   Code   RO         1010    .text.nvic_irq_enable  gd32e23x_misc.o
    0x08001446   0x08001446   0x00000002   PAD
    0x08001448   0x08001448   0x00000024   Code   RO         1024    .text.nvic_vector_table_set  gd32e23x_misc.o
    0x0800146c   0x0800146c   0x0000018c   Code   RO         1100    .text.rcu_adc_clock_config  gd32e23x_rcu.o
    0x080015f8   0x080015f8   0x000002f8   Code   RO         1138    .text.rcu_clock_freq_get  gd32e23x_rcu.o
    0x080018f0   0x080018f0   0x00000034   Code   RO         1116    .text.rcu_flag_get  gd32e23x_rcu.o
    0x08001924   0x08001924   0x00000024   Code   RO         1118    .text.rcu_osci_on   gd32e23x_rcu.o
    0x08001948   0x08001948   0x00000230   Code   RO         1114    .text.rcu_osci_stab_wait  gd32e23x_rcu.o
    0x08001b78   0x08001b78   0x00000024   Code   RO         1074    .text.rcu_periph_clock_enable  gd32e23x_rcu.o
    0x08001b9c   0x08001b9c   0x00000024   Code   RO         1084    .text.rcu_periph_reset_disable  gd32e23x_rcu.o
    0x08001bc0   0x08001bc0   0x00000024   Code   RO         1082    .text.rcu_periph_reset_enable  gd32e23x_rcu.o
    0x08001be4   0x08001be4   0x000000e4   Code   RO          275    .text.system_clock_72m_hxtal  system_gd32e23x.o
    0x08001cc8   0x08001cc8   0x00000008   Code   RO          271    .text.system_clock_config  system_gd32e23x.o
    0x08001cd0   0x08001cd0   0x00000028   Code   RO          236    .text.systick_config  systick.o
    0x08001cf8   0x08001cf8   0x00000012   Code   RO         1362    .text.timer_auto_reload_shadow_enable  gd32e23x_timer.o
    0x08001d0a   0x08001d0a   0x00000002   PAD
    0x08001d0c   0x08001d0c   0x000002f4   Code   RO         1436    .text.timer_channel_output_config  gd32e23x_timer.o
    0x08002000   0x08002000   0x0000009e   Code   RO         1438    .text.timer_channel_output_mode_config  gd32e23x_timer.o
    0x0800209e   0x0800209e   0x00000002   PAD
    0x080020a0   0x080020a0   0x00000052   Code   RO         1440    .text.timer_channel_output_pulse_value_config  gd32e23x_timer.o
    0x080020f2   0x080020f2   0x00000002   PAD
    0x080020f4   0x080020f4   0x0000009e   Code   RO         1442    .text.timer_channel_output_shadow_config  gd32e23x_timer.o
    0x08002192   0x08002192   0x00000002   PAD
    0x08002194   0x08002194   0x000000e8   Code   RO         1352    .text.timer_deinit  gd32e23x_timer.o
    0x0800227c   0x0800227c   0x00000016   Code   RO         1406    .text.timer_dma_enable  gd32e23x_timer.o
    0x08002292   0x08002292   0x00000002   PAD
    0x08002294   0x08002294   0x00000028   Code   RO         1412    .text.timer_dma_transfer_config  gd32e23x_timer.o
    0x080022bc   0x080022bc   0x00000012   Code   RO         1358    .text.timer_enable  gd32e23x_timer.o
    0x080022ce   0x080022ce   0x00000002   PAD
    0x080022d0   0x080022d0   0x000000fc   Code   RO         1356    .text.timer_init    gd32e23x_timer.o
    0x080023cc   0x080023cc   0x00000014   Code   RO         1394    .text.timer_interrupt_enable  gd32e23x_timer.o
    0x080023e0   0x080023e0   0x00000012   Code   RO         1400    .text.timer_interrupt_flag_clear  gd32e23x_timer.o
    0x080023f2   0x080023f2   0x0000003a   Code   RO         1398    .text.timer_interrupt_flag_get  gd32e23x_timer.o
    0x0800242c   0x0800242c   0x00000030   Code   RO         1428    .text.timer_primary_output_config  gd32e23x_timer.o
    0x0800245c   0x0800245c   0x00000028   Code   RO         1354    .text.timer_struct_para_init  gd32e23x_timer.o
    0x08002484   0x08002484   0x00000038   Code   RO          348    .text.uart_enqueue  hw_api_usart.o
    0x080024bc   0x080024bc   0x000000b0   Code   RO         1507    .text.usart_baudrate_set  gd32e23x_usart.o
    0x0800256c   0x0800256c   0x00000014   Code   RO         1543    .text.usart_data_receive  gd32e23x_usart.o
    0x08002580   0x08002580   0x00000054   Code   RO         1505    .text.usart_deinit  gd32e23x_usart.o
    0x080025d4   0x080025d4   0x00000012   Code   RO         1515    .text.usart_enable  gd32e23x_usart.o
    0x080025e6   0x080025e6   0x00000022   Code   RO         1637    .text.usart_interrupt_enable  gd32e23x_usart.o
    0x08002608   0x08002608   0x00000040   Code   RO         1645    .text.usart_interrupt_flag_clear  gd32e23x_usart.o
    0x08002648   0x08002648   0x00000062   Code   RO         1643    .text.usart_interrupt_flag_get  gd32e23x_usart.o
    0x080026aa   0x080026aa   0x0000002a   Code   RO         1509    .text.usart_parity_config  gd32e23x_usart.o
    0x080026d4   0x080026d4   0x0000001e   Code   RO         1521    .text.usart_receive_config  gd32e23x_usart.o
    0x080026f2   0x080026f2   0x0000002a   Code   RO         1513    .text.usart_stop_bit_set  gd32e23x_usart.o
    0x0800271c   0x0800271c   0x0000001e   Code   RO         1519    .text.usart_transmit_config  gd32e23x_usart.o
    0x0800273a   0x0800273a   0x0000002a   Code   RO         1511    .text.usart_word_length_set  gd32e23x_usart.o
    0x08002764   0x08002764   0x00000138   Code   RO          498    .text.ws2812_display_color  bsp_led.o
    0x0800289c   0x0800289c   0x0000006c   Code   RO          512    .text.ws2812_dma_init  bsp_led.o
    0x08002908   0x08002908   0x00000050   Code   RO          508    .text.ws2812_init   bsp_led.o
    0x08002958   0x08002958   0x00000128   Code   RO          506    .text.ws2812_return_color_type  bsp_led.o
    0x08002a80   0x08002a80   0x00000036   Code   RO          520    .text.ws2812_rgb_send_array  bsp_led.o
    0x08002ab6   0x08002ab6   0x00000002   PAD
    0x08002ab8   0x08002ab8   0x00000124   Code   RO          518    .text.ws2812_rgb_set_color_buf  bsp_led.o
    0x08002bdc   0x08002bdc   0x0000004e   Code   RO          500    .text.ws2812_set_color  bsp_led.o
    0x08002c2a   0x08002c2a   0x00000002   PAD
    0x08002c2c   0x08002c2c   0x00000084   Code   RO          516    .text.ws2812_single_led  bsp_led.o
    0x08002cb0   0x08002cb0   0x000000a0   Code   RO          510    .text.ws2812_timer_pwm_init  bsp_led.o
    0x08002d50   0x08002d50   0x0000000e   Code   RO         1787    i.__scatterload_copy  mc_p.l(handlers.o)
    0x08002d5e   0x08002d5e   0x00000002   Code   RO         1788    i.__scatterload_null  mc_p.l(handlers.o)
    0x08002d60   0x08002d60   0x0000000e   Code   RO         1789    i.__scatterload_zeroinit  mc_p.l(handlers.o)
    0x08002d6e   0x08002d6e   0x00000003   Data   RO          524    .rodata.BLUE        bsp_led.o
    0x08002d71   0x08002d71   0x00000003   Data   RO          523    .rodata.GREEN       bsp_led.o
    0x08002d74   0x08002d74   0x00000003   Data   RO          526    .rodata.MAGENTA     bsp_led.o
    0x08002d77   0x08002d77   0x00000003   Data   RO          530    .rodata.OEANGE      bsp_led.o
    0x08002d7a   0x08002d7a   0x00000003   Data   RO          522    .rodata.RED         bsp_led.o
    0x08002d7d   0x08002d7d   0x00000003   Data   RO          525    .rodata.SKY         bsp_led.o
    0x08002d80   0x08002d80   0x00000003   Data   RO          528    .rodata.WHITE       bsp_led.o
    0x08002d83   0x08002d83   0x00000003   Data   RO          527    .rodata.YELLOW      bsp_led.o
    0x08002d86   0x08002d86   0x00000002   PAD
    0x08002d88   0x08002d88   0x0000000c   Data   RO          552    .rodata._t_ac_charge_system_para_default  app_target.o
    0x08002d94   0x08002d94   0x00000020   Data   RO         1786    Region$$Table       anon$$obj.o


    Execution Region RW_IRAM1 (Exec base: 0x20000000, Load base: 0x08002db8, Size: 0x000006e8, Max: 0x00002000, ABSOLUTE)

    Exec Addr    Load Addr    Size         Type   Attr      Idx    E Section Name        Object

    0x20000000   0x08002db8   0x00000004   Data   RW          277    .data.SystemCoreClock  system_gd32e23x.o
    0x20000004   0x08002dbc   0x00000001   Data   RW          536    .data.cnt           bsp_led.o
    0x20000005   0x08002dbd   0x00000001   Data   RW          535    .data.color         bsp_led.o
    0x20000006   0x08002dbe   0x0000000c   Data   RW          533    .data.temp          bsp_led.o
    0x20000012   0x08002dca   0x00000006   PAD
    0x20000018        -       0x00000004   Zero   RW          298    .bss.InsBaseNum     timeout.o
    0x2000001c        -       0x00000180   Zero   RW          537    .bss.Pixel_Buf      bsp_led.o
    0x2000019c        -       0x0000000c   Zero   RW           39    .bss.app_para       app.o
    0x200001a8        -       0x00000004   Zero   RW          259    .bss.delay          systick.o
    0x200001ac   0x08002dca   0x00000004   PAD
    0x200001b0        -       0x00000008   Zero   RW          260    .bss.s64_system_ticks  systick.o
    0x200001b8        -       0x00000080   Zero   RW          353    .bss.s_rx_buff0     hw_api_usart.o
    0x20000238        -       0x00000080   Zero   RW          354    .bss.s_rx_buff1     hw_api_usart.o
    0x200002b8        -       0x00000020   Zero   RW          352    .bss.s_uart_rcv_buff  hw_api_usart.o
    0x200002d8        -       0x0000000c   Zero   RW          166    .bss.t_ac_charge_system_para  app_chargectl.o
    0x200002e4   0x08002dca   0x00000004   PAD
    0x200002e8        -       0x00000400   Zero   RW           10    STACK               startup_gd32e23x.o


==============================================================================

Image component sizes


      Code (inc. data)   RO Data    RW Data    ZI Data      Debug   Object Name

       172          8          0          0         12       1596   app.o
         8          4          0          0         12       7253   app_chargectl.o
        36          4         12          0          0       1389   app_target.o
      1588         68         24         14        384       5530   bsp_led.o
       528         28          0          0          0       6039   drv_common.o
       616         20          0          0          0       7637   gd32e23x_adc.o
       832         24          0          0          0       5505   gd32e23x_dma.o
       248         36          0          0          0       2493   gd32e23x_fwdgt.o
       504          0          0          0          0       4172   gd32e23x_gpio.o
        64          0          0          0          0        977   gd32e23x_it.o
       266         20          0          0          0       3846   gd32e23x_misc.o
      1912         68          0          0          0      11271   gd32e23x_rcu.o
      1920         80          0          0          0      16835   gd32e23x_timer.o
       680         28          0          0          0      13584   gd32e23x_usart.o
       376         28          0          0        288       4390   hw_api_usart.o
        20          0          0          0          0        356   main.o
        28          8        204          0       1024        660   startup_gd32e23x.o
       488         56          0          4          0       1852   system_gd32e23x.o
       320         24          0          0         12       3871   systick.o
        98          4          0          0          4       1290   timeout.o
       616         52          0          0          0       3420   user_cfg.o

    ----------------------------------------------------------------------
     11340        560        274         20       1748     103966   Object Totals
         0          0         32          0          0          0   (incl. Generated)
        20          0          2          2         12          0   (incl. Padding)

    ----------------------------------------------------------------------

      Code (inc. data)   RO Data    RW Data    ZI Data      Debug   Library Member Name

         0          0          0          0          0          0   entry.o
         0          0          0          0          0          0   entry10a.o
         0          0          0          0          0          0   entry11a.o
         8          4          0          0          0          0   entry2.o
         4          0          0          0          0          0   entry5.o
         0          0          0          0          0          0   entry7b.o
         0          0          0          0          0          0   entry8b.o
         8          4          0          0          0          0   entry9a.o
        30          0          0          0          0          0   handlers.o
        36          8          0          0          0         68   init.o

    ----------------------------------------------------------------------
        86         16          0          0          0         68   Library Totals
         0          0          0          0          0          0   (incl. Padding)

    ----------------------------------------------------------------------

      Code (inc. data)   RO Data    RW Data    ZI Data      Debug   Library Name

        86         16          0          0          0         68   mc_p.l

    ----------------------------------------------------------------------
        86         16          0          0          0         68   Library Totals

    ----------------------------------------------------------------------

==============================================================================


      Code (inc. data)   RO Data    RW Data    ZI Data      Debug   

     11426        576        274         20       1748     103806   Grand Totals
     11426        576        274         20       1748     103806   ELF Image Totals
     11426        576        274         20          0          0   ROM Totals

==============================================================================

    Total RO  Size (Code + RO Data)                11700 (  11.43kB)
    Total RW  Size (RW Data + ZI Data)              1768 (   1.73kB)
    Total ROM Size (Code + RO Data + RW Data)      11720 (  11.45kB)

==============================================================================

