Component: ARM Compiler 6.16 Tool: armlink [5dfeaa00]

==============================================================================

Section Cross References

    main.o(.text.main) refers to app.o(.text.App_Init) for App_Init
    main.o(.text.main) refers to app.o(.text.App_Handler) for App_Handler
    main.o(.ARM.exidx.text.main) refers to main.o(.text.main) for [Anonymous Symbol]
    startup_gd32e23x.o(RESET) refers to startup_gd32e23x.o(STACK) for __initial_sp
    startup_gd32e23x.o(RESET) refers to startup_gd32e23x.o(.text) for Reset_Handler
    startup_gd32e23x.o(RESET) refers to gd32e23x_it.o(.text.HardFault_Handler) for HardFault_Handler
    startup_gd32e23x.o(RESET) refers to gd32e23x_it.o(.text.SysTick_Handler) for SysTick_Handler
    startup_gd32e23x.o(RESET) refers to gd32e23x_it.o(.text.DMA_Channel1_2_IRQHandler) for DMA_Channel1_2_IRQHandler
    startup_gd32e23x.o(RESET) refers to app.o(.text.TIMER5_IRQHandler) for TIMER5_IRQHandler
    startup_gd32e23x.o(RESET) refers to hw_api_usart.o(.text.USART0_IRQHandler) for USART0_IRQHandler
    startup_gd32e23x.o(.text) refers to system_gd32e23x.o(.text.SystemInit) for SystemInit
    startup_gd32e23x.o(.text) refers to entry.o(.ARM.Collect$$$$00000000) for __main
    gd32e23x_it.o(.ARM.exidx.text.HardFault_Handler) refers to gd32e23x_it.o(.text.HardFault_Handler) for [Anonymous Symbol]
    gd32e23x_it.o(.text.SysTick_Handler) refers to systick.o(.text.delay_increment) for delay_increment
    gd32e23x_it.o(.ARM.exidx.text.SysTick_Handler) refers to gd32e23x_it.o(.text.SysTick_Handler) for [Anonymous Symbol]
    gd32e23x_it.o(.text.DMA_Channel1_2_IRQHandler) refers to gd32e23x_dma.o(.text.dma_interrupt_flag_get) for dma_interrupt_flag_get
    gd32e23x_it.o(.text.DMA_Channel1_2_IRQHandler) refers to gd32e23x_dma.o(.text.dma_interrupt_flag_clear) for dma_interrupt_flag_clear
    gd32e23x_it.o(.ARM.exidx.text.DMA_Channel1_2_IRQHandler) refers to gd32e23x_it.o(.text.DMA_Channel1_2_IRQHandler) for [Anonymous Symbol]
    app.o(.text.App_Init) refers to systick.o(.text.systick_config) for systick_config
    app.o(.text.App_Init) refers to user_cfg.o(.text.Uart1_Init) for Uart1_Init
    app.o(.text.App_Init) refers to bsp_meter_v9260.o(.text.Meter_V9260_Port_Init) for Meter_V9260_Port_Init
    app.o(.text.App_Init) refers to key_touch_process.o(.text.Key_Touch_Init) for Key_Touch_Init
    app.o(.text.App_Init) refers to drv_common.o(.text.drv_common_gpio_init) for drv_common_gpio_init
    app.o(.text.App_Init) refers to user_cfg.o(.text.Adc_Init) for Adc_Init
    app.o(.text.App_Init) refers to timeout.o(.text.TimeOutDet_Init) for TimeOutDet_Init
    app.o(.text.App_Init) refers to hw_api_usart.o(.text.hw_api_usart_data_init) for hw_api_usart_data_init
    app.o(.text.App_Init) refers to drv_common.o(.text.drv_common_usart0_init) for drv_common_usart0_init
    app.o(.text.App_Init) refers to app_realcheck.o(.text.Realcheck_Init) for Realcheck_Init
    app.o(.text.App_Init) refers to bsp_led.o(.text.ws2812_init) for ws2812_init
    app.o(.text.App_Init) refers to user_cfg.o(.text.Timer5_Base) for Timer5_Base
    app.o(.text.App_Init) refers to bsp_oled.o(.text.rcu_config_SPI) for rcu_config_SPI
    app.o(.text.App_Init) refers to bsp_oled.o(.text.gpio_config_SPI) for gpio_config_SPI
    app.o(.text.App_Init) refers to bsp_oled.o(.text.spi_config) for spi_config
    app.o(.text.App_Init) refers to bsp_oled.o(.text.spi_send_to_qg2864_init) for spi_send_to_qg2864_init
    app.o(.text.App_Init) refers to bsp_meter_v9260.o(.text.V9260_InitDefaultPara) for V9260_InitDefaultPara
    app.o(.text.App_Init) refers to bsp_meter_v9260.o(.text.UpdateRaccoonPara) for UpdateRaccoonPara
    app.o(.text.App_Init) refers to app_target.o(.text.app_target_sys_para_init) for app_target_sys_para_init
    app.o(.text.App_Init) refers to user_cfg.o(.text.Fwdgt_Config) for Fwdgt_Config
    app.o(.text.App_Init) refers to app.o(.bss.app_para) for app_para
    app.o(.ARM.exidx.text.App_Init) refers to app.o(.text.App_Init) for [Anonymous Symbol]
    app.o(.text.App_Handler) refers to user_cfg.o(.text.Fwdgt_Free) for Fwdgt_Free
    app.o(.text.App_Handler) refers to bsp_oled.o(.text.Oled_Handler) for Oled_Handler
    app.o(.text.App_Handler) refers to bsp_led.o(.text.Led_Handler) for Led_Handler
    app.o(.text.App_Handler) refers to key_touch_process.o(.text.Key_Touch_Handler) for Key_Touch_Handler
    app.o(.text.App_Handler) refers to app_realcheck.o(.text.Realcheck_Handler) for Realcheck_Handler
    app.o(.text.App_Handler) refers to app_chargectl.o(.text.app_charge_ctl_process) for app_charge_ctl_process
    app.o(.text.App_Handler) refers to app_mainctl.o(.text.app_mainctl_process) for app_mainctl_process
    app.o(.text.App_Handler) refers to app_meter.o(.text.Meter_parameter_update) for Meter_parameter_update
    app.o(.ARM.exidx.text.App_Handler) refers to app.o(.text.App_Handler) for [Anonymous Symbol]
[...]
    [Anonymous Symbol]                       0x080050cc   Section        0  system_gd32e23x.o(.text.system_clock_72m_irc8m)
    __arm_cp.3_0                             0x08005198   Number         4  system_gd32e23x.o(.text.system_clock_72m_irc8m)
    __arm_cp.3_1                             0x0800519c   Number         4  system_gd32e23x.o(.text.system_clock_72m_irc8m)
    __arm_cp.3_2                             0x080051a0   Number         4  system_gd32e23x.o(.text.system_clock_72m_irc8m)
    __arm_cp.3_3                             0x080051a4   Number         4  system_gd32e23x.o(.text.system_clock_72m_irc8m)
    __arm_cp.3_4                             0x080051a8   Number         4  system_gd32e23x.o(.text.system_clock_72m_irc8m)
    system_clock_config                      0x080051ad   Thumb Code     8  system_gd32e23x.o(.text.system_clock_config)
    [Anonymous Symbol]                       0x080051ac   Section        0  system_gd32e23x.o(.text.system_clock_config)
    [Anonymous Symbol]                       0x080051b4   Section        0  systick.o(.text.systick_config)
    __arm_cp.0_0                             0x080051d8   Number         4  systick.o(.text.systick_config)
    [Anonymous Symbol]                       0x080051dc   Section        0  gd32e23x_timer.o(.text.timer_auto_reload_shadow_enable)
    [Anonymous Symbol]                       0x080051f0   Section        0  gd32e23x_timer.o(.text.timer_channel_output_config)
    __arm_cp.42_0                            0x080054d4   Number         4  gd32e23x_timer.o(.text.timer_channel_output_config)
    __arm_cp.42_1                            0x080054d8   Number         4  gd32e23x_timer.o(.text.timer_channel_output_config)
    __arm_cp.42_2                            0x080054dc   Number         4  gd32e23x_timer.o(.text.timer_channel_output_config)
    __arm_cp.42_3                            0x080054e0   Number         4  gd32e23x_timer.o(.text.timer_channel_output_config)
    [Anonymous Symbol]                       0x080054e4   Section        0  gd32e23x_timer.o(.text.timer_channel_output_mode_config)
    [Anonymous Symbol]                       0x08005584   Section        0  gd32e23x_timer.o(.text.timer_channel_output_pulse_value_config)
    [Anonymous Symbol]                       0x080055d8   Section        0  gd32e23x_timer.o(.text.timer_channel_output_shadow_config)
    [Anonymous Symbol]                       0x08005678   Section        0  gd32e23x_timer.o(.text.timer_deinit)
    __arm_cp.0_1                             0x08005740   Number         4  gd32e23x_timer.o(.text.timer_deinit)
    __arm_cp.0_3                             0x08005744   Number         4  gd32e23x_timer.o(.text.timer_deinit)
    __arm_cp.0_4                             0x08005748   Number         4  gd32e23x_timer.o(.text.timer_deinit)
    __arm_cp.0_7                             0x0800574c   Number         4  gd32e23x_timer.o(.text.timer_deinit)
    __arm_cp.0_8                             0x08005750   Number         4  gd32e23x_timer.o(.text.timer_deinit)
    __arm_cp.0_9                             0x08005754   Number         4  gd32e23x_timer.o(.text.timer_deinit)
    __arm_cp.0_10                            0x08005758   Number         4  gd32e23x_timer.o(.text.timer_deinit)
    __arm_cp.0_11                            0x0800575c   Number         4  gd32e23x_timer.o(.text.timer_deinit)
    [Anonymous Symbol]                       0x08005760   Section        0  gd32e23x_timer.o(.text.timer_dma_enable)
    [Anonymous Symbol]                       0x08005778   Section        0  gd32e23x_timer.o(.text.timer_dma_transfer_config)
    __arm_cp.30_0                            0x0800579c   Number         4  gd32e23x_timer.o(.text.timer_dma_transfer_config)
    [Anonymous Symbol]                       0x080057a0   Section        0  gd32e23x_timer.o(.text.timer_enable)
    [Anonymous Symbol]                       0x080057b4   Section        0  gd32e23x_timer.o(.text.timer_init)
    __arm_cp.2_0                             0x08005898   Number         4  gd32e23x_timer.o(.text.timer_init)
    __arm_cp.2_1                             0x0800589c   Number         4  gd32e23x_timer.o(.text.timer_init)
    __arm_cp.2_2                             0x080058a0   Number         4  gd32e23x_timer.o(.text.timer_init)
    __arm_cp.2_3                             0x080058a4   Number         4  gd32e23x_timer.o(.text.timer_init)
    __arm_cp.2_4                             0x080058a8   Number         4  gd32e23x_timer.o(.text.timer_init)
    __arm_cp.2_5                             0x080058ac   Number         4  gd32e23x_timer.o(.text.timer_init)
    [Anonymous Symbol]                       0x080058b0   Section        0  gd32e23x_timer.o(.text.timer_interrupt_enable)
    [Anonymous Symbol]                       0x080058c4   Section        0  gd32e23x_timer.o(.text.timer_interrupt_flag_clear)
    [Anonymous Symbol]                       0x080058d6   Section        0  gd32e23x_timer.o(.text.timer_interrupt_flag_get)
    [Anonymous Symbol]                       0x08005910   Section        0  gd32e23x_timer.o(.text.timer_primary_output_config)
    [Anonymous Symbol]                       0x08005940   Section        0  gd32e23x_timer.o(.text.timer_struct_para_init)
    __arm_cp.1_0                             0x08005964   Number         4  gd32e23x_timer.o(.text.timer_struct_para_init)
    [Anonymous Symbol]                       0x08005968   Section        0  systick.o(.text.u64_systick_get)
    __arm_cp.5_0                             0x08005970   Number         4  systick.o(.text.u64_systick_get)
    uart_enqueue                             0x08005975   Thumb Code    52  hw_api_usart.o(.text.uart_enqueue)
    [Anonymous Symbol]                       0x08005974   Section        0  hw_api_usart.o(.text.uart_enqueue)
    __arm_cp.9_0                             0x080059a8   Number         4  hw_api_usart.o(.text.uart_enqueue)
    [Anonymous Symbol]                       0x080059ac   Section        0  gd32e23x_usart.o(.text.usart_baudrate_set)
    __arm_cp.1_2                             0x08005a58   Number         4  gd32e23x_usart.o(.text.usart_baudrate_set)
    [Anonymous Symbol]                       0x08005a5c   Section        0  gd32e23x_usart.o(.text.usart_data_receive)
    [Anonymous Symbol]                       0x08005a6c   Section        0  gd32e23x_usart.o(.text.usart_data_transmit)
    __arm_cp.18_0                            0x08005a80   Number         4  gd32e23x_usart.o(.text.usart_data_transmit)
    [Anonymous Symbol]                       0x08005a84   Section        0  gd32e23x_usart.o(.text.usart_deinit)
    __arm_cp.0_0                             0x08005ac8   Number         4  gd32e23x_usart.o(.text.usart_deinit)
    __arm_cp.0_1                             0x08005acc   Number         4  gd32e23x_usart.o(.text.usart_deinit)
    __arm_cp.0_2                             0x08005ad0   Number         4  gd32e23x_usart.o(.text.usart_deinit)
    __arm_cp.0_3                             0x08005ad4   Number         4  gd32e23x_usart.o(.text.usart_deinit)
    [Anonymous Symbol]                       0x08005ad8   Section        0  gd32e23x_usart.o(.text.usart_enable)
    [Anonymous Symbol]                       0x08005aea   Section        0  gd32e23x_usart.o(.text.usart_flag_get)
    [Anonymous Symbol]                       0x08005b26   Section        0  gd32e23x_usart.o(.text.usart_interrupt_enable)
    [Anonymous Symbol]                       0x08005b48   Section        0  gd32e23x_usart.o(.text.usart_interrupt_flag_clear)
    __arm_cp.70_0                            0x08005b84   Number         4  gd32e23x_usart.o(.text.usart_interrupt_flag_clear)
    [Anonymous Symbol]                       0x08005b88   Section        0  gd32e23x_usart.o(.text.usart_interrupt_flag_get)
    [Anonymous Symbol]                       0x08005bea   Section        0  gd32e23x_usart.o(.text.usart_parity_config)
    [Anonymous Symbol]                       0x08005c14   Section        0  gd32e23x_usart.o(.text.usart_receive_config)
    [Anonymous Symbol]                       0x08005c32   Section        0  gd32e23x_usart.o(.text.usart_stop_bit_set)
    [Anonymous Symbol]                       0x08005c5c   Section        0  gd32e23x_usart.o(.text.usart_transmit_config)
    [Anonymous Symbol]                       0x08005c7a   Section        0  gd32e23x_usart.o(.text.usart_word_length_set)
    [Anonymous Symbol]                       0x08005ca4   Section        0  bsp_led.o(.text.ws2812_display_color)
    __arm_cp.0_0                             0x08005ddc   Number         4  bsp_led.o(.text.ws2812_display_color)
    __arm_cp.0_1                             0x08005de0   Number         4  bsp_led.o(.text.ws2812_display_color)
    __arm_cp.0_2                             0x08005de4   Number         4  bsp_led.o(.text.ws2812_display_color)
    __arm_cp.0_3                             0x08005de8   Number         4  bsp_led.o(.text.ws2812_display_color)
    __arm_cp.0_4                             0x08005dec   Number         4  bsp_led.o(.text.ws2812_display_color)
    __arm_cp.0_5                             0x08005df0   Number         4  bsp_led.o(.text.ws2812_display_color)
    __arm_cp.0_6                             0x08005df4   Number         4  bsp_led.o(.text.ws2812_display_color)
    __arm_cp.0_7                             0x08005df8   Number         4  bsp_led.o(.text.ws2812_display_color)
    ws2812_dma_init                          0x08005dfd   Thumb Code   100  bsp_led.o(.text.ws2812_dma_init)
    [Anonymous Symbol]                       0x08005dfc   Section        0  bsp_led.o(.text.ws2812_dma_init)
    __arm_cp.4_1                             0x08005e60   Number         4  bsp_led.o(.text.ws2812_dma_init)
    [Anonymous Symbol]                       0x08005e64   Section        0  bsp_led.o(.text.ws2812_init)
    __arm_cp.2_0                             0x08005ea8   Number         4  bsp_led.o(.text.ws2812_init)
    ws2812_rgb_send_array                    0x08005ead   Thumb Code    54  bsp_led.o(.text.ws2812_rgb_send_array)
    [Anonymous Symbol]                       0x08005eac   Section        0  bsp_led.o(.text.ws2812_rgb_send_array)
    ws2812_rgb_set_color_buf                 0x08005ee5   Thumb Code   296  bsp_led.o(.text.ws2812_rgb_set_color_buf)
    [Anonymous Symbol]                       0x08005ee4   Section        0  bsp_led.o(.text.ws2812_rgb_set_color_buf)
    __arm_cp.6_0                             0x0800600c   Number         4  bsp_led.o(.text.ws2812_rgb_set_color_buf)
    ws2812_set_color                         0x08006011   Thumb Code    78  bsp_led.o(.text.ws2812_set_color)
    [Anonymous Symbol]                       0x08006010   Section        0  bsp_led.o(.text.ws2812_set_color)
    ws2812_timer_pwm_init                    0x08006061   Thumb Code   152  bsp_led.o(.text.ws2812_timer_pwm_init)
    [Anonymous Symbol]                       0x08006060   Section        0  bsp_led.o(.text.ws2812_timer_pwm_init)
    __arm_cp.3_0                             0x080060f8   Number         4  bsp_led.o(.text.ws2812_timer_pwm_init)
    __arm_cp.3_1                             0x080060fc   Number         4  bsp_led.o(.text.ws2812_timer_pwm_init)
    i.__0printf                              0x08006100   Section        0  printfa.o(i.__0printf)
    i.__0sprintf                             0x08006120   Section        0  printfa.o(i.__0sprintf)
    i.__ARM_clz                              0x08006148   Section        0  depilogue.o(i.__ARM_clz)
    i.__scatterload_copy                     0x08006176   Section       14  handlers.o(i.__scatterload_copy)
    i.__scatterload_null                     0x08006184   Section        2  handlers.o(i.__scatterload_null)
    i.__scatterload_zeroinit                 0x08006186   Section       14  handlers.o(i.__scatterload_zeroinit)
    _fp_digits                               0x08006195   Thumb Code   344  printfa.o(i._fp_digits)
    i._fp_digits                             0x08006194   Section        0  printfa.o(i._fp_digits)
    _printf_core                             0x08006309   Thumb Code  1754  printfa.o(i._printf_core)
    i._printf_core                           0x08006308   Section        0  printfa.o(i._printf_core)
    _printf_post_padding                     0x080069f5   Thumb Code    32  printfa.o(i._printf_post_padding)
    i._printf_post_padding                   0x080069f4   Section        0  printfa.o(i._printf_post_padding)
    _printf_pre_padding                      0x08006a15   Thumb Code    44  printfa.o(i._printf_pre_padding)
    i._printf_pre_padding                    0x08006a14   Section        0  printfa.o(i._printf_pre_padding)
    _sputc                                   0x08006a41   Thumb Code    10  printfa.o(i._sputc)
    i._sputc                                 0x08006a40   Section        0  printfa.o(i._sputc)
    _t_ac_charge_system_para_default         0x08006a64   Data          12  app_target.o(.rodata._t_ac_charge_system_para_default)
    [Anonymous Symbol]                       0x08006a64   Section        0  app_target.o(.rodata._t_ac_charge_system_para_default)
    [Anonymous Symbol]                       0x08006a70   Section        0  app.o(.rodata.str1.1)
    [Anonymous Symbol]                       0x08006a79   Section        0  app_chargectl.o(.rodata.str1.1)
    [Anonymous Symbol]                       0x08006aaf   Section        0  bsp_oled.o(.rodata.str1.1)
    table_thermistor_SDNT1608X103            0x08006ae0   Data         664  app_realcheck.o(.rodata.table_thermistor_SDNT1608X103)
    [Anonymous Symbol]                       0x08006ae0   Section        0  app_realcheck.o(.rodata.table_thermistor_SDNT1608X103)
    .data                                    0x20000000   Section        4  stdout.o(.data)
    earthing_addr_T                          0x2000047c   Data           4  app_mainctl.o(.data.earthing_addr_T)
    [Anonymous Symbol]                       0x2000047c   Section        0  app_mainctl.o(.data.earthing_addr_T)
    Key_Touch_Handler.key_touch_cnt          0x20000484   Data           1  key_touch_process.o(.bss.Key_Touch_Handler.key_touch_cnt)
    [Anonymous Symbol]                       0x20000484   Section        0  key_touch_process.o(.bss.Key_Touch_Handler.key_touch_cnt)
    Key_Touch_Handler.key_touch_time         0x20000488   Data           8  key_touch_process.o(.bss.Key_Touch_Handler.key_touch_time)
    [Anonymous Symbol]                       0x20000488   Section        0  key_touch_process.o(.bss.Key_Touch_Handler.key_touch_time)
    TIMER5_IRQHandler.cp_cnt                 0x20000af0   Data           1  app.o(.bss.TIMER5_IRQHandler.cp_cnt)
    [Anonymous Symbol]                       0x20000af0   Section        0  app.o(.bss.TIMER5_IRQHandler.cp_cnt)
    TIMER5_IRQHandler.relay_cnt              0x20000af2   Data           2  app.o(.bss.TIMER5_IRQHandler.relay_cnt)
    [Anonymous Symbol]                       0x20000af2   Section        0  app.o(.bss.TIMER5_IRQHandler.relay_cnt)
    TIMER5_IRQHandler.relay_pwm_cnt          0x20000af4   Data           1  app.o(.bss.TIMER5_IRQHandler.relay_pwm_cnt)
    [Anonymous Symbol]                       0x20000af4   Section        0  app.o(.bss.TIMER5_IRQHandler.relay_pwm_cnt)
    delay_temp                               0x20000b18   Data           8  systick.o(.bss.delay_temp)
    [Anonymous Symbol]                       0x20000b18   Section        0  systick.o(.bss.delay_temp)
    earthing_flashData_T                     0x20000b20   Data           4  app_mainctl.o(.bss.earthing_flashData_T)
    [Anonymous Symbol]                       0x20000b20   Section        0  app_mainctl.o(.bss.earthing_flashData_T)
    s2_cnt                                   0x20000bb0   Data           1  app_chargectl.o(.bss.s2_cnt)
    [Anonymous Symbol]                       0x20000bb0   Section        0  app_chargectl.o(.bss.s2_cnt)
    s2_flag                                  0x20000bb1   Data           1  app_chargectl.o(.bss.s2_flag)
    [Anonymous Symbol]                       0x20000bb1   Section        0  app_chargectl.o(.bss.s2_flag)
    s2_on_flag                               0x20000bb2   Data           1  app_chargectl.o(.bss.s2_on_flag)
    [Anonymous Symbol]                       0x20000bb2   Section        0  app_chargectl.o(.bss.s2_on_flag)
    s64_system_ticks                         0x20000bb8   Data           8  systick.o(.bss.s64_system_ticks)
    [Anonymous Symbol]                       0x20000bb8   Section        0  systick.o(.bss.s64_system_ticks)
    s_ac_charge_info                         0x20000bc0   Data          99  app_chargectl.o(.bss.s_ac_charge_info)
    [Anonymous Symbol]                       0x20000bc0   Section        0  app_chargectl.o(.bss.s_ac_charge_info)
    s_charge_end_flag                        0x20000c23   Data           1  app_chargectl.o(.bss.s_charge_end_flag)
    [Anonymous Symbol]                       0x20000c23   Section        0  app_chargectl.o(.bss.s_charge_end_flag)
    s_check_err_nub                          0x20000c24   Data           1  app_chargectl.o(.bss.s_check_err_nub)
    [Anonymous Symbol]                       0x20000c24   Section        0  app_chargectl.o(.bss.s_check_err_nub)
    s_cp_6v_start_flag                       0x20000c25   Data           1  app_chargectl.o(.bss.s_cp_6v_start_flag)
    [Anonymous Symbol]                       0x20000c25   Section        0  app_chargectl.o(.bss.s_cp_6v_start_flag)
    s_cp_6v_start_ms                         0x20000c28   Data           8  app_chargectl.o(.bss.s_cp_6v_start_ms)
    [Anonymous Symbol]                       0x20000c28   Section        0  app_chargectl.o(.bss.s_cp_6v_start_ms)
    s_cp_value_fault_start_ms                0x20000c30   Data           8  app_chargectl.o(.bss.s_cp_value_fault_start_ms)
    [Anonymous Symbol]                       0x20000c30   Section        0  app_chargectl.o(.bss.s_cp_value_fault_start_ms)
    s_cp_value_flag                          0x20000c38   Data           1  app_chargectl.o(.bss.s_cp_value_flag)
    [Anonymous Symbol]                       0x20000c38   Section        0  app_chargectl.o(.bss.s_cp_value_flag)
    s_earthing_count                         0x20000c39   Data           1  app_mainctl.o(.bss.s_earthing_count)
    [Anonymous Symbol]                       0x20000c39   Section        0  app_mainctl.o(.bss.s_earthing_count)
    s_earthing_cp_connect_time               0x20000c40   Data           8  app_mainctl.o(.bss.s_earthing_cp_connect_time)
    [Anonymous Symbol]                       0x20000c40   Section        0  app_mainctl.o(.bss.s_earthing_cp_connect_time)
    s_input_io_simulation_value              0x20000c48   Data          48  app_realcheck.o(.bss.s_input_io_simulation_value)
    [Anonymous Symbol]                       0x20000c48   Section        0  app_realcheck.o(.bss.s_input_io_simulation_value)
    s_main_init                              0x20000c78   Data           1  app_mainctl.o(.bss.s_main_init)
    [Anonymous Symbol]                       0x20000c78   Section        0  app_mainctl.o(.bss.s_main_init)
    s_rx_buff0                               0x20000c7a   Data         128  hw_api_usart.o(.bss.s_rx_buff0)
    [Anonymous Symbol]                       0x20000c7a   Section        0  hw_api_usart.o(.bss.s_rx_buff0)
    s_rx_buff1                               0x20000cfa   Data         128  hw_api_usart.o(.bss.s_rx_buff1)
    [Anonymous Symbol]                       0x20000cfa   Section        0  hw_api_usart.o(.bss.s_rx_buff1)
    s_send_pwm_again_flag                    0x20000d7a   Data           1  app_chargectl.o(.bss.s_send_pwm_again_flag)
    [Anonymous Symbol]                       0x20000d7a   Section        0  app_chargectl.o(.bss.s_send_pwm_again_flag)
    s_start_earthing                         0x20000d7b   Data           1  app_mainctl.o(.bss.s_start_earthing)
    [Anonymous Symbol]                       0x20000d7b   Section        0  app_mainctl.o(.bss.s_start_earthing)
    s_uart_rcv_buff                          0x20000d7c   Data          32  hw_api_usart.o(.bss.s_uart_rcv_buff)
    [Anonymous Symbol]                       0x20000d7c   Section        0  hw_api_usart.o(.bss.s_uart_rcv_buff)
    s_v9260s_info                            0x20000d9c   Data          16  bsp_meter_v9260.o(.bss.s_v9260s_info)
    [Anonymous Symbol]                       0x20000d9c   Section        0  bsp_meter_v9260.o(.bss.s_v9260s_info)
    t_ac_charge_system_para                  0x20000dac   Data          12  app_chargectl.o(.bss.t_ac_charge_system_para)
    [Anonymous Symbol]                       0x20000dac   Section        0  app_chargectl.o(.bss.t_ac_charge_system_para)
    total_kwh_old                            0x20000db8   Data           4  app_chargectl.o(.bss.total_kwh_old)
    [Anonymous Symbol]                       0x20000db8   Section        0  app_chargectl.o(.bss.total_kwh_old)
    STACK                                    0x20000dc0   Section     1024  startup_gd32e23x.o(STACK)

    Global Symbols

    Symbol Name                              Value     Ov Type        Size  Object(Section)

    BuildAttributes$$THM_ISAv3M$S$8M$PE$A:L22$X:L11$S22$IEEE1$IW$~IW$USESV6$~STKCKD$USESV7$~SHL$OTIME$ROPI$EBA8$MICROLIB$REQ8$PRES8$EABIv2 0x00000000   Number         0  anon$$obj.o ABSOLUTE
    __cpp_initialize__aeabi_                  - Undefined Weak Reference
    __cxa_finalize                            - Undefined Weak Reference
    _clock_init                               - Undefined Weak Reference
    _microlib_exit                            - Undefined Weak Reference
    __Vectors_Size                           0x000000cc   Number         0  startup_gd32e23x.o ABSOLUTE
    __Vectors                                0x08000000   Data           4  startup_gd32e23x.o(RESET)
    __Vectors_End                            0x080000cc   Data           0  startup_gd32e23x.o(RESET)
    __main                                   0x080000cd   Thumb Code     0  entry.o(.ARM.Collect$$$$00000000)
    _main_stk                                0x080000cd   Thumb Code     0  entry2.o(.ARM.Collect$$$$00000001)
    _main_scatterload                        0x080000d1   Thumb Code     0  entry5.o(.ARM.Collect$$$$00000004)
    __main_after_scatterload                 0x080000d5   Thumb Code     0  entry5.o(.ARM.Collect$$$$00000004)
    _main_clock                              0x080000d5   Thumb Code     0  entry7b.o(.ARM.Collect$$$$00000008)
    _main_cpp_init                           0x080000d5   Thumb Code     0  entry8b.o(.ARM.Collect$$$$0000000A)
    _main_init                               0x080000d5   Thumb Code     0  entry9a.o(.ARM.Collect$$$$0000000B)
    __rt_final_cpp                           0x080000dd   Thumb Code     0  entry10a.o(.ARM.Collect$$$$0000000D)
    __rt_final_exit                          0x080000dd   Thumb Code     0  entry11a.o(.ARM.Collect$$$$0000000F)
    Reset_Handler                            0x080000e1   Thumb Code     8  startup_gd32e23x.o(.text)
    NMI_Handler                              0x080000e9   Thumb Code     2  startup_gd32e23x.o(.text)
    SVC_Handler                              0x080000ed   Thumb Code     2  startup_gd32e23x.o(.text)
    PendSV_Handler                           0x080000ef   Thumb Code     2  startup_gd32e23x.o(.text)
    ADC_CMP_IRQHandler                       0x080000f3   Thumb Code     0  startup_gd32e23x.o(.text)
    DMA_Channel0_IRQHandler                  0x080000f3   Thumb Code     0  startup_gd32e23x.o(.text)
    DMA_Channel3_4_IRQHandler                0x080000f3   Thumb Code     0  startup_gd32e23x.o(.text)
    EXTI0_1_IRQHandler                       0x080000f3   Thumb Code     0  startup_gd32e23x.o(.text)
    EXTI2_3_IRQHandler                       0x080000f3   Thumb Code     0  startup_gd32e23x.o(.text)
    EXTI4_15_IRQHandler                      0x080000f3   Thumb Code     0  startup_gd32e23x.o(.text)
    FMC_IRQHandler                           0x080000f3   Thumb Code     0  startup_gd32e23x.o(.text)
    I2C0_ER_IRQHandler                       0x080000f3   Thumb Code     0  startup_gd32e23x.o(.text)
    I2C0_EV_IRQHandler                       0x080000f3   Thumb Code     0  startup_gd32e23x.o(.text)
    I2C1_ER_IRQHandler                       0x080000f3   Thumb Code     0  startup_gd32e23x.o(.text)
    I2C1_EV_IRQHandler                       0x080000f3   Thumb Code     0  startup_gd32e23x.o(.text)
    LVD_IRQHandler                           0x080000f3   Thumb Code     0  startup_gd32e23x.o(.text)
    RCU_IRQHandler                           0x080000f3   Thumb Code     0  startup_gd32e23x.o(.text)
    RTC_IRQHandler                           0x080000f3   Thumb Code     0  startup_gd32e23x.o(.text)
    SPI0_IRQHandler                          0x080000f3   Thumb Code     0  startup_gd32e23x.o(.text)
    SPI1_IRQHandler                          0x080000f3   Thumb Code     0  startup_gd32e23x.o(.text)
    TIMER0_BRK_UP_TRG_COM_IRQHandler         0x080000f3   Thumb Code     0  startup_gd32e23x.o(.text)
    TIMER0_Channel_IRQHandler                0x080000f3   Thumb Code     0  startup_gd32e23x.o(.text)
    TIMER13_IRQHandler                       0x080000f3   Thumb Code     0  startup_gd32e23x.o(.text)
    TIMER14_IRQHandler                       0x080000f3   Thumb Code     0  startup_gd32e23x.o(.text)
    TIMER15_IRQHandler                       0x080000f3   Thumb Code     0  startup_gd32e23x.o(.text)
    TIMER16_IRQHandler                       0x080000f3   Thumb Code     0  startup_gd32e23x.o(.text)
    TIMER2_IRQHandler                        0x080000f3   Thumb Code     0  startup_gd32e23x.o(.text)
    USART1_IRQHandler                        0x080000f3   Thumb Code     0  startup_gd32e23x.o(.text)
    WWDGT_IRQHandler                         0x080000f3   Thumb Code     0  startup_gd32e23x.o(.text)
    __aeabi_uldivmod                         0x080000fd   Thumb Code    96  uldiv.o(.text)
    __aeabi_lmul                             0x0800015d   Thumb Code    48  llmul.o(.text)
    _ll_mul                                  0x0800015d   Thumb Code     0  llmul.o(.text)
    __aeabi_fadd                             0x0800018d   Thumb Code   162  fadd.o(.text)
    __aeabi_fsub                             0x0800022f   Thumb Code     8  fadd.o(.text)
    __aeabi_frsub                            0x08000237   Thumb Code     8  fadd.o(.text)
    __aeabi_fmul                             0x0800023f   Thumb Code   122  fmul.o(.text)
    __aeabi_fdiv                             0x080002b9   Thumb Code   124  fdiv.o(.text)
    __aeabi_fcmplt                           0x08000335   Thumb Code    28  fcmplt.o(.text)
    __aeabi_fcmpgt                           0x08000351   Thumb Code    28  fcmpgt.o(.text)
    __aeabi_dcmpge                           0x0800036d   Thumb Code    44  dcmpge.o(.text)
    __aeabi_i2f                              0x08000399   Thumb Code    22  fflti.o(.text)
    __aeabi_ui2f                             0x080003af   Thumb Code    14  ffltui.o(.text)
    __aeabi_f2d                              0x080003bd   Thumb Code    40  f2d.o(.text)
    __aeabi_llsl                             0x080003e5   Thumb Code    32  llshl.o(.text)
    _ll_shift_l                              0x080003e5   Thumb Code     0  llshl.o(.text)
    __aeabi_llsr                             0x08000405   Thumb Code    34  llushr.o(.text)
    _ll_ushift_r                             0x08000405   Thumb Code     0  llushr.o(.text)
    __I$use$fp                               0x08000427   Thumb Code     0  iusefp.o(.text)
    _float_round                             0x08000427   Thumb Code    16  fepilogue.o(.text)
    _float_epilogue                          0x08000437   Thumb Code   114  fepilogue.o(.text)
    __aeabi_dadd                             0x080004a9   Thumb Code   328  dadd.o(.text)
    __aeabi_dsub                             0x080005f1   Thumb Code    12  dadd.o(.text)
    __aeabi_drsub                            0x080005fd   Thumb Code    12  dadd.o(.text)
    __aeabi_dmul                             0x0800060d   Thumb Code   202  dmul.o(.text)
    __aeabi_ddiv                             0x080006dd   Thumb Code   234  ddiv.o(.text)
    __aeabi_d2ulz                            0x080007cd   Thumb Code    54  dfixul.o(.text)
    __aeabi_cdrcmple                         0x0800080d   Thumb Code    38  cdrcmple.o(.text)
    __scatterload                            0x08000835   Thumb Code    28  init.o(.text)
    __scatterload_rt2                        0x08000835   Thumb Code     0  init.o(.text)
    __aeabi_uidiv$div0                       0x08000859   Thumb Code     0  uidiv_div0.o(.text)
    __aeabi_uidivmod                         0x08000859   Thumb Code    62  uidiv_div0.o(.text)
    __aeabi_lasr                             0x08000897   Thumb Code    38  llsshr.o(.text)
    _ll_sshift_r                             0x08000897   Thumb Code     0  llsshr.o(.text)
    _double_round                            0x080008bd   Thumb Code    26  depilogue.o(.text)
    _double_epilogue                         0x080008d7   Thumb Code   164  depilogue.o(.text)
    __decompress                             0x0800097b   Thumb Code     0  __dczerorl2.o(.text)
    __decompress1                            0x0800097b   Thumb Code    86  __dczerorl2.o(.text)
    Adc_Init                                 0x080009d1   Thumb Code   120  user_cfg.o(.text.Adc_Init)
    App_Handler                              0x08000a51   Thumb Code    36  app.o(.text.App_Handler)
    App_Init                                 0x08000a75   Thumb Code   116  app.o(.text.App_Init)
    CalculateChecksum                        0x08000ae9   Thumb Code    74  bsp_meter_v9260.o(.text.CalculateChecksum)
    DMA_Channel1_2_IRQHandler                0x08000b33   Thumb Code    48  gd32e23x_it.o(.text.DMA_Channel1_2_IRQHandler)
    Fwdgt_Config                             0x08000b63   Thumb Code    38  user_cfg.o(.text.Fwdgt_Config)
    Fwdgt_Free                               0x08000b89   Thumb Code     8  user_cfg.o(.text.Fwdgt_Free)
    HardFault_Handler                        0x08000b91   Thumb Code     4  gd32e23x_it.o(.text.HardFault_Handler)
    Key_Touch_Handler                        0x08000b95   Thumb Code    96  key_touch_process.o(.text.Key_Touch_Handler)
    Key_Touch_Init                           0x08000bfd   Thumb Code    48  key_touch_process.o(.text.Key_Touch_Init)
    Led_Handler                              0x08000c31   Thumb Code    36  bsp_led.o(.text.Led_Handler)
    Meter_V9260_Port_Init                    0x08000c59   Thumb Code    40  bsp_meter_v9260.o(.text.Meter_V9260_Port_Init)
    Meter_V9260_read_currentevel             0x08000c85   Thumb Code   260  bsp_meter_v9260.o(.text.Meter_V9260_read_currentevel)
    Meter_V9260_read_energyevel              0x08000d89   Thumb Code   276  bsp_meter_v9260.o(.text.Meter_V9260_read_energyevel)
    Meter_V9260_read_ulevel                  0x08000e9d   Thumb Code   268  bsp_meter_v9260.o(.text.Meter_V9260_read_ulevel)
    Meter_V9260_write                        0x08000fad   Thumb Code   100  bsp_meter_v9260.o(.text.Meter_V9260_write)
    Meter_parameter_update                   0x08001015   Thumb Code    44  app_meter.o(.text.Meter_parameter_update)
    OLED_Clear                               0x08001041   Thumb Code    92  bsp_oled.o(.text.OLED_Clear)
    OLED_ClearPoint                          0x0800109d   Thumb Code    96  bsp_oled.o(.text.OLED_ClearPoint)
    OLED_DrawPoint                           0x080010fd   Thumb Code    68  bsp_oled.o(.text.OLED_DrawPoint)
    OLED_Refresh                             0x08001141   Thumb Code   120  bsp_oled.o(.text.OLED_Refresh)
    OLED_ShowChar                            0x080011bd   Thumb Code   252  bsp_oled.o(.text.OLED_ShowChar)
    OLED_ShowString                          0x080012bd   Thumb Code   148  bsp_oled.o(.text.OLED_ShowString)
    Oled_Handler                             0x08001351   Thumb Code    48  bsp_oled.o(.text.Oled_Handler)
    Realcheck_Handler                        0x08001389   Thumb Code    16  app_realcheck.o(.text.Realcheck_Handler)
    Realcheck_Init                           0x08001399   Thumb Code     2  app_realcheck.o(.text.Realcheck_Init)
    SysTick_Handler                          0x080013e9   Thumb Code     8  gd32e23x_it.o(.text.SysTick_Handler)
    SystemInit                               0x080013f1   Thumb Code   216  system_gd32e23x.o(.text.SystemInit)
    TIMER5_IRQHandler                        0x080014ed   Thumb Code   336  app.o(.text.TIMER5_IRQHandler)
    TimeOutDet_Check                         0x08001659   Thumb Code    40  timeout.o(.text.TimeOutDet_Check)
    TimeOutDet_DecHandle                     0x08001681   Thumb Code    12  timeout.o(.text.TimeOutDet_DecHandle)
    TimeOutDet_Init                          0x0800168d   Thumb Code     8  timeout.o(.text.TimeOutDet_Init)
    TimeOut_BaseValue                        0x08001695   Thumb Code     8  timeout.o(.text.TimeOut_BaseValue)
    TimeOut_Record                           0x080016a1   Thumb Code    26  timeout.o(.text.TimeOut_Record)
    Timer5_Base                              0x080016bd   Thumb Code    88  user_cfg.o(.text.Timer5_Base)
    USART0_IRQHandler                        0x0800171d   Thumb Code   104  hw_api_usart.o(.text.USART0_IRQHandler)
    Uart1_Init                               0x08001791   Thumb Code    96  user_cfg.o(.text.Uart1_Init)
    UpdateRaccoonPara                        0x080017fd   Thumb Code   136  bsp_meter_v9260.o(.text.UpdateRaccoonPara)
    V9260_InitDefaultPara                    0x08001885   Thumb Code    44  bsp_meter_v9260.o(.text.V9260_InitDefaultPara)
    WriteFlashTest                           0x080018d1   Thumb Code   108  drv_common.o(.text.WriteFlashTest)
    adc_calibration_enable                   0x08001c95   Thumb Code    56  gd32e23x_adc.o(.text.adc_calibration_enable)
    adc_channel_length_config                0x08001ccd   Thumb Code    96  gd32e23x_adc.o(.text.adc_channel_length_config)
    adc_channel_sample                       0x08001d35   Thumb Code   146  drv_common.o(.text.adc_channel_sample)
    adc_data_alignment_config                0x08001dc9   Thumb Code    44  gd32e23x_adc.o(.text.adc_data_alignment_config)
    adc_enable                               0x08001df5   Thumb Code    24  gd32e23x_adc.o(.text.adc_enable)
    adc_external_trigger_config              0x08001e0d   Thumb Code   124  gd32e23x_adc.o(.text.adc_external_trigger_config)
    adc_external_trigger_source_config       0x08001e89   Thumb Code    80  gd32e23x_adc.o(.text.adc_external_trigger_source_config)
    adc_flag_clear                           0x08001edd   Thumb Code    20  gd32e23x_adc.o(.text.adc_flag_clear)
    adc_flag_get                             0x08001ef1   Thumb Code    40  gd32e23x_adc.o(.text.adc_flag_get)
    adc_regular_channel_config               0x08001f1d   Thumb Code   328  gd32e23x_adc.o(.text.adc_regular_channel_config)
    adc_regular_data_read                    0x08002079   Thumb Code     8  gd32e23x_adc.o(.text.adc_regular_data_read)
    adc_resolution_config                    0x08002085   Thumb Code    28  gd32e23x_adc.o(.text.adc_resolution_config)
    adc_software_trigger_enable              0x080020a1   Thumb Code    60  gd32e23x_adc.o(.text.adc_software_trigger_enable)
    adc_special_function_config              0x080020dd   Thumb Code   172  gd32e23x_adc.o(.text.adc_special_function_config)
    app_charge_ctl_handle                    0x08002191   Thumb Code  2044  app_chargectl.o(.text.app_charge_ctl_handle)
    app_charge_ctl_process                   0x080029b5   Thumb Code    12  app_chargectl.o(.text.app_charge_ctl_process)
    app_chargectl_get_charge_info            0x080029c1   Thumb Code     4  app_chargectl.o(.text.app_chargectl_get_charge_info)
    app_chargectl_get_system_para            0x080029c9   Thumb Code     4  app_chargectl.o(.text.app_chargectl_get_system_para)
    app_common_get_avg_abandon_some_extr     0x080029d1   Thumb Code   412  app_common.o(.text.app_common_get_avg_abandon_some_extr)
    app_get_input_io_simulation_value        0x08002b6d   Thumb Code   192  app_realcheck.o(.text.app_get_input_io_simulation_value)
    app_mainctl_process                      0x08002c31   Thumb Code     8  app_mainctl.o(.text.app_mainctl_process)
    app_target_sys_para_init                 0x08002c39   Thumb Code    32  app_target.o(.text.app_target_sys_para_init)
    app_v9260s_get_meter_info                0x08002ca9   Thumb Code     4  bsp_meter_v9260.o(.text.app_v9260s_get_meter_info)
    delay_increment                          0x080030b1   Thumb Code    20  systick.o(.text.delay_increment)
    delay_ms                                 0x080030c5   Thumb Code    52  systick.o(.text.delay_ms)
    dma_channel_disable                      0x080031d1   Thumb Code    28  gd32e23x_dma.o(.text.dma_channel_disable)
    dma_channel_enable                       0x080031ed   Thumb Code    28  gd32e23x_dma.o(.text.dma_channel_enable)
    dma_circulation_disable                  0x08003209   Thumb Code    28  gd32e23x_dma.o(.text.dma_circulation_disable)
    dma_deinit                               0x08003225   Thumb Code    88  gd32e23x_dma.o(.text.dma_deinit)
    dma_flag_clear                           0x0800327d   Thumb Code    32  gd32e23x_dma.o(.text.dma_flag_clear)
    dma_flag_get                             0x0800329d   Thumb Code    52  gd32e23x_dma.o(.text.dma_flag_get)
    dma_init                                 0x080032d1   Thumb Code   268  gd32e23x_dma.o(.text.dma_init)
    dma_interrupt_flag_clear                 0x080033e5   Thumb Code    32  gd32e23x_dma.o(.text.dma_interrupt_flag_clear)
    dma_interrupt_flag_get                   0x08003409   Thumb Code   188  gd32e23x_dma.o(.text.dma_interrupt_flag_get)
    dma_memory_to_memory_disable             0x080034c9   Thumb Code    32  gd32e23x_dma.o(.text.dma_memory_to_memory_disable)
    dma_transfer_number_config               0x080034ed   Thumb Code    32  gd32e23x_dma.o(.text.dma_transfer_number_config)
    drv_common_cp_vol_get                    0x08003511   Thumb Code    56  drv_common.o(.text.drv_common_cp_vol_get)
    drv_common_diode_vol_get                 0x08003549   Thumb Code    56  drv_common.o(.text.drv_common_diode_vol_get)
    drv_common_earth_vol_get                 0x08003589   Thumb Code    36  drv_common.o(.text.drv_common_earth_vol_get)
    drv_common_gpio_init                     0x080035ad   Thumb Code   356  drv_common.o(.text.drv_common_gpio_init)
    drv_common_set_cp_pwm                    0x0800371d   Thumb Code   224  drv_common.o(.text.drv_common_set_cp_pwm)
    drv_common_set_gpio_status               0x08003809   Thumb Code   140  drv_common.o(.text.drv_common_set_gpio_status)
    drv_common_synncehianL_vol_get           0x0800389d   Thumb Code    56  drv_common.o(.text.drv_common_synncehianL_vol_get)
    drv_common_synncehianN_vol_get           0x080038e5   Thumb Code    56  drv_common.o(.text.drv_common_synncehianN_vol_get)
    drv_common_temp_environment_vol_get      0x0800392d   Thumb Code    36  drv_common.o(.text.drv_common_temp_environment_vol_get)
    drv_common_temperature_vol_get           0x08003951   Thumb Code    36  drv_common.o(.text.drv_common_temperature_vol_get)
    drv_common_usart0_init                   0x08003979   Thumb Code   192  drv_common.o(.text.drv_common_usart0_init)
    drv_common_usart0_send                   0x08003a41   Thumb Code    76  drv_common.o(.text.drv_common_usart0_send)
    fmc_flag_clear                           0x08003ae5   Thumb Code    16  gd32e23x_fmc.o(.text.fmc_flag_clear)
    fmc_lock                                 0x08003af5   Thumb Code    12  gd32e23x_fmc.o(.text.fmc_lock)
    fmc_page_erase                           0x08003b01   Thumb Code    88  gd32e23x_fmc.o(.text.fmc_page_erase)
    fmc_ready_wait                           0x08003b5d   Thumb Code    90  gd32e23x_fmc.o(.text.fmc_ready_wait)
    fmc_state_get                            0x08003bb9   Thumb Code    80  gd32e23x_fmc.o(.text.fmc_state_get)
    fmc_unlock                               0x08003c0d   Thumb Code    28  gd32e23x_fmc.o(.text.fmc_unlock)
    fmc_word_program                         0x08003c35   Thumb Code    80  gd32e23x_fmc.o(.text.fmc_word_program)
    fputc                                    0x08003c89   Thumb Code    40  hw_api_usart.o(.text.fputc)
    fwdgt_config                             0x08003cb9   Thumb Code   196  gd32e23x_fwdgt.o(.text.fwdgt_config)
    fwdgt_counter_reload                     0x08003d95   Thumb Code     8  gd32e23x_fwdgt.o(.text.fwdgt_counter_reload)
    fwdgt_enable                             0x08003da1   Thumb Code     8  gd32e23x_fwdgt.o(.text.fwdgt_enable)
    get_oled_keypad_curr_flashdata           0x08003db1   Thumb Code   100  app_chargectl.o(.text.get_oled_keypad_curr_flashdata)
    get_os_ticks_ms                          0x08003e19   Thumb Code     8  systick.o(.text.get_os_ticks_ms)
    get_os_ticks_s                           0x08003e21   Thumb Code    18  systick.o(.text.get_os_ticks_s)
    gpio_af_set                              0x08003e33   Thumb Code   192  gd32e23x_gpio.o(.text.gpio_af_set)
    gpio_bit_reset                           0x08003ef3   Thumb Code    16  gd32e23x_gpio.o(.text.gpio_bit_reset)
    gpio_bit_set                             0x08003f03   Thumb Code    16  gd32e23x_gpio.o(.text.gpio_bit_set)
    gpio_bit_write                           0x08003f13   Thumb Code    36  gd32e23x_gpio.o(.text.gpio_bit_write)
    gpio_config_SPI                          0x08003f39   Thumb Code   164  bsp_oled.o(.text.gpio_config_SPI)
    gpio_input_bit_get                       0x08003fe5   Thumb Code    42  gd32e23x_gpio.o(.text.gpio_input_bit_get)
    gpio_mode_set                            0x0800400f   Thumb Code   142  gd32e23x_gpio.o(.text.gpio_mode_set)
    gpio_output_options_set                  0x0800409d   Thumb Code   138  gd32e23x_gpio.o(.text.gpio_output_options_set)
    hw_api_uart_check_seqeue_empty           0x08004129   Thumb Code    28  hw_api_usart.o(.text.hw_api_uart_check_seqeue_empty)
    hw_api_uart_clear_rcv_data               0x08004145   Thumb Code    36  hw_api_usart.o(.text.hw_api_uart_clear_rcv_data)
    hw_api_uart_dequeue                      0x08004169   Thumb Code    28  hw_api_usart.o(.text.hw_api_uart_dequeue)
    hw_api_usart_data_init                   0x08004185   Thumb Code   108  hw_api_usart.o(.text.hw_api_usart_data_init)
    main                                     0x080041fd   Thumb Code    20  main.o(.text.main)
    nvic_irq_enable                          0x08004391   Thumb Code    42  gd32e23x_misc.o(.text.nvic_irq_enable)
    nvic_vector_table_set                    0x080043bd   Thumb Code    28  gd32e23x_misc.o(.text.nvic_vector_table_set)
    ob_lock                                  0x080043e1   Thumb Code    16  gd32e23x_fmc.o(.text.ob_lock)
    ob_unlock                                0x080043f1   Thumb Code    44  gd32e23x_fmc.o(.text.ob_unlock)
    rcu_adc_clock_config                     0x0800442d   Thumb Code   384  gd32e23x_rcu.o(.text.rcu_adc_clock_config)
    rcu_clock_freq_get                       0x080045b9   Thumb Code   724  gd32e23x_rcu.o(.text.rcu_clock_freq_get)
    rcu_config_SPI                           0x080048b1   Thumb Code    16  bsp_oled.o(.text.rcu_config_SPI)
    rcu_flag_get                             0x080048c9   Thumb Code    52  gd32e23x_rcu.o(.text.rcu_flag_get)
    rcu_osci_on                              0x080048fd   Thumb Code    36  gd32e23x_rcu.o(.text.rcu_osci_on)
    rcu_osci_stab_wait                       0x08004921   Thumb Code   540  gd32e23x_rcu.o(.text.rcu_osci_stab_wait)
    rcu_periph_clock_enable                  0x08004b55   Thumb Code    36  gd32e23x_rcu.o(.text.rcu_periph_clock_enable)
    rcu_periph_reset_disable                 0x08004b79   Thumb Code    36  gd32e23x_rcu.o(.text.rcu_periph_reset_disable)
    rcu_periph_reset_enable                  0x08004b9d   Thumb Code    36  gd32e23x_rcu.o(.text.rcu_periph_reset_enable)
    spi_config                               0x08004bc5   Thumb Code    72  bsp_oled.o(.text.spi_config)
    spi_config_send                          0x08004c0d   Thumb Code   128  bsp_oled.o(.text.spi_config_send)
    spi_enable                               0x08004c91   Thumb Code    18  gd32e23x_spi.o(.text.spi_enable)
    spi_i2s_data_transmit                    0x08004ca5   Thumb Code    76  gd32e23x_spi.o(.text.spi_i2s_data_transmit)
    spi_i2s_deinit                           0x08004cf1   Thumb Code    68  gd32e23x_spi.o(.text.spi_i2s_deinit)
    spi_i2s_flag_get                         0x08004d39   Thumb Code   124  gd32e23x_spi.o(.text.spi_i2s_flag_get)
    spi_init                                 0x08004db9   Thumb Code   304  gd32e23x_spi.o(.text.spi_init)
    spi_send_to_qg2864_init                  0x08004ef1   Thumb Code   404  bsp_oled.o(.text.spi_send_to_qg2864_init)
    spi_struct_para_init                     0x080050a1   Thumb Code    42  gd32e23x_spi.o(.text.spi_struct_para_init)
    systick_config                           0x080051b5   Thumb Code    36  systick.o(.text.systick_config)
    timer_auto_reload_shadow_enable          0x080051dd   Thumb Code    18  gd32e23x_timer.o(.text.timer_auto_reload_shadow_enable)
    timer_channel_output_config              0x080051f1   Thumb Code   740  gd32e23x_timer.o(.text.timer_channel_output_config)
    timer_channel_output_mode_config         0x080054e5   Thumb Code   158  gd32e23x_timer.o(.text.timer_channel_output_mode_config)
    timer_channel_output_pulse_value_config  0x08005585   Thumb Code    82  gd32e23x_timer.o(.text.timer_channel_output_pulse_value_config)
    timer_channel_output_shadow_config       0x080055d9   Thumb Code   158  gd32e23x_timer.o(.text.timer_channel_output_shadow_config)
    timer_deinit                             0x08005679   Thumb Code   200  gd32e23x_timer.o(.text.timer_deinit)
    timer_dma_enable                         0x08005761   Thumb Code    22  gd32e23x_timer.o(.text.timer_dma_enable)
    timer_dma_transfer_config                0x08005779   Thumb Code    36  gd32e23x_timer.o(.text.timer_dma_transfer_config)
    timer_enable                             0x080057a1   Thumb Code    18  gd32e23x_timer.o(.text.timer_enable)
    timer_init                               0x080057b5   Thumb Code   228  gd32e23x_timer.o(.text.timer_init)
    timer_interrupt_enable                   0x080058b1   Thumb Code    20  gd32e23x_timer.o(.text.timer_interrupt_enable)
    timer_interrupt_flag_clear               0x080058c5   Thumb Code    18  gd32e23x_timer.o(.text.timer_interrupt_flag_clear)
    timer_interrupt_flag_get                 0x080058d7   Thumb Code    58  gd32e23x_timer.o(.text.timer_interrupt_flag_get)
    timer_primary_output_config              0x08005911   Thumb Code    48  gd32e23x_timer.o(.text.timer_primary_output_config)
    timer_struct_para_init                   0x08005941   Thumb Code    36  gd32e23x_timer.o(.text.timer_struct_para_init)
    u64_systick_get                          0x08005969   Thumb Code     8  systick.o(.text.u64_systick_get)
    usart_baudrate_set                       0x080059ad   Thumb Code   172  gd32e23x_usart.o(.text.usart_baudrate_set)
    usart_data_receive                       0x08005a5d   Thumb Code    16  gd32e23x_usart.o(.text.usart_data_receive)
    usart_data_transmit                      0x08005a6d   Thumb Code    20  gd32e23x_usart.o(.text.usart_data_transmit)
    usart_deinit                             0x08005a85   Thumb Code    68  gd32e23x_usart.o(.text.usart_deinit)
    usart_enable                             0x08005ad9   Thumb Code    18  gd32e23x_usart.o(.text.usart_enable)
    usart_flag_get                           0x08005aeb   Thumb Code    60  gd32e23x_usart.o(.text.usart_flag_get)
    usart_interrupt_enable                   0x08005b27   Thumb Code    34  gd32e23x_usart.o(.text.usart_interrupt_enable)
    usart_interrupt_flag_clear               0x08005b49   Thumb Code    60  gd32e23x_usart.o(.text.usart_interrupt_flag_clear)
    usart_interrupt_flag_get                 0x08005b89   Thumb Code    98  gd32e23x_usart.o(.text.usart_interrupt_flag_get)
    usart_parity_config                      0x08005beb   Thumb Code    42  gd32e23x_usart.o(.text.usart_parity_config)
    usart_receive_config                     0x08005c15   Thumb Code    30  gd32e23x_usart.o(.text.usart_receive_config)
    usart_stop_bit_set                       0x08005c33   Thumb Code    42  gd32e23x_usart.o(.text.usart_stop_bit_set)
    usart_transmit_config                    0x08005c5d   Thumb Code    30  gd32e23x_usart.o(.text.usart_transmit_config)
    usart_word_length_set                    0x08005c7b   Thumb Code    42  gd32e23x_usart.o(.text.usart_word_length_set)
    ws2812_display_color                     0x08005ca5   Thumb Code   312  bsp_led.o(.text.ws2812_display_color)
    ws2812_init                              0x08005e65   Thumb Code    68  bsp_led.o(.text.ws2812_init)
    __0printf                                0x08006101   Thumb Code    24  printfa.o(i.__0printf)
    __1printf                                0x08006101   Thumb Code     0  printfa.o(i.__0printf)
    __2printf                                0x08006101   Thumb Code     0  printfa.o(i.__0printf)
    __c89printf                              0x08006101   Thumb Code     0  printfa.o(i.__0printf)
    printf                                   0x08006101   Thumb Code     0  printfa.o(i.__0printf)
    __0sprintf                               0x08006121   Thumb Code    36  printfa.o(i.__0sprintf)
    __1sprintf                               0x08006121   Thumb Code     0  printfa.o(i.__0sprintf)
    __2sprintf                               0x08006121   Thumb Code     0  printfa.o(i.__0sprintf)
    __c89sprintf                             0x08006121   Thumb Code     0  printfa.o(i.__0sprintf)
    sprintf                                  0x08006121   Thumb Code     0  printfa.o(i.__0sprintf)
    __ARM_clz                                0x08006149   Thumb Code    46  depilogue.o(i.__ARM_clz)
    __scatterload_copy                       0x08006177   Thumb Code    14  handlers.o(i.__scatterload_copy)
    __scatterload_null                       0x08006185   Thumb Code     2  handlers.o(i.__scatterload_null)
    __scatterload_zeroinit                   0x08006187   Thumb Code    14  handlers.o(i.__scatterload_zeroinit)
    BLUE                                     0x08006a4a   Data           3  bsp_led.o(.rodata.BLUE)
    GREEN                                    0x08006a4d   Data           3  bsp_led.o(.rodata.GREEN)
    MAGENTA                                  0x08006a50   Data           3  bsp_led.o(.rodata.MAGENTA)
    OEANGE                                   0x08006a53   Data           3  bsp_led.o(.rodata.OEANGE)
    RED                                      0x08006a56   Data           3  bsp_led.o(.rodata.RED)
    SKY                                      0x08006a59   Data           3  bsp_led.o(.rodata.SKY)
    WHITE                                    0x08006a5c   Data           3  bsp_led.o(.rodata.WHITE)
    YELLOW                                   0x08006a5f   Data           3  bsp_led.o(.rodata.YELLOW)
    Region$$Table$$Base                      0x08006d78   Number         0  anon$$obj.o(Region$$Table)
    Region$$Table$$Limit                     0x08006d98   Number         0  anon$$obj.o(Region$$Table)
    __stdout                                 0x20000000   Data           4  stdout.o(.data)
    SystemCoreClock                          0x20000004   Data           4  system_gd32e23x.o(.data.SystemCoreClock)
    asc2_1206                                0x20000008   Data        1140  bsp_oled.o(.data.asc2_1206)
    InsBaseNum                               0x20000480   Data           4  timeout.o(.bss.InsBaseNum)
    OLED_GRAM                                0x20000490   Data        1152  bsp_oled.o(.bss.OLED_GRAM)
    Pixel_Buf                                0x20000910   Data         480  bsp_led.o(.bss.Pixel_Buf)
    app_para                                 0x20000af8   Data          32  app.o(.bss.app_para)
    gs_JbPm                                  0x20000b24   Data          44  bsp_meter_v9260.o(.bss.gs_JbPm)
    gs_RacCtrl                               0x20000b50   Data          96  bsp_meter_v9260.o(.bss.gs_RacCtrl)
    s_oled_max_curr                          0x20000c79   Data           1  app_chargectl.o(.bss.s_oled_max_curr)
    __initial_sp                             0x200011c0   Data           0  startup_gd32e23x.o(STACK)



==============================================================================

Memory Map of the image

  Image Entry point : 0x080000cd

  Load Region LR_IROM1 (Base: 0x08000000, Size: 0x00007218, Max: 0x00010000, ABSOLUTE, COMPRESSED[0x00007040])

    Execution Region ER_IROM1 (Exec base: 0x08000000, Load base: 0x08000000, Size: 0x00006d98, Max: 0x00010000, ABSOLUTE)

    Exec Addr    Load Addr    Size         Type   Attr      Idx    E Section Name        Object

    0x08000000   0x08000000   0x000000cc   Data   RO           12    RESET               startup_gd32e23x.o
    0x080000cc   0x080000cc   0x00000000   Code   RO         1632  * .ARM.Collect$$$$00000000  mc_p.l(entry.o)
    0x080000cc   0x080000cc   0x00000004   Code   RO         1687    .ARM.Collect$$$$00000001  mc_p.l(entry2.o)
    0x080000d0   0x080000d0   0x00000004   Code   RO         1690    .ARM.Collect$$$$00000004  mc_p.l(entry5.o)
    0x080000d4   0x080000d4   0x00000000   Code   RO         1692    .ARM.Collect$$$$00000008  mc_p.l(entry7b.o)
    0x080000d4   0x080000d4   0x00000000   Code   RO         1694    .ARM.Collect$$$$0000000A  mc_p.l(entry8b.o)
    0x080000d4   0x080000d4   0x00000008   Code   RO         1695    .ARM.Collect$$$$0000000B  mc_p.l(entry9a.o)
    0x080000dc   0x080000dc   0x00000000   Code   RO         1697    .ARM.Collect$$$$0000000D  mc_p.l(entry10a.o)
    0x080000dc   0x080000dc   0x00000000   Code   RO         1699    .ARM.Collect$$$$0000000F  mc_p.l(entry11a.o)
    0x080000dc   0x080000dc   0x00000004   Code   RO         1688    .ARM.Collect$$$$00002712  mc_p.l(entry2.o)
    0x080000e0   0x080000e0   0x0000001c   Code   RO           13    .text               startup_gd32e23x.o
    0x080000fc   0x080000fc   0x00000060   Code   RO         1635    .text               mc_p.l(uldiv.o)
    0x0800015c   0x0800015c   0x00000030   Code   RO         1637    .text               mc_p.l(llmul.o)
    0x0800018c   0x0800018c   0x000000b2   Code   RO         1667    .text               mf_p.l(fadd.o)
    0x0800023e   0x0800023e   0x0000007a   Code   RO         1669    .text               mf_p.l(fmul.o)
    0x080002b8   0x080002b8   0x0000007c   Code   RO         1671    .text               mf_p.l(fdiv.o)
    0x08000334   0x08000334   0x0000001c   Code   RO         1675    .text               mf_p.l(fcmplt.o)
    0x08000350   0x08000350   0x0000001c   Code   RO         1677    .text               mf_p.l(fcmpgt.o)
    0x0800036c   0x0800036c   0x0000002c   Code   RO         1679    .text               mf_p.l(dcmpge.o)
    0x08000398   0x08000398   0x00000016   Code   RO         1681    .text               mf_p.l(fflti.o)
    0x080003ae   0x080003ae   0x0000000e   Code   RO         1683    .text               mf_p.l(ffltui.o)
    0x080003bc   0x080003bc   0x00000028   Code   RO         1685    .text               mf_p.l(f2d.o)
    0x080003e4   0x080003e4   0x00000020   Code   RO         1706    .text               mc_p.l(llshl.o)
    0x08000404   0x08000404   0x00000022   Code   RO         1708    .text               mc_p.l(llushr.o)
    0x08000426   0x08000426   0x00000000   Code   RO         1710    .text               mc_p.l(iusefp.o)
    0x08000426   0x08000426   0x00000082   Code   RO         1711    .text               mf_p.l(fepilogue.o)
    0x080004a8   0x080004a8   0x00000164   Code   RO         1713    .text               mf_p.l(dadd.o)
    0x0800060c   0x0800060c   0x000000d0   Code   RO         1715    .text               mf_p.l(dmul.o)
    0x080006dc   0x080006dc   0x000000f0   Code   RO         1717    .text               mf_p.l(ddiv.o)
    0x080007cc   0x080007cc   0x00000040   Code   RO         1719    .text               mf_p.l(dfixul.o)
    0x0800080c   0x0800080c   0x00000028   Code   RO         1721    .text               mf_p.l(cdrcmple.o)
    0x08000834   0x08000834   0x00000024   Code   RO         1723    .text               mc_p.l(init.o)
    0x08000858   0x08000858   0x0000003e   Code   RO         1727    .text               mc_p.l(uidiv_div0.o)
    0x08000896   0x08000896   0x00000026   Code   RO         1733    .text               mc_p.l(llsshr.o)
    0x080008bc   0x080008bc   0x000000be   Code   RO         1735    .text               mf_p.l(depilogue.o)
    0x0800097a   0x0800097a   0x00000056   Code   RO         1747    .text               mc_p.l(__dczerorl2.o)
    0x080009d0   0x080009d0   0x00000080   Code   RO           61    .text.Adc_Init      user_cfg.o
    0x08000a50   0x08000a50   0x00000024   Code   RO           35    .text.App_Handler   app.o
    0x08000a74   0x08000a74   0x00000074   Code   RO           33    .text.App_Init      app.o
    0x08000ae8   0x08000ae8   0x0000004a   Code   RO          441    .text.CalculateChecksum  bsp_meter_v9260.o
    0x08000b32   0x08000b32   0x00000030   Code   RO           24    .text.DMA_Channel1_2_IRQHandler  gd32e23x_it.o
    0x08000b62   0x08000b62   0x00000026   Code   RO           53    .text.Fwdgt_Config  user_cfg.o
    0x08000b88   0x08000b88   0x00000008   Code   RO           55    .text.Fwdgt_Free    user_cfg.o
    0x08000b90   0x08000b90   0x00000004   Code   RO           20    .text.HardFault_Handler  gd32e23x_it.o
    0x08000b94   0x08000b94   0x00000068   Code   RO          119    .text.Key_Touch_Handler  key_touch_process.o
    0x08000bfc   0x08000bfc   0x00000034   Code   RO          117    .text.Key_Touch_Init  key_touch_process.o
    0x08000c30   0x08000c30   0x00000028   Code   RO          480    .text.Led_Handler   bsp_led.o
    0x08000c58   0x08000c58   0x0000002c   Code   RO          443    .text.Meter_V9260_Port_Init  bsp_meter_v9260.o
    0x08000c84   0x08000c84   0x00000104   Code   RO          455    .text.Meter_V9260_read_currentevel  bsp_meter_v9260.o
    0x08000d88   0x08000d88   0x00000114   Code   RO          457    .text.Meter_V9260_read_energyevel  bsp_meter_v9260.o
    0x08000e9c   0x08000e9c   0x00000110   Code   RO          453    .text.Meter_V9260_read_ulevel  bsp_meter_v9260.o
    0x08000fac   0x08000fac   0x00000068   Code   RO          451    .text.Meter_V9260_write  bsp_meter_v9260.o
    0x08001014   0x08001014   0x0000002c   Code   RO          130    .text.Meter_parameter_update  app_meter.o
    0x08001040   0x08001040   0x0000005c   Code   RO          412    .text.OLED_Clear    bsp_oled.o
    0x0800109c   0x0800109c   0x00000060   Code   RO          406    .text.OLED_ClearPoint  bsp_oled.o
    0x080010fc   0x080010fc   0x00000044   Code   RO          404    .text.OLED_DrawPoint  bsp_oled.o
    0x08001140   0x08001140   0x0000007c   Code   RO          414    .text.OLED_Refresh  bsp_oled.o
    0x080011bc   0x080011bc   0x00000100   Code   RO          408    .text.OLED_ShowChar  bsp_oled.o
    0x080012bc   0x080012bc   0x00000094   Code   RO          410    .text.OLED_ShowString  bsp_oled.o
    0x08001350   0x08001350   0x00000038   Code   RO          422    .text.Oled_Handler  bsp_oled.o
    0x08001388   0x08001388   0x00000010   Code   RO           76    .text.Realcheck_Handler  app_realcheck.o
    0x08001398   0x08001398   0x00000002   Code   RO           74    .text.Realcheck_Init  app_realcheck.o
    0x0800139a   0x0800139a   0x00000002   PAD
    0x0800139c   0x0800139c   0x0000004c   Code   RO          234    .text.SysTick_Config  systick.o
    0x080013e8   0x080013e8   0x00000008   Code   RO           22    .text.SysTick_Handler  gd32e23x_it.o
    0x080013f0   0x080013f0   0x000000fc   Code   RO          257    .text.SystemInit    system_gd32e23x.o
    0x080014ec   0x080014ec   0x0000016c   Code   RO           37    .text.TIMER5_IRQHandler  app.o
    0x08001658   0x08001658   0x00000028   Code   RO          284    .text.TimeOutDet_Check  timeout.o
    0x08001680   0x08001680   0x0000000c   Code   RO          276    .text.TimeOutDet_DecHandle  timeout.o
    0x0800168c   0x0800168c   0x00000008   Code   RO          274    .text.TimeOutDet_Init  timeout.o
    0x08001694   0x08001694   0x0000000c   Code   RO          278    .text.TimeOut_BaseValue  timeout.o
    0x080016a0   0x080016a0   0x0000001a   Code   RO          280    .text.TimeOut_Record  timeout.o
    0x080016ba   0x080016ba   0x00000002   PAD
    0x080016bc   0x080016bc   0x00000060   Code   RO           57    .text.Timer5_Base   user_cfg.o
    0x0800171c   0x0800171c   0x00000074   Code   RO          334    .text.USART0_IRQHandler  hw_api_usart.o
    0x08001790   0x08001790   0x0000006c   Code   RO           51    .text.Uart1_Init    user_cfg.o
    0x080017fc   0x080017fc   0x00000088   Code   RO          449    .text.UpdateRaccoonPara  bsp_meter_v9260.o
    0x08001884   0x08001884   0x0000004c   Code   RO          447    .text.V9260_InitDefaultPara  bsp_meter_v9260.o
    0x080018d0   0x080018d0   0x0000006c   Code   RO          380    .text.WriteFlashTest  drv_common.o
    0x0800193c   0x0800193c   0x00000034   Code   RO          972    .text.__NVIC_EnableIRQ  gd32e23x_misc.o
    0x08001970   0x08001970   0x00000080   Code   RO          236    .text.__NVIC_SetPriority  systick.o
    0x080019f0   0x080019f0   0x00000088   Code   RO          970    .text.__NVIC_SetPriority  gd32e23x_misc.o
    0x08001a78   0x08001a78   0x0000021c   Code   RO          155    .text.ac_charge_cp_status_get  app_chargectl.o
    0x08001c94   0x08001c94   0x00000038   Code   RO          524    .text.adc_calibration_enable  gd32e23x_adc.o
    0x08001ccc   0x08001ccc   0x00000068   Code   RO          540    .text.adc_channel_length_config  gd32e23x_adc.o
    0x08001d34   0x08001d34   0x00000092   Code   RO          356    .text.adc_channel_sample  drv_common.o
    0x08001dc6   0x08001dc6   0x00000002   PAD
    0x08001dc8   0x08001dc8   0x0000002c   Code   RO          538    .text.adc_data_alignment_config  gd32e23x_adc.o
    0x08001df4   0x08001df4   0x00000018   Code   RO          520    .text.adc_enable    gd32e23x_adc.o
    0x08001e0c   0x08001e0c   0x0000007c   Code   RO          548    .text.adc_external_trigger_config  gd32e23x_adc.o
    0x08001e88   0x08001e88   0x00000054   Code   RO          550    .text.adc_external_trigger_source_config  gd32e23x_adc.o
    0x08001edc   0x08001edc   0x00000014   Code   RO          560    .text.adc_flag_clear  gd32e23x_adc.o
    0x08001ef0   0x08001ef0   0x0000002c   Code   RO          558    .text.adc_flag_get  gd32e23x_adc.o
    0x08001f1c   0x08001f1c   0x0000015c   Code   RO          542    .text.adc_regular_channel_config  gd32e23x_adc.o
    0x08002078   0x08002078   0x0000000c   Code   RO          554    .text.adc_regular_data_read  gd32e23x_adc.o
    0x08002084   0x08002084   0x0000001c   Code   RO          578    .text.adc_resolution_config  gd32e23x_adc.o
    0x080020a0   0x080020a0   0x0000003c   Code   RO          552    .text.adc_software_trigger_enable  gd32e23x_adc.o
    0x080020dc   0x080020dc   0x000000b4   Code   RO          536    .text.adc_special_function_config  gd32e23x_adc.o
    0x08002190   0x08002190   0x00000824   Code   RO          147    .text.app_charge_ctl_handle  app_chargectl.o
    0x080029b4   0x080029b4   0x0000000c   Code   RO          153    .text.app_charge_ctl_process  app_chargectl.o
    0x080029c0   0x080029c0   0x00000008   Code   RO          141    .text.app_chargectl_get_charge_info  app_chargectl.o
    0x080029c8   0x080029c8   0x00000008   Code   RO          143    .text.app_chargectl_get_system_para  app_chargectl.o
    0x080029d0   0x080029d0   0x0000019c   Code   RO          106    .text.app_common_get_avg_abandon_some_extr  app_common.o
    0x08002b6c   0x08002b6c   0x000000c4   Code   RO           70    .text.app_get_input_io_simulation_value  app_realcheck.o
    0x08002c30   0x08002c30   0x00000008   Code   RO          181    .text.app_mainctl_process  app_mainctl.o
    0x08002c38   0x08002c38   0x00000024   Code   RO          507    .text.app_target_sys_para_init  app_target.o
    0x08002c5c   0x08002c5c   0x0000004c   Code   RO           84    .text.app_thermistor_temperature_get  app_realcheck.o
    0x08002ca8   0x08002ca8   0x00000008   Code   RO          439    .text.app_v9260s_get_meter_info  bsp_meter_v9260.o
    0x08002cb0   0x08002cb0   0x00000380   Code   RO          151    .text.charge_ctl_check_err  app_chargectl.o
    0x08003030   0x08003030   0x00000058   Code   RO          149    .text.charge_ctl_preparecharge_init_data  app_chargectl.o
    0x08003088   0x08003088   0x00000028   Code   RO          324    .text.check_seqeue_empty  hw_api_usart.o
    0x080030b0   0x080030b0   0x00000014   Code   RO          246    .text.delay_increment  systick.o
    0x080030c4   0x080030c4   0x0000003c   Code   RO          238    .text.delay_ms      systick.o
    0x08003100   0x08003100   0x0000004e   Code   RO          328    .text.dequeue       hw_api_usart.o
    0x0800314e   0x0800314e   0x00000002   PAD
    0x08003150   0x08003150   0x0000007c   Code   RO           82    .text.detection_adc_input  app_realcheck.o
    0x080031cc   0x080031cc   0x00000002   Code   RO           78    .text.detection_alloc_input_port  app_realcheck.o
    0x080031ce   0x080031ce   0x00000002   PAD
    0x080031d0   0x080031d0   0x0000001c   Code   RO          676    .text.dma_channel_disable  gd32e23x_dma.o
    0x080031ec   0x080031ec   0x0000001c   Code   RO          686    .text.dma_channel_enable  gd32e23x_dma.o
    0x08003208   0x08003208   0x0000001c   Code   RO          680    .text.dma_circulation_disable  gd32e23x_dma.o
    0x08003224   0x08003224   0x00000058   Code   RO          670    .text.dma_deinit    gd32e23x_dma.o
    0x0800327c   0x0800327c   0x00000020   Code   RO          714    .text.dma_flag_clear  gd32e23x_dma.o
    0x0800329c   0x0800329c   0x00000034   Code   RO          712    .text.dma_flag_get  gd32e23x_dma.o
    0x080032d0   0x080032d0   0x00000114   Code   RO          674    .text.dma_init      gd32e23x_dma.o
    0x080033e4   0x080033e4   0x00000024   Code   RO          718    .text.dma_interrupt_flag_clear  gd32e23x_dma.o
    0x08003408   0x08003408   0x000000c0   Code   RO          716    .text.dma_interrupt_flag_get  gd32e23x_dma.o
    0x080034c8   0x080034c8   0x00000024   Code   RO          684    .text.dma_memory_to_memory_disable  gd32e23x_dma.o
    0x080034ec   0x080034ec   0x00000024   Code   RO          692    .text.dma_transfer_number_config  gd32e23x_dma.o
    0x08003510   0x08003510   0x00000038   Code   RO          358    .text.drv_common_cp_vol_get  drv_common.o
    0x08003548   0x08003548   0x00000040   Code   RO          366    .text.drv_common_diode_vol_get  drv_common.o
    0x08003588   0x08003588   0x00000024   Code   RO          360    .text.drv_common_earth_vol_get  drv_common.o
    0x080035ac   0x080035ac   0x00000170   Code   RO          374    .text.drv_common_gpio_init  drv_common.o
    0x0800371c   0x0800371c   0x000000ec   Code   RO          378    .text.drv_common_set_cp_pwm  drv_common.o
    0x08003808   0x08003808   0x00000094   Code   RO          376    .text.drv_common_set_gpio_status  drv_common.o
    0x0800389c   0x0800389c   0x00000048   Code   RO          368    .text.drv_common_synncehianL_vol_get  drv_common.o
    0x080038e4   0x080038e4   0x00000048   Code   RO          370    .text.drv_common_synncehianN_vol_get  drv_common.o
    0x0800392c   0x0800392c   0x00000024   Code   RO          364    .text.drv_common_temp_environment_vol_get  drv_common.o
    0x08003950   0x08003950   0x00000028   Code   RO          362    .text.drv_common_temperature_vol_get  drv_common.o
    0x08003978   0x08003978   0x000000c8   Code   RO          350    .text.drv_common_usart0_init  drv_common.o
    0x08003a40   0x08003a40   0x00000050   Code   RO          352    .text.drv_common_usart0_send  drv_common.o
    0x08003a90   0x08003a90   0x00000054   Code   RO          338    .text.enqueue       hw_api_usart.o
    0x08003ae4   0x08003ae4   0x00000010   Code   RO          814    .text.fmc_flag_clear  gd32e23x_fmc.o
    0x08003af4   0x08003af4   0x0000000c   Code   RO          764    .text.fmc_lock      gd32e23x_fmc.o
    0x08003b00   0x08003b00   0x0000005c   Code   RO          772    .text.fmc_page_erase  gd32e23x_fmc.o
    0x08003b5c   0x08003b5c   0x0000005a   Code   RO          774    .text.fmc_ready_wait  gd32e23x_fmc.o
    0x08003bb6   0x08003bb6   0x00000002   PAD
    0x08003bb8   0x08003bb8   0x00000054   Code   RO          820    .text.fmc_state_get  gd32e23x_fmc.o
    0x08003c0c   0x08003c0c   0x00000028   Code   RO          762    .text.fmc_unlock    gd32e23x_fmc.o
    0x08003c34   0x08003c34   0x00000054   Code   RO          780    .text.fmc_word_program  gd32e23x_fmc.o
    0x08003c88   0x08003c88   0x00000030   Code   RO          318    .text.fputc         hw_api_usart.o
    0x08003cb8   0x08003cb8   0x000000dc   Code   RO          843    .text.fwdgt_config  gd32e23x_fwdgt.o
    0x08003d94   0x08003d94   0x0000000c   Code   RO          841    .text.fwdgt_counter_reload  gd32e23x_fwdgt.o
    0x08003da0   0x08003da0   0x00000010   Code   RO          833    .text.fwdgt_enable  gd32e23x_fwdgt.o
    0x08003db0   0x08003db0   0x00000068   Code   RO          145    .text.get_oled_keypad_curr_flashdata  app_chargectl.o
    0x08003e18   0x08003e18   0x00000008   Code   RO          244    .text.get_os_ticks_ms  systick.o
    0x08003e20   0x08003e20   0x00000012   Code   RO          240    .text.get_os_ticks_s  systick.o
    0x08003e32   0x08003e32   0x000000c0   Code   RO          876    .text.gpio_af_set   gd32e23x_gpio.o
    0x08003ef2   0x08003ef2   0x00000010   Code   RO          862    .text.gpio_bit_reset  gd32e23x_gpio.o
    0x08003f02   0x08003f02   0x00000010   Code   RO          860    .text.gpio_bit_set  gd32e23x_gpio.o
    0x08003f12   0x08003f12   0x00000024   Code   RO          864    .text.gpio_bit_write  gd32e23x_gpio.o
    0x08003f36   0x08003f36   0x00000002   PAD
    0x08003f38   0x08003f38   0x000000ac   Code   RO          390    .text.gpio_config_SPI  bsp_oled.o
    0x08003fe4   0x08003fe4   0x0000002a   Code   RO          868    .text.gpio_input_bit_get  gd32e23x_gpio.o
    0x0800400e   0x0800400e   0x0000008e   Code   RO          856    .text.gpio_mode_set  gd32e23x_gpio.o
    0x0800409c   0x0800409c   0x0000008a   Code   RO          858    .text.gpio_output_options_set  gd32e23x_gpio.o
    0x08004126   0x08004126   0x00000002   PAD
    0x08004128   0x08004128   0x0000001c   Code   RO          322    .text.hw_api_uart_check_seqeue_empty  hw_api_usart.o
    0x08004144   0x08004144   0x00000024   Code   RO          320    .text.hw_api_uart_clear_rcv_data  hw_api_usart.o
    0x08004168   0x08004168   0x0000001c   Code   RO          326    .text.hw_api_uart_dequeue  hw_api_usart.o
    0x08004184   0x08004184   0x00000078   Code   RO          330    .text.hw_api_usart_data_init  hw_api_usart.o
    0x080041fc   0x080041fc   0x00000014   Code   RO            2    .text.main          main.o
    0x08004210   0x08004210   0x0000011c   Code   RO          183    .text.main_change_ground_detection_handle  app_mainctl.o
    0x0800432c   0x0800432c   0x00000002   Code   RO          132    .text.meter_9260_receive_number_handle  app_meter.o
    0x0800432e   0x0800432e   0x00000062   Code   RO           80    .text.meter_value_get  app_realcheck.o
    0x08004390   0x08004390   0x0000002a   Code   RO          968    .text.nvic_irq_enable  gd32e23x_misc.o
    0x080043ba   0x080043ba   0x00000002   PAD
    0x080043bc   0x080043bc   0x00000024   Code   RO          982    .text.nvic_vector_table_set  gd32e23x_misc.o
    0x080043e0   0x080043e0   0x00000010   Code   RO          784    .text.ob_lock       gd32e23x_fmc.o
    0x080043f0   0x080043f0   0x0000003c   Code   RO          782    .text.ob_unlock     gd32e23x_fmc.o
    0x0800442c   0x0800442c   0x0000018c   Code   RO         1058    .text.rcu_adc_clock_config  gd32e23x_rcu.o
    0x080045b8   0x080045b8   0x000002f8   Code   RO         1096    .text.rcu_clock_freq_get  gd32e23x_rcu.o
    0x080048b0   0x080048b0   0x00000018   Code   RO          392    .text.rcu_config_SPI  bsp_oled.o
    0x080048c8   0x080048c8   0x00000034   Code   RO         1074    .text.rcu_flag_get  gd32e23x_rcu.o
    0x080048fc   0x080048fc   0x00000024   Code   RO         1076    .text.rcu_osci_on   gd32e23x_rcu.o
    0x08004920   0x08004920   0x00000234   Code   RO         1072    .text.rcu_osci_stab_wait  gd32e23x_rcu.o
    0x08004b54   0x08004b54   0x00000024   Code   RO         1032    .text.rcu_periph_clock_enable  gd32e23x_rcu.o
    0x08004b78   0x08004b78   0x00000024   Code   RO         1042    .text.rcu_periph_reset_disable  gd32e23x_rcu.o
    0x08004b9c   0x08004b9c   0x00000028   Code   RO         1040    .text.rcu_periph_reset_enable  gd32e23x_rcu.o
    0x08004bc4   0x08004bc4   0x00000048   Code   RO          394    .text.spi_config    bsp_oled.o
    0x08004c0c   0x08004c0c   0x00000084   Code   RO          396    .text.spi_config_send  bsp_oled.o
    0x08004c90   0x08004c90   0x00000012   Code   RO         1192    .text.spi_enable    gd32e23x_spi.o
    0x08004ca2   0x08004ca2   0x00000002   PAD
    0x08004ca4   0x08004ca4   0x0000004c   Code   RO         1226    .text.spi_i2s_data_transmit  gd32e23x_spi.o
    0x08004cf0   0x08004cf0   0x00000048   Code   RO         1186    .text.spi_i2s_deinit  gd32e23x_spi.o
    0x08004d38   0x08004d38   0x00000080   Code   RO         1268    .text.spi_i2s_flag_get  gd32e23x_spi.o
    0x08004db8   0x08004db8   0x00000138   Code   RO         1190    .text.spi_init      gd32e23x_spi.o
    0x08004ef0   0x08004ef0   0x000001b0   Code   RO          418    .text.spi_send_to_qg2864_init  bsp_oled.o
    0x080050a0   0x080050a0   0x0000002a   Code   RO         1188    .text.spi_struct_para_init  gd32e23x_spi.o
    0x080050ca   0x080050ca   0x00000002   PAD
    0x080050cc   0x080050cc   0x000000e0   Code   RO          263    .text.system_clock_72m_irc8m  system_gd32e23x.o
    0x080051ac   0x080051ac   0x00000008   Code   RO          259    .text.system_clock_config  system_gd32e23x.o
    0x080051b4   0x080051b4   0x00000028   Code   RO          232    .text.systick_config  systick.o
    0x080051dc   0x080051dc   0x00000012   Code   RO         1320    .text.timer_auto_reload_shadow_enable  gd32e23x_timer.o
    0x080051ee   0x080051ee   0x00000002   PAD
    0x080051f0   0x080051f0   0x000002f4   Code   RO         1394    .text.timer_channel_output_config  gd32e23x_timer.o
    0x080054e4   0x080054e4   0x0000009e   Code   RO         1396    .text.timer_channel_output_mode_config  gd32e23x_timer.o
    0x08005582   0x08005582   0x00000002   PAD
    0x08005584   0x08005584   0x00000052   Code   RO         1398    .text.timer_channel_output_pulse_value_config  gd32e23x_timer.o
    0x080055d6   0x080055d6   0x00000002   PAD
    0x080055d8   0x080055d8   0x0000009e   Code   RO         1400    .text.timer_channel_output_shadow_config  gd32e23x_timer.o
    0x08005676   0x08005676   0x00000002   PAD
    0x08005678   0x08005678   0x000000e8   Code   RO         1310    .text.timer_deinit  gd32e23x_timer.o
    0x08005760   0x08005760   0x00000016   Code   RO         1364    .text.timer_dma_enable  gd32e23x_timer.o
    0x08005776   0x08005776   0x00000002   PAD
    0x08005778   0x08005778   0x00000028   Code   RO         1370    .text.timer_dma_transfer_config  gd32e23x_timer.o
    0x080057a0   0x080057a0   0x00000012   Code   RO         1316    .text.timer_enable  gd32e23x_timer.o
    0x080057b2   0x080057b2   0x00000002   PAD
    0x080057b4   0x080057b4   0x000000fc   Code   RO         1314    .text.timer_init    gd32e23x_timer.o
    0x080058b0   0x080058b0   0x00000014   Code   RO         1352    .text.timer_interrupt_enable  gd32e23x_timer.o
    0x080058c4   0x080058c4   0x00000012   Code   RO         1358    .text.timer_interrupt_flag_clear  gd32e23x_timer.o
    0x080058d6   0x080058d6   0x0000003a   Code   RO         1356    .text.timer_interrupt_flag_get  gd32e23x_timer.o
    0x08005910   0x08005910   0x00000030   Code   RO         1386    .text.timer_primary_output_config  gd32e23x_timer.o
    0x08005940   0x08005940   0x00000028   Code   RO         1312    .text.timer_struct_para_init  gd32e23x_timer.o
    0x08005968   0x08005968   0x0000000c   Code   RO          242    .text.u64_systick_get  systick.o
    0x08005974   0x08005974   0x00000038   Code   RO          336    .text.uart_enqueue  hw_api_usart.o
    0x080059ac   0x080059ac   0x000000b0   Code   RO         1465    .text.usart_baudrate_set  gd32e23x_usart.o
    0x08005a5c   0x08005a5c   0x00000010   Code   RO         1501    .text.usart_data_receive  gd32e23x_usart.o
    0x08005a6c   0x08005a6c   0x00000018   Code   RO         1499    .text.usart_data_transmit  gd32e23x_usart.o
    0x08005a84   0x08005a84   0x00000054   Code   RO         1463    .text.usart_deinit  gd32e23x_usart.o
    0x08005ad8   0x08005ad8   0x00000012   Code   RO         1473    .text.usart_enable  gd32e23x_usart.o
    0x08005aea   0x08005aea   0x0000003c   Code   RO         1591    .text.usart_flag_get  gd32e23x_usart.o
    0x08005b26   0x08005b26   0x00000022   Code   RO         1595    .text.usart_interrupt_enable  gd32e23x_usart.o
    0x08005b48   0x08005b48   0x00000040   Code   RO         1603    .text.usart_interrupt_flag_clear  gd32e23x_usart.o
    0x08005b88   0x08005b88   0x00000062   Code   RO         1601    .text.usart_interrupt_flag_get  gd32e23x_usart.o
    0x08005bea   0x08005bea   0x0000002a   Code   RO         1467    .text.usart_parity_config  gd32e23x_usart.o
    0x08005c14   0x08005c14   0x0000001e   Code   RO         1479    .text.usart_receive_config  gd32e23x_usart.o
    0x08005c32   0x08005c32   0x0000002a   Code   RO         1471    .text.usart_stop_bit_set  gd32e23x_usart.o
    0x08005c5c   0x08005c5c   0x0000001e   Code   RO         1477    .text.usart_transmit_config  gd32e23x_usart.o
    0x08005c7a   0x08005c7a   0x0000002a   Code   RO         1469    .text.usart_word_length_set  gd32e23x_usart.o
    0x08005ca4   0x08005ca4   0x00000158   Code   RO          470    .text.ws2812_display_color  bsp_led.o
    0x08005dfc   0x08005dfc   0x00000068   Code   RO          478    .text.ws2812_dma_init  bsp_led.o
    0x08005e64   0x08005e64   0x00000048   Code   RO          474    .text.ws2812_init   bsp_led.o
    0x08005eac   0x08005eac   0x00000036   Code   RO          484    .text.ws2812_rgb_send_array  bsp_led.o
    0x08005ee2   0x08005ee2   0x00000002   PAD
    0x08005ee4   0x08005ee4   0x0000012c   Code   RO          482    .text.ws2812_rgb_set_color_buf  bsp_led.o
    0x08006010   0x08006010   0x0000004e   Code   RO          472    .text.ws2812_set_color  bsp_led.o
    0x0800605e   0x0800605e   0x00000002   PAD
    0x08006060   0x08006060   0x000000a0   Code   RO          476    .text.ws2812_timer_pwm_init  bsp_led.o
    0x08006100   0x08006100   0x00000020   Code   RO         1640    i.__0printf         mc_p.l(printfa.o)
    0x08006120   0x08006120   0x00000028   Code   RO         1642    i.__0sprintf        mc_p.l(printfa.o)
    0x08006148   0x08006148   0x0000002e   Code   RO         1737    i.__ARM_clz         mf_p.l(depilogue.o)
    0x08006176   0x08006176   0x0000000e   Code   RO         1741    i.__scatterload_copy  mc_p.l(handlers.o)
    0x08006184   0x08006184   0x00000002   Code   RO         1742    i.__scatterload_null  mc_p.l(handlers.o)
    0x08006186   0x08006186   0x0000000e   Code   RO         1743    i.__scatterload_zeroinit  mc_p.l(handlers.o)
    0x08006194   0x08006194   0x00000174   Code   RO         1647    i._fp_digits        mc_p.l(printfa.o)
    0x08006308   0x08006308   0x000006ec   Code   RO         1648    i._printf_core      mc_p.l(printfa.o)
    0x080069f4   0x080069f4   0x00000020   Code   RO         1649    i._printf_post_padding  mc_p.l(printfa.o)
    0x08006a14   0x08006a14   0x0000002c   Code   RO         1650    i._printf_pre_padding  mc_p.l(printfa.o)
    0x08006a40   0x08006a40   0x0000000a   Code   RO         1652    i._sputc            mc_p.l(printfa.o)
    0x08006a4a   0x08006a4a   0x00000003   Data   RO          488    .rodata.BLUE        bsp_led.o
    0x08006a4d   0x08006a4d   0x00000003   Data   RO          487    .rodata.GREEN       bsp_led.o
    0x08006a50   0x08006a50   0x00000003   Data   RO          491    .rodata.MAGENTA     bsp_led.o
    0x08006a53   0x08006a53   0x00000003   Data   RO          494    .rodata.OEANGE      bsp_led.o
    0x08006a56   0x08006a56   0x00000003   Data   RO          486    .rodata.RED         bsp_led.o
    0x08006a59   0x08006a59   0x00000003   Data   RO          490    .rodata.SKY         bsp_led.o
    0x08006a5c   0x08006a5c   0x00000003   Data   RO          492    .rodata.WHITE       bsp_led.o
    0x08006a5f   0x08006a5f   0x00000003   Data   RO          489    .rodata.YELLOW      bsp_led.o
    0x08006a62   0x08006a62   0x00000002   PAD
    0x08006a64   0x08006a64   0x0000000c   Data   RO          510    .rodata._t_ac_charge_system_para_default  app_target.o
    0x08006a70   0x08006a70   0x00000009   Data   RO           43    .rodata.str1.1      app.o
    0x08006a79   0x08006a79   0x00000036   Data   RO          160    .rodata.str1.1      app_chargectl.o
    0x08006aaf   0x08006aaf   0x0000002f   Data   RO          426    .rodata.str1.1      bsp_oled.o
    0x08006ade   0x08006ade   0x00000002   PAD
    0x08006ae0   0x08006ae0   0x00000298   Data   RO           98    .rodata.table_thermistor_SDNT1608X103  app_realcheck.o
    0x08006d78   0x08006d78   0x00000020   Data   RO         1740    Region$$Table       anon$$obj.o


    Execution Region RW_IRAM1 (Exec base: 0x20000000, Load base: 0x08006d98, Size: 0x000011c0, Max: 0x00002000, ABSOLUTE, COMPRESSED[0x000002a8])

    Exec Addr    Load Addr    Size         Type   Attr      Idx    E Section Name        Object

    0x20000000   COMPRESSED   0x00000004   Data   RW         1701    .data               mc_p.l(stdout.o)
    0x20000004   COMPRESSED   0x00000004   Data   RW          265    .data.SystemCoreClock  system_gd32e23x.o
    0x20000008   COMPRESSED   0x00000474   Data   RW          424    .data.asc2_1206     bsp_oled.o
    0x2000047c   COMPRESSED   0x00000004   Data   RW          187    .data.earthing_addr_T  app_mainctl.o
    0x20000480        -       0x00000004   Zero   RW          286    .bss.InsBaseNum     timeout.o
    0x20000484        -       0x00000001   Zero   RW          122    .bss.Key_Touch_Handler.key_touch_cnt  key_touch_process.o
    0x20000485   COMPRESSED   0x00000003   PAD
    0x20000488        -       0x00000008   Zero   RW          121    .bss.Key_Touch_Handler.key_touch_time  key_touch_process.o
    0x20000490        -       0x00000480   Zero   RW          425    .bss.OLED_GRAM      bsp_oled.o
    0x20000910        -       0x000001e0   Zero   RW          495    .bss.Pixel_Buf      bsp_led.o
    0x20000af0        -       0x00000001   Zero   RW           41    .bss.TIMER5_IRQHandler.cp_cnt  app.o
    0x20000af1   COMPRESSED   0x00000001   PAD
    0x20000af2        -       0x00000002   Zero   RW           42    .bss.TIMER5_IRQHandler.relay_cnt  app.o
    0x20000af4        -       0x00000001   Zero   RW           40    .bss.TIMER5_IRQHandler.relay_pwm_cnt  app.o
    0x20000af5   COMPRESSED   0x00000003   PAD
    0x20000af8        -       0x00000020   Zero   RW           39    .bss.app_para       app.o
    0x20000b18        -       0x00000008   Zero   RW          249    .bss.delay_temp     systick.o
    0x20000b20        -       0x00000004   Zero   RW          185    .bss.earthing_flashData_T  app_mainctl.o
    0x20000b24        -       0x0000002c   Zero   RW          461    .bss.gs_JbPm        bsp_meter_v9260.o
    0x20000b50        -       0x00000060   Zero   RW          462    .bss.gs_RacCtrl     bsp_meter_v9260.o
    0x20000bb0        -       0x00000001   Zero   RW          169    .bss.s2_cnt         app_chargectl.o
    0x20000bb1        -       0x00000001   Zero   RW          168    .bss.s2_flag        app_chargectl.o
    0x20000bb2        -       0x00000001   Zero   RW          161    .bss.s2_on_flag     app_chargectl.o
    0x20000bb3   COMPRESSED   0x00000005   PAD
    0x20000bb8        -       0x00000008   Zero   RW          248    .bss.s64_system_ticks  systick.o
    0x20000bc0        -       0x00000063   Zero   RW          157    .bss.s_ac_charge_info  app_chargectl.o
    0x20000c23        -       0x00000001   Zero   RW          162    .bss.s_charge_end_flag  app_chargectl.o
    0x20000c24        -       0x00000001   Zero   RW          163    .bss.s_check_err_nub  app_chargectl.o
    0x20000c25        -       0x00000001   Zero   RW          164    .bss.s_cp_6v_start_flag  app_chargectl.o
    0x20000c26   COMPRESSED   0x00000002   PAD
    0x20000c28        -       0x00000008   Zero   RW          165    .bss.s_cp_6v_start_ms  app_chargectl.o
    0x20000c30        -       0x00000008   Zero   RW          171    .bss.s_cp_value_fault_start_ms  app_chargectl.o
    0x20000c38        -       0x00000001   Zero   RW          170    .bss.s_cp_value_flag  app_chargectl.o
    0x20000c39        -       0x00000001   Zero   RW          189    .bss.s_earthing_count  app_mainctl.o
    0x20000c3a   COMPRESSED   0x00000006   PAD
    0x20000c40        -       0x00000008   Zero   RW          190    .bss.s_earthing_cp_connect_time  app_mainctl.o
    0x20000c48        -       0x00000030   Zero   RW           86    .bss.s_input_io_simulation_value  app_realcheck.o
    0x20000c78        -       0x00000001   Zero   RW          186    .bss.s_main_init    app_mainctl.o
    0x20000c79        -       0x00000001   Zero   RW          159    .bss.s_oled_max_curr  app_chargectl.o
    0x20000c7a        -       0x00000080   Zero   RW          341    .bss.s_rx_buff0     hw_api_usart.o
    0x20000cfa        -       0x00000080   Zero   RW          342    .bss.s_rx_buff1     hw_api_usart.o
    0x20000d7a        -       0x00000001   Zero   RW          166    .bss.s_send_pwm_again_flag  app_chargectl.o
    0x20000d7b        -       0x00000001   Zero   RW          188    .bss.s_start_earthing  app_mainctl.o
    0x20000d7c        -       0x00000020   Zero   RW          340    .bss.s_uart_rcv_buff  hw_api_usart.o
    0x20000d9c        -       0x00000010   Zero   RW          460    .bss.s_v9260s_info  bsp_meter_v9260.o
    0x20000dac        -       0x0000000c   Zero   RW          158    .bss.t_ac_charge_system_para  app_chargectl.o
    0x20000db8        -       0x00000004   Zero   RW          167    .bss.total_kwh_old  app_chargectl.o
    0x20000dbc   COMPRESSED   0x00000004   PAD
    0x20000dc0        -       0x00000400   Zero   RW           10    STACK               startup_gd32e23x.o


==============================================================================

Image component sizes


      Code (inc. data)   RO Data    RW Data    ZI Data      Debug   Object Name

       516         28          9          0         36       1738   app.o
      3740        196         54          0        140       7437   app_chargectl.o
       412          0          0          0          0       1619   app_common.o
       292         28          0          4         15       3153   app_mainctl.o
        46          0          0          0          0        509   app_meter.o
       514         32        664          0         48       6367   app_realcheck.o
        36          4         12          0          0       1389   app_target.o
      1152         56         24          0        480       4147   bsp_led.o
      1250         48          0          0        156       4825   bsp_meter_v9260.o
      1672         64         47       1140       1152       5516   bsp_oled.o
      1662         88          0          0          0       6912   drv_common.o
      1128         48          0          0          0       7637   gd32e23x_adc.o
       832         24          0          0          0       5505   gd32e23x_dma.o
       494         40          0          0          0       6458   gd32e23x_fmc.o
       248         36          0          0          0       2493   gd32e23x_fwdgt.o
       582          0          0          0          0       4172   gd32e23x_gpio.o
        60          0          0          0          0        976   gd32e23x_it.o
       266         20          0          0          0       3846   gd32e23x_misc.o
      1920         76          0          0          0      11271   gd32e23x_rcu.o
       648         16          0          0          0       9014   gd32e23x_spi.o
      1920         80          0          0          0      16835   gd32e23x_timer.o
       760         28          0          0          0      13584   gd32e23x_usart.o
       634         36          0          0        288       4391   hw_api_usart.o
       156         12          0          0          9       1482   key_touch_process.o
        20          0          0          0          0        356   main.o
        28          8        204          0       1024        660   startup_gd32e23x.o
       484         56          0          4          0       1854   system_gd32e23x.o
       362         28          0          0         16       3355   systick.o
        98          4          0          0          4       1290   timeout.o
       378         28          0          0          0       3410   user_cfg.o

    ----------------------------------------------------------------------
     22348       1084       1050       1148       3392     142201   Object Totals
         0          0         32          0          0          0   (incl. Generated)
        38          0          4          0         24          0   (incl. Padding)

    ----------------------------------------------------------------------

      Code (inc. data)   RO Data    RW Data    ZI Data      Debug   Library Member Name

        86          0          0          0          0          0   __dczerorl2.o
         0          0          0          0          0          0   entry.o
         0          0          0          0          0          0   entry10a.o
         0          0          0          0          0          0   entry11a.o
         8          4          0          0          0          0   entry2.o
         4          0          0          0          0          0   entry5.o
         0          0          0          0          0          0   entry7b.o
         0          0          0          0          0          0   entry8b.o
         8          4          0          0          0          0   entry9a.o
        30          0          0          0          0          0   handlers.o
        36          8          0          0          0         68   init.o
         0          0          0          0          0          0   iusefp.o
        48          0          0          0          0         72   llmul.o
        32          0          0          0          0         68   llshl.o
        38          0          0          0          0         68   llsshr.o
        34          0          0          0          0         68   llushr.o
      2302        102          0          0          0        556   printfa.o
         0          0          0          4          0          0   stdout.o
        62          0          0          0          0         72   uidiv_div0.o
        96          0          0          0          0         84   uldiv.o
        40          2          0          0          0         68   cdrcmple.o
       356          4          0          0          0        140   dadd.o
        44          0          0          0          0         68   dcmpge.o
       240          6          0          0          0         84   ddiv.o
       236          0          0          0          0        216   depilogue.o
        64         10          0          0          0         68   dfixul.o
       208          6          0          0          0         88   dmul.o
        40          0          0          0          0         60   f2d.o
       178          0          0          0          0        108   fadd.o
        28          0          0          0          0         60   fcmpgt.o
        28          0          0          0          0         60   fcmplt.o
       124          0          0          0          0         72   fdiv.o
       130          0          0          0          0        144   fepilogue.o
        22          0          0          0          0         68   fflti.o
        14          0          0          0          0         68   ffltui.o
       122          0          0          0          0         72   fmul.o

    ----------------------------------------------------------------------
      4658        146          0          4          0       2500   Library Totals
         0          0          0          0          0          0   (incl. Padding)

    ----------------------------------------------------------------------

      Code (inc. data)   RO Data    RW Data    ZI Data      Debug   Library Name

      2784        118          0          4          0       1056   mc_p.l
      1874         28          0          0          0       1444   mf_p.l

    ----------------------------------------------------------------------
      4658        146          0          4          0       2500   Library Totals

    ----------------------------------------------------------------------

==============================================================================


      Code (inc. data)   RO Data    RW Data    ZI Data      Debug   

     27006       1230       1050       1152       3392     143125   Grand Totals
     27006       1230       1050        680       3392     143125   ELF Image Totals (compressed)
     27006       1230       1050        680          0          0   ROM Totals

==============================================================================

    Total RO  Size (Code + RO Data)                28056 (  27.40kB)
    Total RW  Size (RW Data + ZI Data)              4544 (   4.44kB)
    Total ROM Size (Code + RO Data + RW Data)      28736 (  28.06kB)

==============================================================================

